#############################################################
#################### ERRORS AND WARNINGS ####################
#############################################################

 ** WARNING ** EPW Solar hour adjustment for the month of Jan: 55 [min] and N13 (GHR) shift: 0 [h].
 ** WARNING ** EPW Solar hour adjustment for the month of Feb: 63 [min] and N13 (GHR) shift: 0 [h].
 ** WARNING ** EPW Solar hour adjustment for the month of Mar: 57 [min] and N13 (GHR) shift: 0 [h].
 ** WARNING ** EPW Solar hour adjustment for the month of Apr: 57 [min] and N13 (GHR) shift: 0 [h].
 ** WARNING ** EPW Solar hour adjustment for the month of May: 56 [min] and N13 (GHR) shift: 0 [h].
 ** WARNING ** EPW Solar hour adjustment for the month of Jun: 55 [min] and N13 (GHR) shift: 0 [h].
 ** WARNING ** EPW Solar hour adjustment for the month of Jul: 57 [min] and N13 (GHR) shift: 0 [h].
 ** WARNING ** EPW Solar hour adjustment for the month of Aug: 58 [min] and N13 (GHR) shift: 0 [h].
 ** WARNING ** EPW Solar hour adjustment for the month of Sep: 57 [min] and N13 (GHR) shift: 0 [h].
 ** WARNING ** EPW Solar hour adjustment for the month of Oct: 59 [min] and N13 (GHR) shift: 0 [h].
 ** WARNING ** EPW Solar hour adjustment for the month of Nov: 58 [min] and N13 (GHR) shift: 0 [h].
 ** WARNING ** EPW Solar hour adjustment for the month of Dec: 54 [min] and N13 (GHR) shift: 0 [h].

 ** WARNING ** EPW N17_direct_normal_illuminance < 0 lux [corrected]: month 1, day 1, hour 16, value -14.89031 
 ** WARNING ** EPW N17_direct_normal_illuminance < 0 lux [corrected]: month 1, day 2, hour 9, value -67.40335 
 ** WARNING ** EPW N17_direct_normal_illuminance < 0 lux [corrected]: month 1, day 2, hour 10, value -3.9150486 
 ** WARNING ** EPW N17_direct_normal_illuminance < 0 lux [corrected]: month 1, day 2, hour 16, value -172.28624 
 ** WARNING ** EPW N17_direct_normal_illuminance < 0 lux [corrected]: month 1, day 3, hour 9, value -79.79574 
 ** WARNING ** EPW N17_direct_normal_illuminance < 0 lux [corrected]: month 1, day 3, hour 16, value -194.96167 
 ** WARNING ** EPW N17_direct_normal_illuminance < 0 lux [corrected]: month 1, day 5, hour 9, value -11.789445 
 ** WARNING ** EPW N17_direct_normal_illuminance < 0 lux [corrected]: month 1, day 6, hour 15, value -0.74921274 
 ** WARNING ** EPW N17_direct_normal_illuminance < 0 lux [corrected]: month 1, day 8, hour 9, value -89.381134 
 ** WARNING ** EPW N17_direct_normal_illuminance < 0 lux [corrected]: month 1, day 8, hour 10, value -1.4555503 
 ** WARNING ** EPW N17_direct_normal_illuminance < 0 lux [corrected]: month 1, day 8, hour 15, value -0.61773 
 ** WARNING ** EPW N17_direct_normal_illuminance < 0 lux [corrected]: month 1, day 8, hour 16, value -27.267885 
 ** WARNING ** EPW N17_direct_normal_illuminance < 0 lux [corrected]: month 1, day 9, hour 9, value -91.18441 
 ** WARNING ** EPW N17_direct_normal_illuminance < 0 lux [corrected]: month 1, day 10, hour 9, value -83.0522 
 ** WARNING ** EPW N17_direct_normal_illuminance < 0 lux [corrected]: month 1, day 10, hour 16, value -222.7488 
 ** WARNING ** EPW N17_direct_normal_illuminance < 0 lux [corrected]: month 1, day 11, hour 9, value -84.56231 
 ** WARNING ** EPW N17_direct_normal_illuminance < 0 lux [corrected]: month 1, day 12, hour 9, value -98.665855 
 ** WARNING ** EPW N17_direct_normal_illuminance < 0 lux [corrected]: month 1, day 17, hour 9, value -91.950714 
 ** WARNING ** EPW N17_direct_normal_illuminance < 0 lux [corrected]: month 1, day 17, hour 16, value -16.090733 
 ** WARNING ** EPW N17_direct_normal_illuminance < 0 lux [corrected]: month 1, day 18, hour 9, value -14.266821 
 ** WARNING ** EPW N17_direct_normal_illuminance < 0 lux [corrected]: month 1, day 18, hour 16, value -150.2034 
 ** WARNING ** EPW N17_direct_normal_illuminance < 0 lux [corrected]: month 1, day 18, hour 17, value -0.0045541762 
 ** WARNING ** EPW N17_direct_normal_illuminance < 0 lux [corrected]: month 1, day 19, hour 17, value -1.0213537 
 ** WARNING ** EPW N17_direct_normal_illuminance < 0 lux [corrected]: month 1, day 20, hour 9, value -12.00409 
 ** WARNING ** EPW N17_direct_normal_illuminance < 0 lux [corrected]: month 1, day 20, hour 16, value -123.02442 
 ** WARNING ** EPW N17_direct_normal_illuminance < 0 lux [corrected]: month 1, day 20, hour 17, value -0.037872713 
 ** WARNING ** EPW N17_direct_normal_illuminance < 0 lux [corrected]: month 1, day 21, hour 17, value -0.97570163 
 ** WARNING ** EPW N17_direct_normal_illuminance < 0 lux [corrected]: month 1, day 22, hour 9, value -193.23155 
 ** WARNING ** EPW N17_direct_normal_illuminance < 0 lux [corrected]: month 1, day 22, hour 16, value -13.603653 
 ** WARNING ** EPW N17_direct_normal_illuminance < 0 lux [corrected]: month 1, day 22, hour 17, value -0.35863194 
 ** WARNING ** EPW N17_direct_normal_illuminance < 0 lux [corrected]: month 1, day 23, hour 9, value -71.861725 
 ** WARNING ** EPW N17_direct_normal_illuminance < 0 lux [corrected]: month 1, day 23, hour 16, value -59.33753 
 ** WARNING ** EPW N17_direct_normal_illuminance < 0 lux [corrected]: month 1, day 23, hour 17, value -1.627587 
 ** WARNING ** EPW N17_direct_normal_illuminance < 0 lux [corrected]: month 1, day 24, hour 9, value -68.03801 
 ** WARNING ** EPW N17_direct_normal_illuminance < 0 lux [corrected]: month 1, day 24, hour 16, value -37.330055 
 ** WARNING ** EPW N17_direct_normal_illuminance < 0 lux [corrected]: month 1, day 24, hour 17, value -0.16498345 
 ** WARNING ** EPW N17_direct_normal_illuminance < 0 lux [corrected]: month 1, day 25, hour 9, value -8.738683 
 ** WARNING ** EPW N17_direct_normal_illuminance < 0 lux [corrected]: month 1, day 25, hour 16, value -9.622925 
 ** WARNING ** EPW N17_direct_normal_illuminance < 0 lux [corrected]: month 1, day 25, hour 17, value -0.24864928 
 ** WARNING ** EPW N17_direct_normal_illuminance < 0 lux [corrected]: month 1, day 26, hour 9, value -9.583764 
 ** WARNING ** EPW N17_direct_normal_illuminance < 0 lux [corrected]: month 1, day 26, hour 16, value -8.584294 
 ** WARNING ** EPW N17_direct_normal_illuminance < 0 lux [corrected]: month 1, day 26, hour 17, value -0.3589518 
 ** WARNING ** EPW N17_direct_normal_illuminance < 0 lux [corrected]: month 1, day 27, hour 9, value -8.706597 
 ** WARNING ** EPW N17_direct_normal_illuminance < 0 lux [corrected]: month 1, day 27, hour 17, value -9.880174 
 ** WARNING ** EPW N17_direct_normal_illuminance < 0 lux [corrected]: month 1, day 28, hour 9, value -8.968203 
 ** WARNING ** EPW N17_direct_normal_illuminance < 0 lux [corrected]: month 1, day 28, hour 16, value -6.367597 
 ** WARNING ** EPW N17_direct_normal_illuminance < 0 lux [corrected]: month 1, day 28, hour 17, value -1.4086436 
 ** WARNING ** EPW N17_direct_normal_illuminance < 0 lux [corrected]: month 1, day 29, hour 9, value -7.974763 
 ** WARNING ** EPW N17_direct_normal_illuminance < 0 lux [corrected]: month 1, day 29, hour 16, value -5.3319163 
 ** WARNING ** EPW N17_direct_normal_illuminance < 0 lux [corrected]: month 1, day 29, hour 17, value -1.4396981 
 ** WARNING ** EPW N17_direct_normal_illuminance < 0 lux [corrected]: month 1, day 30, hour 9, value -8.729175 
 ** WARNING ** EPW N17_direct_normal_illuminance < 0 lux [corrected]: month 1, day 30, hour 16, value -4.1584606 
 ** WARNING ** EPW N17_direct_normal_illuminance < 0 lux [corrected]: month 1, day 30, hour 17, value -1.8212274 
 ** WARNING ** EPW N17_direct_normal_illuminance < 0 lux [corrected]: month 1, day 31, hour 9, value -8.131042 
 ** WARNING ** EPW N17_direct_normal_illuminance < 0 lux [corrected]: month 1, day 31, hour 17, value -49.082462 
 ** WARNING ** EPW N17_direct_normal_illuminance < 0 lux [corrected]: month 2, day 1, hour 9, value -11.735048 
 ** WARNING ** EPW N17_direct_normal_illuminance < 0 lux [corrected]: month 2, day 1, hour 16, value -0.9377223 
 ** WARNING ** EPW N17_direct_normal_illuminance < 0 lux [corrected]: month 2, day 1, hour 17, value -25.51834 
 ** WARNING ** EPW N17_direct_normal_illuminance < 0 lux [corrected]: month 2, day 2, hour 8, value -0.014041597 
 ** WARNING ** EPW N17_direct_normal_illuminance < 0 lux [corrected]: month 2, day 2, hour 9, value -79.66438 
 ** WARNING ** EPW N17_direct_normal_illuminance < 0 lux [corrected]: month 2, day 3, hour 8, value -0.0014828705 
 ** WARNING ** EPW N17_direct_normal_illuminance < 0 lux [corrected]: month 2, day 3, hour 9, value -11.289601 
 ** WARNING ** EPW N17_direct_normal_illuminance < 0 lux [corrected]: month 2, day 3, hour 17, value -47.268448 
 ** WARNING ** EPW N17_direct_normal_illuminance < 0 lux [corrected]: month 2, day 4, hour 8, value -0.051110122 
 ** WARNING ** EPW N17_direct_normal_illuminance < 0 lux [corrected]: month 2, day 4, hour 9, value -73.36617 
 ** WARNING ** EPW N17_direct_normal_illuminance < 0 lux [corrected]: month 2, day 4, hour 17, value -40.4798 
 ** WARNING ** EPW N17_direct_normal_illuminance < 0 lux [corrected]: month 2, day 5, hour 8, value -2.2834764 
 ** WARNING ** EPW N17_direct_normal_illuminance < 0 lux [corrected]: month 2, day 6, hour 8, value -1.7795769 
 ** WARNING ** EPW N17_direct_normal_illuminance < 0 lux [corrected]: month 2, day 6, hour 17, value -58.565964 
 ** WARNING ** EPW N17_direct_normal_illuminance < 0 lux [corrected]: month 2, day 7, hour 8, value -6.6653533 
 ** WARNING ** EPW N17_direct_normal_illuminance < 0 lux [corrected]: month 2, day 8, hour 8, value -17.455969 
 ** WARNING ** EPW N17_direct_normal_illuminance < 0 lux [corrected]: month 2, day 8, hour 17, value -76.21098 
 ** WARNING ** EPW N17_direct_normal_illuminance < 0 lux [corrected]: month 2, day 9, hour 8, value -27.969662 
 ** WARNING ** EPW N17_direct_normal_illuminance < 0 lux [corrected]: month 2, day 9, hour 17, value -68.84652 
 ** WARNING ** EPW N17_direct_normal_illuminance < 0 lux [corrected]: month 2, day 10, hour 8, value -51.36519 
 ** WARNING ** EPW N17_direct_normal_illuminance < 0 lux [corrected]: month 2, day 11, hour 8, value -0.5800769 
 ** WARNING ** EPW N17_direct_normal_illuminance < 0 lux [corrected]: month 2, day 11, hour 9, value -5.3308096 
 ** WARNING ** EPW N17_direct_normal_illuminance < 0 lux [corrected]: month 2, day 11, hour 17, value -26.932167 
 ** WARNING ** EPW N17_direct_normal_illuminance < 0 lux [corrected]: month 2, day 12, hour 8, value -118.75963 
 ** WARNING ** EPW N17_direct_normal_illuminance < 0 lux [corrected]: month 2, day 13, hour 8, value -0.87890387 
 ** WARNING ** EPW N17_direct_normal_illuminance < 0 lux [corrected]: month 2, day 14, hour 8, value -1.0290257 
 ** WARNING ** EPW N17_direct_normal_illuminance < 0 lux [corrected]: month 2, day 14, hour 17, value -99.818954 
 ** WARNING ** EPW N17_direct_normal_illuminance < 0 lux [corrected]: month 2, day 15, hour 8, value -17.204144 
 ** WARNING ** EPW N17_direct_normal_illuminance < 0 lux [corrected]: month 2, day 15, hour 17, value -7.7866797 
 ** WARNING ** EPW N17_direct_normal_illuminance < 0 lux [corrected]: month 2, day 16, hour 8, value -26.022333 
 ** WARNING ** EPW N17_direct_normal_illuminance < 0 lux [corrected]: month 2, day 16, hour 17, value -6.9289374 
 ** WARNING ** EPW N17_direct_normal_illuminance < 0 lux [corrected]: month 2, day 17, hour 8, value -2.6429765 
 ** WARNING ** EPW N17_direct_normal_illuminance < 0 lux [corrected]: month 2, day 17, hour 17, value -37.309814 
 ** WARNING ** EPW N17_direct_normal_illuminance < 0 lux [corrected]: month 2, day 17, hour 18, value -0.0013781328 
 ** WARNING ** EPW N17_direct_normal_illuminance < 0 lux [corrected]: month 2, day 18, hour 8, value -4.7614784 
 ** WARNING ** EPW N17_direct_normal_illuminance < 0 lux [corrected]: month 2, day 18, hour 17, value -28.510107 
 ** WARNING ** EPW N17_direct_normal_illuminance < 0 lux [corrected]: month 2, day 18, hour 18, value -0.0044964002 
 ** WARNING ** EPW N17_direct_normal_illuminance < 0 lux [corrected]: month 2, day 19, hour 18, value -0.0699708 
 ** WARNING ** EPW N17_direct_normal_illuminance < 0 lux [corrected]: month 2, day 20, hour 8, value -5.004201 
 ** WARNING ** EPW N17_direct_normal_illuminance < 0 lux [corrected]: month 2, day 20, hour 18, value -0.44304904 
 ** WARNING ** EPW N17_direct_normal_illuminance < 0 lux [corrected]: month 2, day 21, hour 8, value -59.824986 
 ** WARNING ** EPW N17_direct_normal_illuminance < 0 lux [corrected]: month 2, day 21, hour 18, value -1.7680821 
 ** WARNING ** EPW N17_direct_normal_illuminance < 0 lux [corrected]: month 2, day 22, hour 8, value -7.7417574 
 ** WARNING ** EPW N17_direct_normal_illuminance < 0 lux [corrected]: month 2, day 22, hour 17, value -3.9799528 
 ** WARNING ** EPW N17_direct_normal_illuminance < 0 lux [corrected]: month 2, day 22, hour 18, value -0.07106485 
 ** WARNING ** EPW N17_direct_normal_illuminance < 0 lux [corrected]: month 2, day 23, hour 8, value -7.881355 
 ** WARNING ** EPW N17_direct_normal_illuminance < 0 lux [corrected]: month 2, day 23, hour 17, value -3.4757833 
 ** WARNING ** EPW N17_direct_normal_illuminance < 0 lux [corrected]: month 2, day 23, hour 18, value -0.08285348 
 ** WARNING ** EPW N17_direct_normal_illuminance < 0 lux [corrected]: month 2, day 24, hour 8, value -10.971872 
 ** WARNING ** EPW N17_direct_normal_illuminance < 0 lux [corrected]: month 2, day 24, hour 17, value -2.6928189 
 ** WARNING ** EPW N17_direct_normal_illuminance < 0 lux [corrected]: month 2, day 24, hour 18, value -0.11988134 
 ** WARNING ** EPW N17_direct_normal_illuminance < 0 lux [corrected]: month 2, day 25, hour 8, value -10.53878 
 ** WARNING ** EPW N17_direct_normal_illuminance < 0 lux [corrected]: month 2, day 25, hour 17, value -2.3561504 
 ** WARNING ** EPW N17_direct_normal_illuminance < 0 lux [corrected]: month 2, day 25, hour 18, value -0.1677839 
 ** WARNING ** EPW N17_direct_normal_illuminance < 0 lux [corrected]: month 2, day 26, hour 8, value -88.18071 
 ** WARNING ** EPW N17_direct_normal_illuminance < 0 lux [corrected]: month 2, day 26, hour 17, value -2.1924963 
 ** WARNING ** EPW N17_direct_normal_illuminance < 0 lux [corrected]: month 2, day 26, hour 18, value -3.0015316 
 ** WARNING ** EPW N17_direct_normal_illuminance < 0 lux [corrected]: month 2, day 27, hour 8, value -85.6754 
 ** WARNING ** EPW N17_direct_normal_illuminance < 0 lux [corrected]: month 2, day 27, hour 18, value -3.3788905 
 ** WARNING ** EPW N17_direct_normal_illuminance < 0 lux [corrected]: month 2, day 28, hour 8, value -10.629655 
 ** WARNING ** EPW N17_direct_normal_illuminance < 0 lux [corrected]: month 2, day 28, hour 18, value -5.355885 
 ** WARNING ** EPW N17_direct_normal_illuminance < 0 lux [corrected]: month 3, day 1, hour 18, value -33.05654 
 ** WARNING ** EPW N17_direct_normal_illuminance < 0 lux [corrected]: month 3, day 2, hour 7, value -5.396933E-4 
 ** WARNING ** EPW N17_direct_normal_illuminance < 0 lux [corrected]: month 3, day 2, hour 18, value -12.215526 
 ** WARNING ** EPW N17_direct_normal_illuminance < 0 lux [corrected]: month 3, day 3, hour 8, value -7.5196295 
 ** WARNING ** EPW N17_direct_normal_illuminance < 0 lux [corrected]: month 3, day 3, hour 18, value -146.28958 
 ** WARNING ** EPW N17_direct_normal_illuminance < 0 lux [corrected]: month 3, day 4, hour 7, value -0.0039420445 
 ** WARNING ** EPW N17_direct_normal_illuminance < 0 lux [corrected]: month 3, day 4, hour 8, value -14.781253 
 ** WARNING ** EPW N17_direct_normal_illuminance < 0 lux [corrected]: month 3, day 5, hour 7, value -0.05609678 
 ** WARNING ** EPW N17_direct_normal_illuminance < 0 lux [corrected]: month 3, day 5, hour 18, value -2.9235005 
 ** WARNING ** EPW N17_direct_normal_illuminance < 0 lux [corrected]: month 3, day 6, hour 7, value -0.097995296 
 ** WARNING ** EPW N17_direct_normal_illuminance < 0 lux [corrected]: month 3, day 6, hour 18, value -3.367397 
 ** WARNING ** EPW N17_direct_normal_illuminance < 0 lux [corrected]: month 3, day 7, hour 7, value -1.6106544 
 ** WARNING ** EPW N17_direct_normal_illuminance < 0 lux [corrected]: month 3, day 7, hour 18, value -32.16569 
 ** WARNING ** EPW N17_direct_normal_illuminance < 0 lux [corrected]: month 3, day 8, hour 7, value -0.082455106 
 ** WARNING ** EPW N17_direct_normal_illuminance < 0 lux [corrected]: month 3, day 8, hour 18, value -3.4520664 
 ** WARNING ** EPW N17_direct_normal_illuminance < 0 lux [corrected]: month 3, day 9, hour 7, value -0.92604905 
 ** WARNING ** EPW N17_direct_normal_illuminance < 0 lux [corrected]: month 3, day 9, hour 18, value -152.20274 
 ** WARNING ** EPW N17_direct_normal_illuminance < 0 lux [corrected]: month 3, day 10, hour 7, value -0.47580448 
 ** WARNING ** EPW N17_direct_normal_illuminance < 0 lux [corrected]: month 3, day 10, hour 18, value -166.7088 
 ** WARNING ** EPW N17_direct_normal_illuminance < 0 lux [corrected]: month 3, day 11, hour 7, value -2.8284636 
 ** WARNING ** EPW N17_direct_normal_illuminance < 0 lux [corrected]: month 3, day 11, hour 18, value -53.765438 
 ** WARNING ** EPW N17_direct_normal_illuminance < 0 lux [corrected]: month 3, day 12, hour 7, value -5.174895 
 ** WARNING ** EPW N17_direct_normal_illuminance < 0 lux [corrected]: month 3, day 12, hour 18, value -5.8391786 
 ** WARNING ** EPW N17_direct_normal_illuminance < 0 lux [corrected]: month 3, day 13, hour 7, value -8.294112 
 ** WARNING ** EPW N17_direct_normal_illuminance < 0 lux [corrected]: month 3, day 13, hour 18, value -8.223678 
 ** WARNING ** EPW N17_direct_normal_illuminance < 0 lux [corrected]: month 3, day 14, hour 7, value -1.9925336 
 ** WARNING ** EPW N17_direct_normal_illuminance < 0 lux [corrected]: month 3, day 14, hour 18, value -8.661408 
 ** WARNING ** EPW N17_direct_normal_illuminance < 0 lux [corrected]: month 3, day 15, hour 7, value -2.1388342 
 ** WARNING ** EPW N17_direct_normal_illuminance < 0 lux [corrected]: month 3, day 16, hour 7, value -17.56342 
 ** WARNING ** EPW N17_direct_normal_illuminance < 0 lux [corrected]: month 3, day 16, hour 18, value -71.90099 
 ** WARNING ** EPW N17_direct_normal_illuminance < 0 lux [corrected]: month 3, day 17, hour 7, value -2.5422544 
 ** WARNING ** EPW N17_direct_normal_illuminance < 0 lux [corrected]: month 3, day 17, hour 18, value -10.144297 
 ** WARNING ** EPW N17_direct_normal_illuminance < 0 lux [corrected]: month 3, day 18, hour 7, value -25.646217 
 ** WARNING ** EPW N17_direct_normal_illuminance < 0 lux [corrected]: month 3, day 18, hour 18, value -11.279037 
 ** WARNING ** EPW N17_direct_normal_illuminance < 0 lux [corrected]: month 3, day 19, hour 7, value -4.8421016 
 ** WARNING ** EPW N17_direct_normal_illuminance < 0 lux [corrected]: month 3, day 19, hour 18, value -10.127582 
 ** WARNING ** EPW N17_direct_normal_illuminance < 0 lux [corrected]: month 3, day 20, hour 7, value -39.69447 
 ** WARNING ** EPW N17_direct_normal_illuminance < 0 lux [corrected]: month 3, day 20, hour 18, value -10.753078 
 ** WARNING ** EPW N17_direct_normal_illuminance < 0 lux [corrected]: month 3, day 21, hour 7, value -104.65432 
 ** WARNING ** EPW N17_direct_normal_illuminance < 0 lux [corrected]: month 3, day 22, hour 7, value -46.256783 
 ** WARNING ** EPW N17_direct_normal_illuminance < 0 lux [corrected]: month 3, day 22, hour 18, value -68.03041 
 ** WARNING ** EPW N17_direct_normal_illuminance < 0 lux [corrected]: month 3, day 23, hour 18, value -57.309227 
 ** WARNING ** EPW N17_direct_normal_illuminance < 0 lux [corrected]: month 3, day 24, hour 7, value -7.0889697 
 ** WARNING ** EPW N17_direct_normal_illuminance < 0 lux [corrected]: month 3, day 24, hour 18, value -45.846855 
 ** WARNING ** EPW N17_direct_normal_illuminance < 0 lux [corrected]: month 3, day 25, hour 7, value -90.62411 
 ** WARNING ** EPW N17_direct_normal_illuminance < 0 lux [corrected]: month 3, day 25, hour 19, value -0.0019963696 
 ** WARNING ** EPW N17_direct_normal_illuminance < 0 lux [corrected]: month 3, day 26, hour 7, value -126.13732 
 ** WARNING ** EPW N17_direct_normal_illuminance < 0 lux [corrected]: month 3, day 26, hour 19, value -0.0792894 
 ** WARNING ** EPW N17_direct_normal_illuminance < 0 lux [corrected]: month 3, day 27, hour 7, value -55.68296 
 ** WARNING ** EPW N17_direct_normal_illuminance < 0 lux [corrected]: month 3, day 27, hour 19, value -0.07052815 
 ** WARNING ** EPW N17_direct_normal_illuminance < 0 lux [corrected]: month 3, day 28, hour 7, value -5.7522926 
 ** WARNING ** EPW N17_direct_normal_illuminance < 0 lux [corrected]: month 3, day 28, hour 18, value -6.1321917 
 ** WARNING ** EPW N17_direct_normal_illuminance < 0 lux [corrected]: month 3, day 28, hour 19, value -0.025258224 
 ** WARNING ** EPW N17_direct_normal_illuminance < 0 lux [corrected]: month 3, day 29, hour 7, value -5.5248303 
 ** WARNING ** EPW N17_direct_normal_illuminance < 0 lux [corrected]: month 3, day 29, hour 18, value -5.6212363 
 ** WARNING ** EPW N17_direct_normal_illuminance < 0 lux [corrected]: month 3, day 29, hour 19, value -0.0054230713 
 ** WARNING ** EPW N17_direct_normal_illuminance < 0 lux [corrected]: month 3, day 30, hour 7, value -5.2684436 
 ** WARNING ** EPW N17_direct_normal_illuminance < 0 lux [corrected]: month 3, day 30, hour 19, value -2.902503 
 ** WARNING ** EPW N17_direct_normal_illuminance < 0 lux [corrected]: month 3, day 31, hour 7, value -4.7912283 
 ** WARNING ** EPW N17_direct_normal_illuminance < 0 lux [corrected]: month 3, day 31, hour 19, value -1.3112452 
 ** WARNING ** EPW N17_direct_normal_illuminance < 0 lux [corrected]: month 4, day 1, hour 6, value -0.26546568 
 ** WARNING ** EPW N17_direct_normal_illuminance < 0 lux [corrected]: month 4, day 1, hour 18, value -3.2846081 
 ** WARNING ** EPW N17_direct_normal_illuminance < 0 lux [corrected]: month 4, day 1, hour 19, value -0.031602886 
 ** WARNING ** EPW N17_direct_normal_illuminance < 0 lux [corrected]: month 4, day 2, hour 6, value -0.027502457 
 ** WARNING ** EPW N17_direct_normal_illuminance < 0 lux [corrected]: month 4, day 2, hour 19, value -1.3534265 
 ** WARNING ** EPW N17_direct_normal_illuminance < 0 lux [corrected]: month 4, day 3, hour 6, value -1.7453507 
 ** WARNING ** EPW N17_direct_normal_illuminance < 0 lux [corrected]: month 4, day 3, hour 19, value -30.050207 
 ** WARNING ** EPW N17_direct_normal_illuminance < 0 lux [corrected]: month 4, day 4, hour 6, value -0.096522585 
 ** WARNING ** EPW N17_direct_normal_illuminance < 0 lux [corrected]: month 4, day 4, hour 19, value -1.6948253 
 ** WARNING ** EPW N17_direct_normal_illuminance < 0 lux [corrected]: month 4, day 5, hour 6, value -0.13277006 
 ** WARNING ** EPW N17_direct_normal_illuminance < 0 lux [corrected]: month 4, day 5, hour 7, value -1.0514557 
 ** WARNING ** EPW N17_direct_normal_illuminance < 0 lux [corrected]: month 4, day 5, hour 19, value -3.9584084 
 ** WARNING ** EPW N17_direct_normal_illuminance < 0 lux [corrected]: month 4, day 6, hour 6, value -0.17387785 
 ** WARNING ** EPW N17_direct_normal_illuminance < 0 lux [corrected]: month 4, day 6, hour 7, value -0.22659734 
 ** WARNING ** EPW N17_direct_normal_illuminance < 0 lux [corrected]: month 4, day 6, hour 19, value -49.523083 
 ** WARNING ** EPW N17_direct_normal_illuminance < 0 lux [corrected]: month 4, day 7, hour 6, value -0.6278106 
 ** WARNING ** EPW N17_direct_normal_illuminance < 0 lux [corrected]: month 4, day 7, hour 19, value -7.1617208 
 ** WARNING ** EPW N17_direct_normal_illuminance < 0 lux [corrected]: month 4, day 8, hour 6, value -5.486929 
 ** WARNING ** EPW N17_direct_normal_illuminance < 0 lux [corrected]: month 4, day 8, hour 19, value -7.954047 
 ** WARNING ** EPW N17_direct_normal_illuminance < 0 lux [corrected]: month 4, day 9, hour 6, value -0.99086803 
 ** WARNING ** EPW N17_direct_normal_illuminance < 0 lux [corrected]: month 4, day 9, hour 19, value -10.72881 
 ** WARNING ** EPW N17_direct_normal_illuminance < 0 lux [corrected]: month 4, day 10, hour 6, value -49.57274 
 ** WARNING ** EPW N17_direct_normal_illuminance < 0 lux [corrected]: month 4, day 10, hour 19, value -142.46042 
 ** WARNING ** EPW N17_direct_normal_illuminance < 0 lux [corrected]: month 4, day 11, hour 6, value -58.789917 
 ** WARNING ** EPW N17_direct_normal_illuminance < 0 lux [corrected]: month 4, day 11, hour 19, value -175.90265 
 ** WARNING ** EPW N17_direct_normal_illuminance < 0 lux [corrected]: month 4, day 12, hour 6, value -90.30225 
 ** WARNING ** EPW N17_direct_normal_illuminance < 0 lux [corrected]: month 4, day 12, hour 19, value -138.51826 
 ** WARNING ** EPW N17_direct_normal_illuminance < 0 lux [corrected]: month 4, day 13, hour 6, value -109.85076 
 ** WARNING ** EPW N17_direct_normal_illuminance < 0 lux [corrected]: month 4, day 14, hour 6, value -48.343464 
 ** WARNING ** EPW N17_direct_normal_illuminance < 0 lux [corrected]: month 4, day 14, hour 19, value -3.373358 
 ** WARNING ** EPW N17_direct_normal_illuminance < 0 lux [corrected]: month 4, day 15, hour 6, value -22.589159 
 ** WARNING ** EPW N17_direct_normal_illuminance < 0 lux [corrected]: month 4, day 15, hour 19, value -3.9911752 
 ** WARNING ** EPW N17_direct_normal_illuminance < 0 lux [corrected]: month 4, day 16, hour 6, value -5.1402273 
 ** WARNING ** EPW N17_direct_normal_illuminance < 0 lux [corrected]: month 4, day 16, hour 19, value -4.332583 
 ** WARNING ** EPW N17_direct_normal_illuminance < 0 lux [corrected]: month 4, day 17, hour 6, value -5.1601596 
 ** WARNING ** EPW N17_direct_normal_illuminance < 0 lux [corrected]: month 4, day 17, hour 19, value -86.80864 
 ** WARNING ** EPW N17_direct_normal_illuminance < 0 lux [corrected]: month 4, day 18, hour 6, value -32.17211 
 ** WARNING ** EPW N17_direct_normal_illuminance < 0 lux [corrected]: month 4, day 18, hour 19, value -4.666 
 ** WARNING ** EPW N17_direct_normal_illuminance < 0 lux [corrected]: month 4, day 19, hour 6, value -38.447914 
 ** WARNING ** EPW N17_direct_normal_illuminance < 0 lux [corrected]: month 4, day 19, hour 19, value -6.2880235 
 ** WARNING ** EPW N17_direct_normal_illuminance < 0 lux [corrected]: month 4, day 20, hour 6, value -35.40075 
 ** WARNING ** EPW N17_direct_normal_illuminance < 0 lux [corrected]: month 4, day 21, hour 6, value -33.28489 
 ** WARNING ** EPW N17_direct_normal_illuminance < 0 lux [corrected]: month 4, day 21, hour 19, value -47.695225 
 ** WARNING ** EPW N17_direct_normal_illuminance < 0 lux [corrected]: month 4, day 22, hour 6, value -5.8768044 
 ** WARNING ** EPW N17_direct_normal_illuminance < 0 lux [corrected]: month 4, day 23, hour 6, value -101.531525 
 ** WARNING ** EPW N17_direct_normal_illuminance < 0 lux [corrected]: month 4, day 25, hour 19, value -115.07485 
 ** WARNING ** EPW N17_direct_normal_illuminance < 0 lux [corrected]: month 4, day 26, hour 19, value -51.5491 
 ** WARNING ** EPW N17_direct_normal_illuminance < 0 lux [corrected]: month 4, day 27, hour 6, value -22.700298 
 ** WARNING ** EPW N17_direct_normal_illuminance < 0 lux [corrected]: month 4, day 27, hour 19, value -115.492424 
 ** WARNING ** EPW N17_direct_normal_illuminance < 0 lux [corrected]: month 4, day 28, hour 5, value -0.0034086404 
 ** WARNING ** EPW N17_direct_normal_illuminance < 0 lux [corrected]: month 4, day 29, hour 6, value -4.125879 
 ** WARNING ** EPW N17_direct_normal_illuminance < 0 lux [corrected]: month 4, day 29, hour 19, value -6.578885 
 ** WARNING ** EPW N17_direct_normal_illuminance < 0 lux [corrected]: month 4, day 30, hour 6, value -3.8459656 
 ** WARNING ** EPW N17_direct_normal_illuminance < 0 lux [corrected]: month 4, day 30, hour 19, value -44.6104 
 ** WARNING ** EPW N17_direct_normal_illuminance < 0 lux [corrected]: month 5, day 1, hour 5, value -0.19839597 
 ** WARNING ** EPW N17_direct_normal_illuminance < 0 lux [corrected]: month 5, day 2, hour 5, value -0.8346113 
 ** WARNING ** EPW N17_direct_normal_illuminance < 0 lux [corrected]: month 5, day 2, hour 20, value -0.0021582276 
 ** WARNING ** EPW N17_direct_normal_illuminance < 0 lux [corrected]: month 5, day 3, hour 5, value -0.8245933 
 ** WARNING ** EPW N17_direct_normal_illuminance < 0 lux [corrected]: month 5, day 3, hour 20, value -0.007383888 
 ** WARNING ** EPW N17_direct_normal_illuminance < 0 lux [corrected]: month 5, day 4, hour 5, value -0.13586308 
 ** WARNING ** EPW N17_direct_normal_illuminance < 0 lux [corrected]: month 5, day 4, hour 6, value -2.6463902 
 ** WARNING ** EPW N17_direct_normal_illuminance < 0 lux [corrected]: month 5, day 4, hour 20, value -0.0010159889 
 ** WARNING ** EPW N17_direct_normal_illuminance < 0 lux [corrected]: month 5, day 5, hour 5, value -0.5846124 
 ** WARNING ** EPW N17_direct_normal_illuminance < 0 lux [corrected]: month 5, day 5, hour 19, value -29.712017 
 ** WARNING ** EPW N17_direct_normal_illuminance < 0 lux [corrected]: month 5, day 5, hour 20, value -0.0028624176 
 ** WARNING ** EPW N17_direct_normal_illuminance < 0 lux [corrected]: month 5, day 6, hour 5, value -0.23684058 
 ** WARNING ** EPW N17_direct_normal_illuminance < 0 lux [corrected]: month 5, day 6, hour 6, value -1.0642438 
 ** WARNING ** EPW N17_direct_normal_illuminance < 0 lux [corrected]: month 5, day 6, hour 20, value -0.1640297 
 ** WARNING ** EPW N22_total_sky_cover < 0 deca [corrected]: month 5, day 6, hour 23, value -1.0 
 ** WARNING ** EPW N23_opaque_sky_cover < 0 deca [corrected]: month 5, day 6, hour 23, value -1.0 
 ** WARNING ** EPW N22_total_sky_cover < 0 deca [corrected]: month 5, day 7, hour 3, value -1.0 
 ** WARNING ** EPW N23_opaque_sky_cover < 0 deca [corrected]: month 5, day 7, hour 3, value -1.0 
 ** WARNING ** EPW N17_direct_normal_illuminance < 0 lux [corrected]: month 5, day 7, hour 5, value -5.2310095 
 ** WARNING ** EPW N17_direct_normal_illuminance < 0 lux [corrected]: month 5, day 7, hour 20, value -0.29109943 
 ** WARNING ** EPW N17_direct_normal_illuminance < 0 lux [corrected]: month 5, day 8, hour 5, value -1.8761296 
 ** WARNING ** EPW N17_direct_normal_illuminance < 0 lux [corrected]: month 5, day 8, hour 19, value -10.930339 
 ** WARNING ** EPW N17_direct_normal_illuminance < 0 lux [corrected]: month 5, day 8, hour 20, value -0.12306498 
 ** WARNING ** EPW N17_direct_normal_illuminance < 0 lux [corrected]: month 5, day 9, hour 5, value -2.211013 
 ** WARNING ** EPW N17_direct_normal_illuminance < 0 lux [corrected]: month 5, day 9, hour 20, value -1.44446 
 ** WARNING ** EPW N17_direct_normal_illuminance < 0 lux [corrected]: month 5, day 10, hour 5, value -6.4625154 
 ** WARNING ** EPW N17_direct_normal_illuminance < 0 lux [corrected]: month 5, day 10, hour 19, value -6.095121 
 ** WARNING ** EPW N17_direct_normal_illuminance < 0 lux [corrected]: month 5, day 10, hour 20, value -1.9116292 
 ** WARNING ** EPW N17_direct_normal_illuminance < 0 lux [corrected]: month 5, day 11, hour 5, value -24.812998 
 ** WARNING ** EPW N17_direct_normal_illuminance < 0 lux [corrected]: month 5, day 11, hour 19, value -2.2689848 
 ** WARNING ** EPW N17_direct_normal_illuminance < 0 lux [corrected]: month 5, day 11, hour 20, value -1.8212286 
 ** WARNING ** EPW N17_direct_normal_illuminance < 0 lux [corrected]: month 5, day 12, hour 5, value -22.442715 
 ** WARNING ** EPW N17_direct_normal_illuminance < 0 lux [corrected]: month 5, day 12, hour 20, value -10.923545 
 ** WARNING ** EPW N17_direct_normal_illuminance < 0 lux [corrected]: month 5, day 13, hour 5, value -32.144775 
 ** WARNING ** EPW N17_direct_normal_illuminance < 0 lux [corrected]: month 5, day 13, hour 20, value -9.516385 
 ** WARNING ** EPW N17_direct_normal_illuminance < 0 lux [corrected]: month 5, day 14, hour 5, value -41.068676 
 ** WARNING ** EPW N17_direct_normal_illuminance < 0 lux [corrected]: month 5, day 14, hour 20, value -19.938492 
 ** WARNING ** EPW N17_direct_normal_illuminance < 0 lux [corrected]: month 5, day 15, hour 5, value -42.028336 
 ** WARNING ** EPW N17_direct_normal_illuminance < 0 lux [corrected]: month 5, day 15, hour 20, value -2.7718184 
 ** WARNING ** EPW N17_direct_normal_illuminance < 0 lux [corrected]: month 5, day 16, hour 5, value -1.8353491 
 ** WARNING ** EPW N17_direct_normal_illuminance < 0 lux [corrected]: month 5, day 16, hour 20, value -2.9486158 
 ** WARNING ** EPW N17_direct_normal_illuminance < 0 lux [corrected]: month 5, day 17, hour 5, value -2.1212904 
 ** WARNING ** EPW N17_direct_normal_illuminance < 0 lux [corrected]: month 5, day 17, hour 20, value -3.4822588 
 ** WARNING ** EPW N17_direct_normal_illuminance < 0 lux [corrected]: month 5, day 18, hour 5, value -2.164268 
 ** WARNING ** EPW N17_direct_normal_illuminance < 0 lux [corrected]: month 5, day 18, hour 20, value -40.913605 
 ** WARNING ** EPW N17_direct_normal_illuminance < 0 lux [corrected]: month 5, day 19, hour 5, value -3.7298894 
 ** WARNING ** EPW N17_direct_normal_illuminance < 0 lux [corrected]: month 5, day 19, hour 20, value -64.06083 
 ** WARNING ** EPW N17_direct_normal_illuminance < 0 lux [corrected]: month 5, day 20, hour 5, value -77.67932 
 ** WARNING ** EPW N17_direct_normal_illuminance < 0 lux [corrected]: month 5, day 20, hour 20, value -6.472727 
 ** WARNING ** EPW N17_direct_normal_illuminance < 0 lux [corrected]: month 5, day 21, hour 5, value -4.1635985 
 ** WARNING ** EPW N17_direct_normal_illuminance < 0 lux [corrected]: month 5, day 21, hour 19, value -0.16792245 
 ** WARNING ** EPW N17_direct_normal_illuminance < 0 lux [corrected]: month 5, day 21, hour 20, value -1.070041 
 ** WARNING ** EPW N17_direct_normal_illuminance < 0 lux [corrected]: month 5, day 22, hour 5, value -21.393818 
 ** WARNING ** EPW N17_direct_normal_illuminance < 0 lux [corrected]: month 5, day 22, hour 20, value -10.8358345 
 ** WARNING ** EPW N17_direct_normal_illuminance < 0 lux [corrected]: month 5, day 23, hour 5, value -4.067143 
 ** WARNING ** EPW N17_direct_normal_illuminance < 0 lux [corrected]: month 5, day 23, hour 20, value -86.46225 
 ** WARNING ** EPW N17_direct_normal_illuminance < 0 lux [corrected]: month 5, day 24, hour 5, value -108.13161 
 ** WARNING ** EPW N17_direct_normal_illuminance < 0 lux [corrected]: month 5, day 24, hour 20, value -104.60023 
 ** WARNING ** EPW N22_total_sky_cover < 0 deca [corrected]: month 5, day 24, hour 24, value -1.0 
 ** WARNING ** EPW N23_opaque_sky_cover < 0 deca [corrected]: month 5, day 24, hour 24, value -1.0 
 ** WARNING ** EPW N22_total_sky_cover < 0 deca [corrected]: month 5, day 25, hour 1, value -1.0 
 ** WARNING ** EPW N23_opaque_sky_cover < 0 deca [corrected]: month 5, day 25, hour 1, value -1.0 
 ** WARNING ** EPW N22_total_sky_cover < 0 deca [corrected]: month 5, day 25, hour 2, value -1.0 
 ** WARNING ** EPW N23_opaque_sky_cover < 0 deca [corrected]: month 5, day 25, hour 2, value -1.0 
 ** WARNING ** EPW N17_direct_normal_illuminance < 0 lux [corrected]: month 5, day 25, hour 5, value -124.77768 
 ** WARNING ** EPW N17_direct_normal_illuminance < 0 lux [corrected]: month 5, day 25, hour 20, value -145.6994 
 ** WARNING ** EPW N22_total_sky_cover < 0 deca [corrected]: month 5, day 25, hour 23, value -1.0 
 ** WARNING ** EPW N23_opaque_sky_cover < 0 deca [corrected]: month 5, day 25, hour 23, value -1.0 
 ** WARNING ** EPW N22_total_sky_cover < 0 deca [corrected]: month 5, day 25, hour 24, value -1.0 
 ** WARNING ** EPW N23_opaque_sky_cover < 0 deca [corrected]: month 5, day 25, hour 24, value -1.0 
 ** WARNING ** EPW N22_total_sky_cover < 0 deca [corrected]: month 5, day 26, hour 1, value -1.0 
 ** WARNING ** EPW N23_opaque_sky_cover < 0 deca [corrected]: month 5, day 26, hour 1, value -1.0 
 ** WARNING ** EPW N17_direct_normal_illuminance < 0 lux [corrected]: month 5, day 26, hour 5, value -92.077324 
 ** WARNING ** EPW N17_direct_normal_illuminance < 0 lux [corrected]: month 5, day 26, hour 20, value -140.94873 
 ** WARNING ** EPW N17_direct_normal_illuminance < 0 lux [corrected]: month 5, day 27, hour 5, value -104.50095 
 ** WARNING ** EPW N17_direct_normal_illuminance < 0 lux [corrected]: month 5, day 27, hour 20, value -155.8507 
 ** WARNING ** EPW N17_direct_normal_illuminance < 0 lux [corrected]: month 5, day 28, hour 5, value -103.59997 
 ** WARNING ** EPW N22_total_sky_cover < 0 deca [corrected]: month 5, day 28, hour 17, value -1.0 
 ** WARNING ** EPW N23_opaque_sky_cover < 0 deca [corrected]: month 5, day 28, hour 17, value -1.0 
 ** WARNING ** EPW N22_total_sky_cover < 0 deca [corrected]: month 5, day 28, hour 18, value -1.0 
 ** WARNING ** EPW N23_opaque_sky_cover < 0 deca [corrected]: month 5, day 28, hour 18, value -1.0 
 ** WARNING ** EPW N22_total_sky_cover < 0 deca [corrected]: month 5, day 28, hour 19, value -1.0 
 ** WARNING ** EPW N23_opaque_sky_cover < 0 deca [corrected]: month 5, day 28, hour 19, value -1.0 
 ** WARNING ** EPW N17_direct_normal_illuminance < 0 lux [corrected]: month 5, day 28, hour 20, value -176.5647 
 ** WARNING ** EPW N22_total_sky_cover < 0 deca [corrected]: month 5, day 28, hour 20, value -1.0 
 ** WARNING ** EPW N23_opaque_sky_cover < 0 deca [corrected]: month 5, day 28, hour 20, value -1.0 
 ** WARNING ** EPW N22_total_sky_cover < 0 deca [corrected]: month 5, day 28, hour 21, value -1.0 
 ** WARNING ** EPW N23_opaque_sky_cover < 0 deca [corrected]: month 5, day 28, hour 21, value -1.0 
 ** WARNING ** EPW N22_total_sky_cover < 0 deca [corrected]: month 5, day 28, hour 22, value -1.0 
 ** WARNING ** EPW N23_opaque_sky_cover < 0 deca [corrected]: month 5, day 28, hour 22, value -1.0 
 ** WARNING ** EPW N22_total_sky_cover < 0 deca [corrected]: month 5, day 28, hour 23, value -1.0 
 ** WARNING ** EPW N23_opaque_sky_cover < 0 deca [corrected]: month 5, day 28, hour 23, value -1.0 
 ** WARNING ** EPW N22_total_sky_cover < 0 deca [corrected]: month 5, day 28, hour 24, value -1.0 
 ** WARNING ** EPW N23_opaque_sky_cover < 0 deca [corrected]: month 5, day 28, hour 24, value -1.0 
 ** WARNING ** EPW N22_total_sky_cover < 0 deca [corrected]: month 5, day 29, hour 1, value -1.0 
 ** WARNING ** EPW N23_opaque_sky_cover < 0 deca [corrected]: month 5, day 29, hour 1, value -1.0 
 ** WARNING ** EPW N22_total_sky_cover < 0 deca [corrected]: month 5, day 29, hour 2, value -1.0 
 ** WARNING ** EPW N23_opaque_sky_cover < 0 deca [corrected]: month 5, day 29, hour 2, value -1.0 
 ** WARNING ** EPW N22_total_sky_cover < 0 deca [corrected]: month 5, day 29, hour 3, value -1.0 
 ** WARNING ** EPW N23_opaque_sky_cover < 0 deca [corrected]: month 5, day 29, hour 3, value -1.0 
 ** WARNING ** EPW N17_direct_normal_illuminance < 0 lux [corrected]: month 5, day 29, hour 5, value -111.111534 
 ** WARNING ** EPW N17_direct_normal_illuminance < 0 lux [corrected]: month 5, day 29, hour 20, value -156.93016 
 ** WARNING ** EPW N17_direct_normal_illuminance < 0 lux [corrected]: month 5, day 30, hour 5, value -97.489204 
 ** WARNING ** EPW N17_direct_normal_illuminance < 0 lux [corrected]: month 5, day 30, hour 20, value -207.61584 
 ** WARNING ** EPW N17_direct_normal_illuminance < 0 lux [corrected]: month 5, day 31, hour 5, value -107.73746 
 ** WARNING ** EPW N17_direct_normal_illuminance < 0 lux [corrected]: month 5, day 31, hour 20, value -188.18025 
 ** WARNING ** EPW N17_direct_normal_illuminance < 0 lux [corrected]: month 6, day 1, hour 5, value -88.78982 
 ** WARNING ** EPW N17_direct_normal_illuminance < 0 lux [corrected]: month 6, day 1, hour 20, value -29.261183 
 ** WARNING ** EPW N17_direct_normal_illuminance < 0 lux [corrected]: month 6, day 2, hour 5, value -16.778618 
 ** WARNING ** EPW N17_direct_normal_illuminance < 0 lux [corrected]: month 6, day 2, hour 20, value -151.47346 
 ** WARNING ** EPW N17_direct_normal_illuminance < 0 lux [corrected]: month 6, day 3, hour 5, value -19.346037 
 ** WARNING ** EPW N17_direct_normal_illuminance < 0 lux [corrected]: month 6, day 3, hour 20, value -38.09027 
 ** WARNING ** EPW N17_direct_normal_illuminance < 0 lux [corrected]: month 6, day 4, hour 5, value -19.168997 
 ** WARNING ** EPW N17_direct_normal_illuminance < 0 lux [corrected]: month 6, day 4, hour 20, value -35.946175 
 ** WARNING ** EPW N17_direct_normal_illuminance < 0 lux [corrected]: month 6, day 5, hour 5, value -3.3866897 
 ** WARNING ** EPW N17_direct_normal_illuminance < 0 lux [corrected]: month 6, day 5, hour 20, value -236.86111 
 ** WARNING ** EPW N17_direct_normal_illuminance < 0 lux [corrected]: month 6, day 6, hour 5, value -16.630264 
 ** WARNING ** EPW N17_direct_normal_illuminance < 0 lux [corrected]: month 6, day 6, hour 20, value -37.277855 
 ** WARNING ** EPW N17_direct_normal_illuminance < 0 lux [corrected]: month 6, day 7, hour 5, value -17.289284 
 ** WARNING ** EPW N17_direct_normal_illuminance < 0 lux [corrected]: month 6, day 7, hour 20, value -92.532585 
 ** WARNING ** EPW N17_direct_normal_illuminance < 0 lux [corrected]: month 6, day 8, hour 5, value -70.43798 
 ** WARNING ** EPW N17_direct_normal_illuminance < 0 lux [corrected]: month 6, day 8, hour 20, value -155.18884 
 ** WARNING ** EPW N17_direct_normal_illuminance < 0 lux [corrected]: month 6, day 9, hour 5, value -31.45494 
 ** WARNING ** EPW N17_direct_normal_illuminance < 0 lux [corrected]: month 6, day 9, hour 20, value -36.86742 
 ** WARNING ** EPW N17_direct_normal_illuminance < 0 lux [corrected]: month 6, day 10, hour 5, value -19.737253 
 ** WARNING ** EPW N17_direct_normal_illuminance < 0 lux [corrected]: month 6, day 10, hour 20, value -34.510258 
 ** WARNING ** EPW N17_direct_normal_illuminance < 0 lux [corrected]: month 6, day 11, hour 5, value -4.1100826 
 ** WARNING ** EPW N17_direct_normal_illuminance < 0 lux [corrected]: month 6, day 11, hour 20, value -41.13004 
 ** WARNING ** EPW N17_direct_normal_illuminance < 0 lux [corrected]: month 6, day 12, hour 5, value -16.702969 
 ** WARNING ** EPW N17_direct_normal_illuminance < 0 lux [corrected]: month 6, day 12, hour 20, value -36.553627 
 ** WARNING ** EPW N17_direct_normal_illuminance < 0 lux [corrected]: month 6, day 13, hour 5, value -3.74683 
 ** WARNING ** EPW N17_direct_normal_illuminance < 0 lux [corrected]: month 6, day 13, hour 20, value -34.905716 
 ** WARNING ** EPW N17_direct_normal_illuminance < 0 lux [corrected]: month 6, day 14, hour 5, value -3.8409078 
 ** WARNING ** EPW N17_direct_normal_illuminance < 0 lux [corrected]: month 6, day 14, hour 20, value -33.578243 
 ** WARNING ** EPW N17_direct_normal_illuminance < 0 lux [corrected]: month 6, day 15, hour 5, value -60.21865 
 ** WARNING ** EPW N17_direct_normal_illuminance < 0 lux [corrected]: month 6, day 15, hour 20, value -39.680817 
 ** WARNING ** EPW N17_direct_normal_illuminance < 0 lux [corrected]: month 6, day 16, hour 5, value -16.281136 
 ** WARNING ** EPW N17_direct_normal_illuminance < 0 lux [corrected]: month 6, day 16, hour 20, value -39.45972 
 ** WARNING ** EPW N17_direct_normal_illuminance < 0 lux [corrected]: month 6, day 17, hour 5, value -3.9595363 
 ** WARNING ** EPW N17_direct_normal_illuminance < 0 lux [corrected]: month 6, day 17, hour 20, value -6.130655 
 ** WARNING ** EPW N17_direct_normal_illuminance < 0 lux [corrected]: month 6, day 18, hour 5, value -6.6735983 
 ** WARNING ** EPW N17_direct_normal_illuminance < 0 lux [corrected]: month 6, day 19, hour 5, value -71.018196 
 ** WARNING ** EPW N17_direct_normal_illuminance < 0 lux [corrected]: month 6, day 19, hour 20, value -41.070713 
 ** WARNING ** EPW N17_direct_normal_illuminance < 0 lux [corrected]: month 6, day 20, hour 5, value -17.547161 
 ** WARNING ** EPW N17_direct_normal_illuminance < 0 lux [corrected]: month 6, day 20, hour 20, value -42.657146 
 ** WARNING ** EPW N17_direct_normal_illuminance < 0 lux [corrected]: month 6, day 21, hour 5, value -64.677 
 ** WARNING ** EPW N17_direct_normal_illuminance < 0 lux [corrected]: month 6, day 22, hour 5, value -31.15853 
 ** WARNING ** EPW N17_direct_normal_illuminance < 0 lux [corrected]: month 6, day 22, hour 20, value -90.26685 
 ** WARNING ** EPW N17_direct_normal_illuminance < 0 lux [corrected]: month 6, day 23, hour 5, value -48.133354 
 ** WARNING ** EPW N17_direct_normal_illuminance < 0 lux [corrected]: month 6, day 24, hour 5, value -3.0570166 
 ** WARNING ** EPW N17_direct_normal_illuminance < 0 lux [corrected]: month 6, day 24, hour 20, value -36.15973 
 ** WARNING ** EPW N17_direct_normal_illuminance < 0 lux [corrected]: month 6, day 25, hour 5, value -16.087551 
 ** WARNING ** EPW N17_direct_normal_illuminance < 0 lux [corrected]: month 6, day 25, hour 20, value -173.16948 
 ** WARNING ** EPW N17_direct_normal_illuminance < 0 lux [corrected]: month 6, day 26, hour 5, value -3.2652884 
 ** WARNING ** EPW N17_direct_normal_illuminance < 0 lux [corrected]: month 6, day 27, hour 5, value -17.3158 
 ** WARNING ** EPW N17_direct_normal_illuminance < 0 lux [corrected]: month 6, day 28, hour 5, value -83.392235 
 ** WARNING ** EPW N17_direct_normal_illuminance < 0 lux [corrected]: month 6, day 29, hour 5, value -86.63464 
 ** WARNING ** EPW N17_direct_normal_illuminance < 0 lux [corrected]: month 6, day 30, hour 5, value -87.33597 
 ** WARNING ** EPW N17_direct_normal_illuminance < 0 lux [corrected]: month 7, day 1, hour 5, value -24.518143 
 ** WARNING ** EPW N17_direct_normal_illuminance < 0 lux [corrected]: month 7, day 1, hour 20, value -172.82588 
 ** WARNING ** EPW N17_direct_normal_illuminance < 0 lux [corrected]: month 7, day 2, hour 5, value -110.07213 
 ** WARNING ** EPW N17_direct_normal_illuminance < 0 lux [corrected]: month 7, day 2, hour 20, value -30.565191 
 ** WARNING ** EPW N17_direct_normal_illuminance < 0 lux [corrected]: month 7, day 3, hour 5, value -21.769903 
 ** WARNING ** EPW N17_direct_normal_illuminance < 0 lux [corrected]: month 7, day 3, hour 20, value -99.037796 
 ** WARNING ** EPW N17_direct_normal_illuminance < 0 lux [corrected]: month 7, day 4, hour 5, value -23.10351 
 ** WARNING ** EPW N17_direct_normal_illuminance < 0 lux [corrected]: month 7, day 4, hour 20, value -32.962566 
 ** WARNING ** EPW N17_direct_normal_illuminance < 0 lux [corrected]: month 7, day 5, hour 5, value -120.92688 
 ** WARNING ** EPW N17_direct_normal_illuminance < 0 lux [corrected]: month 7, day 5, hour 20, value -34.198265 
 ** WARNING ** EPW N17_direct_normal_illuminance < 0 lux [corrected]: month 7, day 6, hour 5, value -133.89774 
 ** WARNING ** EPW N17_direct_normal_illuminance < 0 lux [corrected]: month 7, day 6, hour 20, value -218.29915 
 ** WARNING ** EPW N17_direct_normal_illuminance < 0 lux [corrected]: month 7, day 7, hour 5, value -23.977953 
 ** WARNING ** EPW N17_direct_normal_illuminance < 0 lux [corrected]: month 7, day 7, hour 20, value -172.80153 
 ** WARNING ** EPW N17_direct_normal_illuminance < 0 lux [corrected]: month 7, day 8, hour 5, value -124.42827 
 ** WARNING ** EPW N17_direct_normal_illuminance < 0 lux [corrected]: month 7, day 8, hour 20, value -37.12241 
 ** WARNING ** EPW N17_direct_normal_illuminance < 0 lux [corrected]: month 7, day 9, hour 5, value -139.43187 
 ** WARNING ** EPW N17_direct_normal_illuminance < 0 lux [corrected]: month 7, day 9, hour 20, value -214.88162 
 ** WARNING ** EPW N17_direct_normal_illuminance < 0 lux [corrected]: month 7, day 10, hour 5, value -4.5997777 
 ** WARNING ** EPW N17_direct_normal_illuminance < 0 lux [corrected]: month 7, day 10, hour 20, value -208.1137 
 ** WARNING ** EPW N17_direct_normal_illuminance < 0 lux [corrected]: month 7, day 11, hour 5, value -4.4848976 
 ** WARNING ** EPW N17_direct_normal_illuminance < 0 lux [corrected]: month 7, day 11, hour 20, value -214.61787 
 ** WARNING ** EPW N17_direct_normal_illuminance < 0 lux [corrected]: month 7, day 12, hour 5, value -4.460263 
 ** WARNING ** EPW N17_direct_normal_illuminance < 0 lux [corrected]: month 7, day 12, hour 20, value -36.39441 
 ** WARNING ** EPW N17_direct_normal_illuminance < 0 lux [corrected]: month 7, day 13, hour 5, value -24.314028 
 ** WARNING ** EPW N17_direct_normal_illuminance < 0 lux [corrected]: month 7, day 13, hour 20, value -213.25372 
 ** WARNING ** EPW N17_direct_normal_illuminance < 0 lux [corrected]: month 7, day 14, hour 5, value -105.01903 
 ** WARNING ** EPW N17_direct_normal_illuminance < 0 lux [corrected]: month 7, day 14, hour 20, value -48.823166 
 ** WARNING ** EPW N17_direct_normal_illuminance < 0 lux [corrected]: month 7, day 15, hour 5, value -16.796543 
 ** WARNING ** EPW N17_direct_normal_illuminance < 0 lux [corrected]: month 7, day 15, hour 20, value -38.73516 
 ** WARNING ** EPW N17_direct_normal_illuminance < 0 lux [corrected]: month 7, day 16, hour 5, value -16.993847 
 ** WARNING ** EPW N17_direct_normal_illuminance < 0 lux [corrected]: month 7, day 16, hour 20, value -37.7257 
 ** WARNING ** EPW N17_direct_normal_illuminance < 0 lux [corrected]: month 7, day 17, hour 5, value -12.665605 
 ** WARNING ** EPW N17_direct_normal_illuminance < 0 lux [corrected]: month 7, day 17, hour 20, value -36.24865 
 ** WARNING ** EPW N17_direct_normal_illuminance < 0 lux [corrected]: month 7, day 18, hour 5, value -71.52096 
 ** WARNING ** EPW N17_direct_normal_illuminance < 0 lux [corrected]: month 7, day 18, hour 20, value -229.51588 
 ** WARNING ** EPW N17_direct_normal_illuminance < 0 lux [corrected]: month 7, day 19, hour 5, value -12.847276 
 ** WARNING ** EPW N17_direct_normal_illuminance < 0 lux [corrected]: month 7, day 19, hour 20, value -202.61946 
 ** WARNING ** EPW N17_direct_normal_illuminance < 0 lux [corrected]: month 7, day 20, hour 5, value -54.44159 
 ** WARNING ** EPW N17_direct_normal_illuminance < 0 lux [corrected]: month 7, day 20, hour 20, value -222.93996 
 ** WARNING ** EPW N17_direct_normal_illuminance < 0 lux [corrected]: month 7, day 21, hour 5, value -31.98333 
 ** WARNING ** EPW N17_direct_normal_illuminance < 0 lux [corrected]: month 7, day 21, hour 20, value -191.95152 
 ** WARNING ** EPW N17_direct_normal_illuminance < 0 lux [corrected]: month 7, day 22, hour 5, value -46.062283 
 ** WARNING ** EPW N17_direct_normal_illuminance < 0 lux [corrected]: month 7, day 22, hour 20, value -212.0352 
 ** WARNING ** EPW N17_direct_normal_illuminance < 0 lux [corrected]: month 7, day 23, hour 5, value -17.885529 
 ** WARNING ** EPW N17_direct_normal_illuminance < 0 lux [corrected]: month 7, day 23, hour 20, value -57.05416 
 ** WARNING ** EPW N17_direct_normal_illuminance < 0 lux [corrected]: month 7, day 24, hour 5, value -1.3954885 
 ** WARNING ** EPW N17_direct_normal_illuminance < 0 lux [corrected]: month 7, day 24, hour 6, value -0.99744415 
 ** WARNING ** EPW N17_direct_normal_illuminance < 0 lux [corrected]: month 7, day 24, hour 20, value -3.0141428 
 ** WARNING ** EPW N17_direct_normal_illuminance < 0 lux [corrected]: month 7, day 25, hour 5, value -17.393785 
 ** WARNING ** EPW N17_direct_normal_illuminance < 0 lux [corrected]: month 7, day 25, hour 20, value -19.87936 
 ** WARNING ** EPW N17_direct_normal_illuminance < 0 lux [corrected]: month 7, day 26, hour 5, value -26.908167 
 ** WARNING ** EPW N17_direct_normal_illuminance < 0 lux [corrected]: month 7, day 26, hour 19, value -0.50300705 
 ** WARNING ** EPW N17_direct_normal_illuminance < 0 lux [corrected]: month 7, day 26, hour 20, value -21.55957 
 ** WARNING ** EPW N17_direct_normal_illuminance < 0 lux [corrected]: month 7, day 27, hour 5, value -6.6852503 
 ** WARNING ** EPW N17_direct_normal_illuminance < 0 lux [corrected]: month 7, day 27, hour 20, value -13.570891 
 ** WARNING ** EPW N17_direct_normal_illuminance < 0 lux [corrected]: month 7, day 28, hour 5, value -17.354849 
 ** WARNING ** EPW N17_direct_normal_illuminance < 0 lux [corrected]: month 7, day 28, hour 20, value -101.50665 
 ** WARNING ** EPW N17_direct_normal_illuminance < 0 lux [corrected]: month 7, day 29, hour 5, value -9.665907 
 ** WARNING ** EPW N17_direct_normal_illuminance < 0 lux [corrected]: month 7, day 29, hour 20, value -83.00752 
 ** WARNING ** EPW N17_direct_normal_illuminance < 0 lux [corrected]: month 7, day 30, hour 5, value -1.7299191 
 ** WARNING ** EPW N17_direct_normal_illuminance < 0 lux [corrected]: month 7, day 30, hour 6, value -2.4608493 
 ** WARNING ** EPW N17_direct_normal_illuminance < 0 lux [corrected]: month 7, day 30, hour 20, value -9.2171755 
 ** WARNING ** EPW N17_direct_normal_illuminance < 0 lux [corrected]: month 7, day 31, hour 5, value -1.6886541 
 ** WARNING ** EPW N17_direct_normal_illuminance < 0 lux [corrected]: month 7, day 31, hour 6, value -2.3394163 
 ** WARNING ** EPW N17_direct_normal_illuminance < 0 lux [corrected]: month 7, day 31, hour 19, value -1.12194 
 ** WARNING ** EPW N17_direct_normal_illuminance < 0 lux [corrected]: month 7, day 31, hour 20, value -1.1254317 
 ** WARNING ** EPW N17_direct_normal_illuminance < 0 lux [corrected]: month 8, day 1, hour 5, value -0.5092961 
 ** WARNING ** EPW N17_direct_normal_illuminance < 0 lux [corrected]: month 8, day 1, hour 6, value -2.8749282 
 ** WARNING ** EPW N17_direct_normal_illuminance < 0 lux [corrected]: month 8, day 1, hour 20, value -54.313908 
 ** WARNING ** EPW N17_direct_normal_illuminance < 0 lux [corrected]: month 8, day 2, hour 5, value -2.8711414 
 ** WARNING ** EPW N17_direct_normal_illuminance < 0 lux [corrected]: month 8, day 2, hour 20, value -5.68538 
 ** WARNING ** EPW N17_direct_normal_illuminance < 0 lux [corrected]: month 8, day 3, hour 5, value -0.9482494 
 ** WARNING ** EPW N17_direct_normal_illuminance < 0 lux [corrected]: month 8, day 3, hour 20, value -44.265205 
 ** WARNING ** EPW N22_total_sky_cover < 0 deca [corrected]: month 8, day 3, hour 23, value -1.0 
 ** WARNING ** EPW N23_opaque_sky_cover < 0 deca [corrected]: month 8, day 3, hour 23, value -1.0 
 ** WARNING ** EPW N22_total_sky_cover < 0 deca [corrected]: month 8, day 3, hour 24, value -1.0 
 ** WARNING ** EPW N23_opaque_sky_cover < 0 deca [corrected]: month 8, day 3, hour 24, value -1.0 
 ** WARNING ** EPW N22_total_sky_cover < 0 deca [corrected]: month 8, day 4, hour 1, value -1.0 
 ** WARNING ** EPW N23_opaque_sky_cover < 0 deca [corrected]: month 8, day 4, hour 1, value -1.0 
 ** WARNING ** EPW N17_direct_normal_illuminance < 0 lux [corrected]: month 8, day 4, hour 5, value -0.9367679 
 ** WARNING ** EPW N17_direct_normal_illuminance < 0 lux [corrected]: month 8, day 4, hour 20, value -27.827694 
 ** WARNING ** EPW N22_total_sky_cover < 0 deca [corrected]: month 8, day 5, hour 1, value -1.0 
 ** WARNING ** EPW N23_opaque_sky_cover < 0 deca [corrected]: month 8, day 5, hour 1, value -1.0 
 ** WARNING ** EPW N22_total_sky_cover < 0 deca [corrected]: month 8, day 5, hour 2, value -1.0 
 ** WARNING ** EPW N23_opaque_sky_cover < 0 deca [corrected]: month 8, day 5, hour 2, value -1.0 
 ** WARNING ** EPW N22_total_sky_cover < 0 deca [corrected]: month 8, day 5, hour 3, value -1.0 
 ** WARNING ** EPW N23_opaque_sky_cover < 0 deca [corrected]: month 8, day 5, hour 3, value -1.0 
 ** WARNING ** EPW N22_total_sky_cover < 0 deca [corrected]: month 8, day 5, hour 4, value -1.0 
 ** WARNING ** EPW N23_opaque_sky_cover < 0 deca [corrected]: month 8, day 5, hour 4, value -1.0 
 ** WARNING ** EPW N17_direct_normal_illuminance < 0 lux [corrected]: month 8, day 5, hour 5, value -0.6701847 
 ** WARNING ** EPW N17_direct_normal_illuminance < 0 lux [corrected]: month 8, day 5, hour 20, value -3.1513195 
 ** WARNING ** EPW N17_direct_normal_illuminance < 0 lux [corrected]: month 8, day 6, hour 6, value -15.985169 
 ** WARNING ** EPW N17_direct_normal_illuminance < 0 lux [corrected]: month 8, day 6, hour 20, value -19.114994 
 ** WARNING ** EPW N17_direct_normal_illuminance < 0 lux [corrected]: month 8, day 7, hour 6, value -15.398662 
 ** WARNING ** EPW N17_direct_normal_illuminance < 0 lux [corrected]: month 8, day 7, hour 20, value -4.9099226 
 ** WARNING ** EPW N17_direct_normal_illuminance < 0 lux [corrected]: month 8, day 8, hour 5, value -0.013339935 
 ** WARNING ** EPW N17_direct_normal_illuminance < 0 lux [corrected]: month 8, day 8, hour 6, value -17.150238 
 ** WARNING ** EPW N17_direct_normal_illuminance < 0 lux [corrected]: month 8, day 8, hour 19, value -0.62916785 
 ** WARNING ** EPW N17_direct_normal_illuminance < 0 lux [corrected]: month 8, day 8, hour 20, value -0.78872555 
 ** WARNING ** EPW N17_direct_normal_illuminance < 0 lux [corrected]: month 8, day 9, hour 5, value -0.0055764765 
 ** WARNING ** EPW N17_direct_normal_illuminance < 0 lux [corrected]: month 8, day 9, hour 6, value -19.967762 
 ** WARNING ** EPW N17_direct_normal_illuminance < 0 lux [corrected]: month 8, day 9, hour 19, value -4.564575 
 ** WARNING ** EPW N17_direct_normal_illuminance < 0 lux [corrected]: month 8, day 9, hour 20, value -0.07176229 
 ** WARNING ** EPW N17_direct_normal_illuminance < 0 lux [corrected]: month 8, day 10, hour 6, value -4.8402686 
 ** WARNING ** EPW N17_direct_normal_illuminance < 0 lux [corrected]: month 8, day 10, hour 20, value -1.8127322 
 ** WARNING ** EPW N17_direct_normal_illuminance < 0 lux [corrected]: month 8, day 11, hour 5, value -0.0010415211 
 ** WARNING ** EPW N17_direct_normal_illuminance < 0 lux [corrected]: month 8, day 11, hour 6, value -70.76624 
 ** WARNING ** EPW N17_direct_normal_illuminance < 0 lux [corrected]: month 8, day 11, hour 19, value -20.565039 
 ** WARNING ** EPW N17_direct_normal_illuminance < 0 lux [corrected]: month 8, day 11, hour 20, value -1.5047064 
 ** WARNING ** EPW N17_direct_normal_illuminance < 0 lux [corrected]: month 8, day 12, hour 6, value -4.5657306 
 ** WARNING ** EPW N17_direct_normal_illuminance < 0 lux [corrected]: month 8, day 12, hour 19, value -28.757238 
 ** WARNING ** EPW N17_direct_normal_illuminance < 0 lux [corrected]: month 8, day 12, hour 20, value -0.07114548 
 ** WARNING ** EPW N17_direct_normal_illuminance < 0 lux [corrected]: month 8, day 13, hour 6, value -5.0481334 
 ** WARNING ** EPW N17_direct_normal_illuminance < 0 lux [corrected]: month 8, day 13, hour 19, value -29.025608 
 ** WARNING ** EPW N17_direct_normal_illuminance < 0 lux [corrected]: month 8, day 13, hour 20, value -0.0052154236 
 ** WARNING ** EPW N17_direct_normal_illuminance < 0 lux [corrected]: month 8, day 14, hour 6, value -4.559586 
 ** WARNING ** EPW N17_direct_normal_illuminance < 0 lux [corrected]: month 8, day 14, hour 19, value -31.61438 
 ** WARNING ** EPW N17_direct_normal_illuminance < 0 lux [corrected]: month 8, day 15, hour 6, value -5.0749383 
 ** WARNING ** EPW N17_direct_normal_illuminance < 0 lux [corrected]: month 8, day 15, hour 20, value -0.0057404237 
 ** WARNING ** EPW N22_total_sky_cover < 0 deca [corrected]: month 8, day 15, hour 22, value -1.0 
 ** WARNING ** EPW N23_opaque_sky_cover < 0 deca [corrected]: month 8, day 15, hour 22, value -1.0 
 ** WARNING ** EPW N22_total_sky_cover < 0 deca [corrected]: month 8, day 15, hour 23, value -1.0 
 ** WARNING ** EPW N23_opaque_sky_cover < 0 deca [corrected]: month 8, day 15, hour 23, value -1.0 
 ** WARNING ** EPW N22_total_sky_cover < 0 deca [corrected]: month 8, day 15, hour 24, value -1.0 
 ** WARNING ** EPW N23_opaque_sky_cover < 0 deca [corrected]: month 8, day 15, hour 24, value -1.0 
 ** WARNING ** EPW N17_direct_normal_illuminance < 0 lux [corrected]: month 8, day 16, hour 6, value -120.57076 
 ** WARNING ** EPW N22_total_sky_cover < 0 deca [corrected]: month 8, day 17, hour 2, value -1.0 
 ** WARNING ** EPW N23_opaque_sky_cover < 0 deca [corrected]: month 8, day 17, hour 2, value -1.0 
 ** WARNING ** EPW N17_direct_normal_illuminance < 0 lux [corrected]: month 8, day 17, hour 6, value -37.489822 
 ** WARNING ** EPW N17_direct_normal_illuminance < 0 lux [corrected]: month 8, day 18, hour 6, value -133.56853 
 ** WARNING ** EPW N22_total_sky_cover < 0 deca [corrected]: month 8, day 18, hour 8, value -1.0 
 ** WARNING ** EPW N23_opaque_sky_cover < 0 deca [corrected]: month 8, day 18, hour 8, value -1.0 
 ** WARNING ** EPW N22_total_sky_cover < 0 deca [corrected]: month 8, day 18, hour 9, value -1.0 
 ** WARNING ** EPW N23_opaque_sky_cover < 0 deca [corrected]: month 8, day 18, hour 9, value -1.0 
 ** WARNING ** EPW N22_total_sky_cover < 0 deca [corrected]: month 8, day 18, hour 10, value -1.0 
 ** WARNING ** EPW N23_opaque_sky_cover < 0 deca [corrected]: month 8, day 18, hour 10, value -1.0 
 ** WARNING ** EPW N22_total_sky_cover < 0 deca [corrected]: month 8, day 18, hour 11, value -1.0 
 ** WARNING ** EPW N23_opaque_sky_cover < 0 deca [corrected]: month 8, day 18, hour 11, value -1.0 
 ** WARNING ** EPW N22_total_sky_cover < 0 deca [corrected]: month 8, day 18, hour 12, value -1.0 
 ** WARNING ** EPW N23_opaque_sky_cover < 0 deca [corrected]: month 8, day 18, hour 12, value -1.0 
 ** WARNING ** EPW N22_total_sky_cover < 0 deca [corrected]: month 8, day 18, hour 13, value -1.0 
 ** WARNING ** EPW N23_opaque_sky_cover < 0 deca [corrected]: month 8, day 18, hour 13, value -1.0 
 ** WARNING ** EPW N22_total_sky_cover < 0 deca [corrected]: month 8, day 18, hour 14, value -1.0 
 ** WARNING ** EPW N23_opaque_sky_cover < 0 deca [corrected]: month 8, day 18, hour 14, value -1.0 
 ** WARNING ** EPW N22_total_sky_cover < 0 deca [corrected]: month 8, day 18, hour 15, value -1.0 
 ** WARNING ** EPW N23_opaque_sky_cover < 0 deca [corrected]: month 8, day 18, hour 15, value -1.0 
 ** WARNING ** EPW N22_total_sky_cover < 0 deca [corrected]: month 8, day 18, hour 16, value -1.0 
 ** WARNING ** EPW N23_opaque_sky_cover < 0 deca [corrected]: month 8, day 18, hour 16, value -1.0 
 ** WARNING ** EPW N22_total_sky_cover < 0 deca [corrected]: month 8, day 18, hour 21, value -1.0 
 ** WARNING ** EPW N23_opaque_sky_cover < 0 deca [corrected]: month 8, day 18, hour 21, value -1.0 
 ** WARNING ** EPW N22_total_sky_cover < 0 deca [corrected]: month 8, day 18, hour 22, value -1.0 
 ** WARNING ** EPW N23_opaque_sky_cover < 0 deca [corrected]: month 8, day 18, hour 22, value -1.0 
 ** WARNING ** EPW N22_total_sky_cover < 0 deca [corrected]: month 8, day 18, hour 23, value -1.0 
 ** WARNING ** EPW N23_opaque_sky_cover < 0 deca [corrected]: month 8, day 18, hour 23, value -1.0 
 ** WARNING ** EPW N22_total_sky_cover < 0 deca [corrected]: month 8, day 18, hour 24, value -1.0 
 ** WARNING ** EPW N23_opaque_sky_cover < 0 deca [corrected]: month 8, day 18, hour 24, value -1.0 
 ** WARNING ** EPW N22_total_sky_cover < 0 deca [corrected]: month 8, day 19, hour 1, value -1.0 
 ** WARNING ** EPW N23_opaque_sky_cover < 0 deca [corrected]: month 8, day 19, hour 1, value -1.0 
 ** WARNING ** EPW N22_total_sky_cover < 0 deca [corrected]: month 8, day 19, hour 2, value -1.0 
 ** WARNING ** EPW N23_opaque_sky_cover < 0 deca [corrected]: month 8, day 19, hour 2, value -1.0 
 ** WARNING ** EPW N22_total_sky_cover < 0 deca [corrected]: month 8, day 19, hour 3, value -1.0 
 ** WARNING ** EPW N23_opaque_sky_cover < 0 deca [corrected]: month 8, day 19, hour 3, value -1.0 
 ** WARNING ** EPW N22_total_sky_cover < 0 deca [corrected]: month 8, day 19, hour 4, value -1.0 
 ** WARNING ** EPW N23_opaque_sky_cover < 0 deca [corrected]: month 8, day 19, hour 4, value -1.0 
 ** WARNING ** EPW N22_total_sky_cover < 0 deca [corrected]: month 8, day 19, hour 5, value -1.0 
 ** WARNING ** EPW N23_opaque_sky_cover < 0 deca [corrected]: month 8, day 19, hour 5, value -1.0 
 ** WARNING ** EPW N17_direct_normal_illuminance < 0 lux [corrected]: month 8, day 19, hour 6, value -150.41168 
 ** WARNING ** EPW N22_total_sky_cover < 0 deca [corrected]: month 8, day 19, hour 6, value -1.0 
 ** WARNING ** EPW N23_opaque_sky_cover < 0 deca [corrected]: month 8, day 19, hour 6, value -1.0 
 ** WARNING ** EPW N22_total_sky_cover < 0 deca [corrected]: month 8, day 19, hour 7, value -1.0 
 ** WARNING ** EPW N23_opaque_sky_cover < 0 deca [corrected]: month 8, day 19, hour 7, value -1.0 
 ** WARNING ** EPW N22_total_sky_cover < 0 deca [corrected]: month 8, day 19, hour 8, value -1.0 
 ** WARNING ** EPW N23_opaque_sky_cover < 0 deca [corrected]: month 8, day 19, hour 8, value -1.0 
 ** WARNING ** EPW N22_total_sky_cover < 0 deca [corrected]: month 8, day 19, hour 9, value -1.0 
 ** WARNING ** EPW N23_opaque_sky_cover < 0 deca [corrected]: month 8, day 19, hour 9, value -1.0 
 ** WARNING ** EPW N22_total_sky_cover < 0 deca [corrected]: month 8, day 19, hour 22, value -1.0 
 ** WARNING ** EPW N23_opaque_sky_cover < 0 deca [corrected]: month 8, day 19, hour 22, value -1.0 
 ** WARNING ** EPW N22_total_sky_cover < 0 deca [corrected]: month 8, day 19, hour 23, value -1.0 
 ** WARNING ** EPW N23_opaque_sky_cover < 0 deca [corrected]: month 8, day 19, hour 23, value -1.0 
 ** WARNING ** EPW N17_direct_normal_illuminance < 0 lux [corrected]: month 8, day 20, hour 6, value -27.415041 
 ** WARNING ** EPW N17_direct_normal_illuminance < 0 lux [corrected]: month 8, day 20, hour 19, value -43.139843 
 ** WARNING ** EPW N22_total_sky_cover < 0 deca [corrected]: month 8, day 21, hour 4, value -1.0 
 ** WARNING ** EPW N23_opaque_sky_cover < 0 deca [corrected]: month 8, day 21, hour 4, value -1.0 
 ** WARNING ** EPW N17_direct_normal_illuminance < 0 lux [corrected]: month 8, day 21, hour 6, value -147.41467 
 ** WARNING ** EPW N17_direct_normal_illuminance < 0 lux [corrected]: month 8, day 22, hour 6, value -158.52914 
 ** WARNING ** EPW N17_direct_normal_illuminance < 0 lux [corrected]: month 8, day 22, hour 19, value -35.54807 
 ** WARNING ** EPW N17_direct_normal_illuminance < 0 lux [corrected]: month 8, day 23, hour 6, value -5.6029525 
 ** WARNING ** EPW N17_direct_normal_illuminance < 0 lux [corrected]: month 8, day 24, hour 6, value -22.657402 
 ** WARNING ** EPW N17_direct_normal_illuminance < 0 lux [corrected]: month 8, day 24, hour 19, value -38.183384 
 ** WARNING ** EPW N17_direct_normal_illuminance < 0 lux [corrected]: month 8, day 25, hour 6, value -23.957983 
 ** WARNING ** EPW N17_direct_normal_illuminance < 0 lux [corrected]: month 8, day 25, hour 19, value -32.492317 
 ** WARNING ** EPW N17_direct_normal_illuminance < 0 lux [corrected]: month 8, day 26, hour 6, value -108.054115 
 ** WARNING ** EPW N17_direct_normal_illuminance < 0 lux [corrected]: month 8, day 26, hour 19, value -26.290155 
 ** WARNING ** EPW N17_direct_normal_illuminance < 0 lux [corrected]: month 8, day 27, hour 6, value -81.03752 
 ** WARNING ** EPW N17_direct_normal_illuminance < 0 lux [corrected]: month 8, day 27, hour 19, value -29.039843 
 ** WARNING ** EPW N17_direct_normal_illuminance < 0 lux [corrected]: month 8, day 28, hour 6, value -81.510666 
 ** WARNING ** EPW N17_direct_normal_illuminance < 0 lux [corrected]: month 8, day 28, hour 19, value -165.966 
 ** WARNING ** EPW N17_direct_normal_illuminance < 0 lux [corrected]: month 8, day 29, hour 6, value -3.0340044 
 ** WARNING ** EPW N17_direct_normal_illuminance < 0 lux [corrected]: month 8, day 29, hour 19, value -17.031225 
 ** WARNING ** EPW N17_direct_normal_illuminance < 0 lux [corrected]: month 8, day 30, hour 6, value -70.77396 
 ** WARNING ** EPW N17_direct_normal_illuminance < 0 lux [corrected]: month 8, day 30, hour 19, value -11.134847 
 ** WARNING ** EPW N17_direct_normal_illuminance < 0 lux [corrected]: month 8, day 31, hour 6, value -9.341069 
 ** WARNING ** EPW N17_direct_normal_illuminance < 0 lux [corrected]: month 8, day 31, hour 19, value -11.05779 
 ** WARNING ** EPW N17_direct_normal_illuminance < 0 lux [corrected]: month 9, day 1, hour 6, value -35.340767 
 ** WARNING ** EPW N17_direct_normal_illuminance < 0 lux [corrected]: month 9, day 1, hour 19, value -8.068497 
 ** WARNING ** EPW N17_direct_normal_illuminance < 0 lux [corrected]: month 9, day 2, hour 6, value -6.6721587 
 ** WARNING ** EPW N17_direct_normal_illuminance < 0 lux [corrected]: month 9, day 2, hour 18, value -0.72598827 
 ** WARNING ** EPW N17_direct_normal_illuminance < 0 lux [corrected]: month 9, day 2, hour 19, value -0.77621347 
 ** WARNING ** EPW N17_direct_normal_illuminance < 0 lux [corrected]: month 9, day 3, hour 6, value -1.1998425 
 ** WARNING ** EPW N17_direct_normal_illuminance < 0 lux [corrected]: month 9, day 3, hour 19, value -48.866314 
 ** WARNING ** EPW N17_direct_normal_illuminance < 0 lux [corrected]: month 9, day 4, hour 6, value -5.280521 
 ** WARNING ** EPW N17_direct_normal_illuminance < 0 lux [corrected]: month 9, day 4, hour 19, value -29.203575 
 ** WARNING ** EPW N17_direct_normal_illuminance < 0 lux [corrected]: month 9, day 5, hour 6, value -3.2577653 
 ** WARNING ** EPW N17_direct_normal_illuminance < 0 lux [corrected]: month 9, day 5, hour 19, value -20.610043 
 ** WARNING ** EPW N17_direct_normal_illuminance < 0 lux [corrected]: month 9, day 6, hour 6, value -11.589564 
 ** WARNING ** EPW N17_direct_normal_illuminance < 0 lux [corrected]: month 9, day 6, hour 19, value -13.289076 
 ** WARNING ** EPW N17_direct_normal_illuminance < 0 lux [corrected]: month 9, day 7, hour 6, value -2.8419876 
 ** WARNING ** EPW N17_direct_normal_illuminance < 0 lux [corrected]: month 9, day 7, hour 19, value -1.4204528 
 ** WARNING ** EPW N17_direct_normal_illuminance < 0 lux [corrected]: month 9, day 8, hour 6, value -1.2918229 
 ** WARNING ** EPW N17_direct_normal_illuminance < 0 lux [corrected]: month 9, day 8, hour 18, value -0.13503921 
 ** WARNING ** EPW N17_direct_normal_illuminance < 0 lux [corrected]: month 9, day 8, hour 19, value -0.30573246 
 ** WARNING ** EPW N17_direct_normal_illuminance < 0 lux [corrected]: month 9, day 9, hour 6, value -1.2771078 
 ** WARNING ** EPW N17_direct_normal_illuminance < 0 lux [corrected]: month 9, day 9, hour 19, value -0.75264007 
 ** WARNING ** EPW N17_direct_normal_illuminance < 0 lux [corrected]: month 9, day 10, hour 6, value -1.000119 
 ** WARNING ** EPW N17_direct_normal_illuminance < 0 lux [corrected]: month 9, day 10, hour 18, value -18.404125 
 ** WARNING ** EPW N17_direct_normal_illuminance < 0 lux [corrected]: month 9, day 10, hour 19, value -0.031964023 
 ** WARNING ** EPW N17_direct_normal_illuminance < 0 lux [corrected]: month 9, day 11, hour 6, value -0.40506864 
 ** WARNING ** EPW N17_direct_normal_illuminance < 0 lux [corrected]: month 9, day 11, hour 7, value -1.8234982 
 ** WARNING ** EPW N17_direct_normal_illuminance < 0 lux [corrected]: month 9, day 11, hour 18, value -29.583694 
 ** WARNING ** EPW N17_direct_normal_illuminance < 0 lux [corrected]: month 9, day 11, hour 19, value -0.0018916903 
 ** WARNING ** EPW N17_direct_normal_illuminance < 0 lux [corrected]: month 9, day 12, hour 6, value -0.29514322 
 ** WARNING ** EPW N17_direct_normal_illuminance < 0 lux [corrected]: month 9, day 12, hour 7, value -2.6230328 
 ** WARNING ** EPW N17_direct_normal_illuminance < 0 lux [corrected]: month 9, day 12, hour 19, value -0.0026585516 
 ** WARNING ** EPW N17_direct_normal_illuminance < 0 lux [corrected]: month 9, day 13, hour 6, value -1.6532235 
 ** WARNING ** EPW N17_direct_normal_illuminance < 0 lux [corrected]: month 9, day 13, hour 19, value -0.0010415792 
 ** WARNING ** EPW N17_direct_normal_illuminance < 0 lux [corrected]: month 9, day 14, hour 6, value -0.4906348 
 ** WARNING ** EPW N17_direct_normal_illuminance < 0 lux [corrected]: month 9, day 15, hour 6, value -0.47480315 
 ** WARNING ** EPW N17_direct_normal_illuminance < 0 lux [corrected]: month 9, day 16, hour 6, value -0.08924268 
 ** WARNING ** EPW N17_direct_normal_illuminance < 0 lux [corrected]: month 9, day 17, hour 6, value -0.04601252 
 ** WARNING ** EPW N17_direct_normal_illuminance < 0 lux [corrected]: month 9, day 18, hour 6, value -0.03682037 
 ** WARNING ** EPW N17_direct_normal_illuminance < 0 lux [corrected]: month 9, day 18, hour 18, value -52.739834 
 ** WARNING ** EPW N17_direct_normal_illuminance < 0 lux [corrected]: month 9, day 19, hour 6, value -0.0016736643 
 ** WARNING ** EPW N17_direct_normal_illuminance < 0 lux [corrected]: month 9, day 19, hour 7, value -20.098955 
 ** WARNING ** EPW N17_direct_normal_illuminance < 0 lux [corrected]: month 9, day 19, hour 18, value -7.955163 
 ** WARNING ** EPW N17_direct_normal_illuminance < 0 lux [corrected]: month 9, day 20, hour 6, value -9.822994E-4 
 ** WARNING ** EPW N17_direct_normal_illuminance < 0 lux [corrected]: month 9, day 20, hour 7, value -45.453472 
 ** WARNING ** EPW N17_direct_normal_illuminance < 0 lux [corrected]: month 9, day 20, hour 18, value -48.999878 
 ** WARNING ** EPW N17_direct_normal_illuminance < 0 lux [corrected]: month 9, day 21, hour 7, value -25.169804 
 ** WARNING ** EPW N17_direct_normal_illuminance < 0 lux [corrected]: month 9, day 22, hour 7, value -27.023281 
 ** WARNING ** EPW N17_direct_normal_illuminance < 0 lux [corrected]: month 9, day 22, hour 18, value -34.920708 
 ** WARNING ** EPW N17_direct_normal_illuminance < 0 lux [corrected]: month 9, day 23, hour 7, value -25.848452 
 ** WARNING ** EPW N17_direct_normal_illuminance < 0 lux [corrected]: month 9, day 23, hour 18, value -32.2328 
 ** WARNING ** EPW N17_direct_normal_illuminance < 0 lux [corrected]: month 9, day 24, hour 7, value -4.99472 
 ** WARNING ** EPW N17_direct_normal_illuminance < 0 lux [corrected]: month 9, day 24, hour 18, value -27.293041 
 ** WARNING ** EPW N17_direct_normal_illuminance < 0 lux [corrected]: month 9, day 25, hour 7, value -31.241928 
 ** WARNING ** EPW N17_direct_normal_illuminance < 0 lux [corrected]: month 9, day 26, hour 7, value -27.012505 
 ** WARNING ** EPW N17_direct_normal_illuminance < 0 lux [corrected]: month 9, day 26, hour 18, value -1.9874178 
 ** WARNING ** EPW N17_direct_normal_illuminance < 0 lux [corrected]: month 9, day 27, hour 7, value -192.76866 
 ** WARNING ** EPW N17_direct_normal_illuminance < 0 lux [corrected]: month 9, day 27, hour 18, value -119.59713 
 ** WARNING ** EPW N17_direct_normal_illuminance < 0 lux [corrected]: month 9, day 28, hour 7, value -33.894184 
 ** WARNING ** EPW N17_direct_normal_illuminance < 0 lux [corrected]: month 9, day 28, hour 18, value -1.6710314 
 ** WARNING ** EPW N17_direct_normal_illuminance < 0 lux [corrected]: month 9, day 29, hour 7, value -6.4922233 
 ** WARNING ** EPW N17_direct_normal_illuminance < 0 lux [corrected]: month 9, day 29, hour 17, value -2.236322 
 ** WARNING ** EPW N17_direct_normal_illuminance < 0 lux [corrected]: month 9, day 29, hour 18, value -0.6383763 
 ** WARNING ** EPW N17_direct_normal_illuminance < 0 lux [corrected]: month 9, day 30, hour 7, value -40.789036 
 ** WARNING ** EPW N17_direct_normal_illuminance < 0 lux [corrected]: month 9, day 30, hour 17, value -1.4192907 
 ** WARNING ** EPW N17_direct_normal_illuminance < 0 lux [corrected]: month 9, day 30, hour 18, value -0.5034061 
 ** WARNING ** EPW N17_direct_normal_illuminance < 0 lux [corrected]: month 10, day 1, hour 18, value -80.95393 
 ** WARNING ** EPW N17_direct_normal_illuminance < 0 lux [corrected]: month 10, day 2, hour 18, value -3.959811 
 ** WARNING ** EPW N17_direct_normal_illuminance < 0 lux [corrected]: month 10, day 3, hour 7, value -30.819382 
 ** WARNING ** EPW N17_direct_normal_illuminance < 0 lux [corrected]: month 10, day 3, hour 18, value -1.3712807 
 ** WARNING ** EPW N17_direct_normal_illuminance < 0 lux [corrected]: month 10, day 4, hour 7, value -4.709313 
 ** WARNING ** EPW N17_direct_normal_illuminance < 0 lux [corrected]: month 10, day 4, hour 18, value -2.7887065 
 ** WARNING ** EPW N17_direct_normal_illuminance < 0 lux [corrected]: month 10, day 5, hour 7, value -27.856855 
 ** WARNING ** EPW N17_direct_normal_illuminance < 0 lux [corrected]: month 10, day 5, hour 17, value -6.211268 
 ** WARNING ** EPW N17_direct_normal_illuminance < 0 lux [corrected]: month 10, day 5, hour 18, value -0.033331383 
 ** WARNING ** EPW N17_direct_normal_illuminance < 0 lux [corrected]: month 10, day 6, hour 7, value -20.497698 
 ** WARNING ** EPW N17_direct_normal_illuminance < 0 lux [corrected]: month 10, day 6, hour 18, value -2.7147546 
 ** WARNING ** EPW N17_direct_normal_illuminance < 0 lux [corrected]: month 10, day 7, hour 7, value -2.6366937 
 ** WARNING ** EPW N17_direct_normal_illuminance < 0 lux [corrected]: month 10, day 7, hour 17, value -7.3803153 
 ** WARNING ** EPW N17_direct_normal_illuminance < 0 lux [corrected]: month 10, day 7, hour 18, value -0.005210016 
 ** WARNING ** EPW N17_direct_normal_illuminance < 0 lux [corrected]: month 10, day 8, hour 7, value -133.16519 
 ** WARNING ** EPW N17_direct_normal_illuminance < 0 lux [corrected]: month 10, day 8, hour 18, value -0.081760846 
 ** WARNING ** EPW N17_direct_normal_illuminance < 0 lux [corrected]: month 10, day 9, hour 7, value -16.226156 
 ** WARNING ** EPW N17_direct_normal_illuminance < 0 lux [corrected]: month 10, day 9, hour 17, value -7.643478 
 ** WARNING ** EPW N17_direct_normal_illuminance < 0 lux [corrected]: month 10, day 9, hour 18, value -5.36468E-4 
 ** WARNING ** EPW N17_direct_normal_illuminance < 0 lux [corrected]: month 10, day 10, hour 7, value -2.2810996 
 ** WARNING ** EPW N17_direct_normal_illuminance < 0 lux [corrected]: month 10, day 10, hour 17, value -7.3669844 
 ** WARNING ** EPW N17_direct_normal_illuminance < 0 lux [corrected]: month 10, day 11, hour 7, value -63.75484 
 ** WARNING ** EPW N17_direct_normal_illuminance < 0 lux [corrected]: month 10, day 12, hour 7, value -69.01054 
 ** WARNING ** EPW N17_direct_normal_illuminance < 0 lux [corrected]: month 10, day 13, hour 7, value -19.706842 
 ** WARNING ** EPW N17_direct_normal_illuminance < 0 lux [corrected]: month 10, day 14, hour 7, value -44.813267 
 ** WARNING ** EPW N17_direct_normal_illuminance < 0 lux [corrected]: month 10, day 14, hour 17, value -9.6021185 
 ** WARNING ** EPW N17_direct_normal_illuminance < 0 lux [corrected]: month 10, day 15, hour 7, value -11.947132 
 ** WARNING ** EPW N17_direct_normal_illuminance < 0 lux [corrected]: month 10, day 15, hour 17, value -9.579823 
 ** WARNING ** EPW N17_direct_normal_illuminance < 0 lux [corrected]: month 10, day 16, hour 7, value -11.469497 
 ** WARNING ** EPW N17_direct_normal_illuminance < 0 lux [corrected]: month 10, day 16, hour 17, value -11.53948 
 ** WARNING ** EPW N17_direct_normal_illuminance < 0 lux [corrected]: month 10, day 17, hour 7, value -14.7227955 
 ** WARNING ** EPW N17_direct_normal_illuminance < 0 lux [corrected]: month 10, day 18, hour 7, value -7.619405 
 ** WARNING ** EPW N17_direct_normal_illuminance < 0 lux [corrected]: month 10, day 18, hour 17, value -67.53121 
 ** WARNING ** EPW N17_direct_normal_illuminance < 0 lux [corrected]: month 10, day 19, hour 7, value -7.2203703 
 ** WARNING ** EPW N17_direct_normal_illuminance < 0 lux [corrected]: month 10, day 19, hour 17, value -62.69063 
 ** WARNING ** EPW N17_direct_normal_illuminance < 0 lux [corrected]: month 10, day 20, hour 7, value -0.62689567 
 ** WARNING ** EPW N17_direct_normal_illuminance < 0 lux [corrected]: month 10, day 20, hour 8, value -17.576818 
 ** WARNING ** EPW N17_direct_normal_illuminance < 0 lux [corrected]: month 10, day 20, hour 17, value -7.1201344 
 ** WARNING ** EPW N17_direct_normal_illuminance < 0 lux [corrected]: month 10, day 21, hour 7, value -0.44393557 
 ** WARNING ** EPW N17_direct_normal_illuminance < 0 lux [corrected]: month 10, day 21, hour 8, value -23.473543 
 ** WARNING ** EPW N17_direct_normal_illuminance < 0 lux [corrected]: month 10, day 21, hour 17, value -127.88938 
 ** WARNING ** EPW N17_direct_normal_illuminance < 0 lux [corrected]: month 10, day 22, hour 7, value -0.29065925 
 ** WARNING ** EPW N17_direct_normal_illuminance < 0 lux [corrected]: month 10, day 23, hour 7, value -0.0382762 
 ** WARNING ** EPW N17_direct_normal_illuminance < 0 lux [corrected]: month 10, day 23, hour 8, value -28.055717 
 ** WARNING ** EPW N17_direct_normal_illuminance < 0 lux [corrected]: month 10, day 23, hour 17, value -3.7072227 
 ** WARNING ** EPW N17_direct_normal_illuminance < 0 lux [corrected]: month 10, day 24, hour 7, value -0.098422654 
 ** WARNING ** EPW N17_direct_normal_illuminance < 0 lux [corrected]: month 10, day 25, hour 7, value -0.012831469 
 ** WARNING ** EPW N17_direct_normal_illuminance < 0 lux [corrected]: month 10, day 26, hour 8, value -8.019011 
 ** WARNING ** EPW N17_direct_normal_illuminance < 0 lux [corrected]: month 10, day 26, hour 16, value -0.92732775 
 ** WARNING ** EPW N17_direct_normal_illuminance < 0 lux [corrected]: month 10, day 26, hour 17, value -2.1138225 
 ** WARNING ** EPW N17_direct_normal_illuminance < 0 lux [corrected]: month 10, day 27, hour 8, value -10.128459 
 ** WARNING ** EPW N17_direct_normal_illuminance < 0 lux [corrected]: month 10, day 27, hour 16, value -3.1970937 
 ** WARNING ** EPW N17_direct_normal_illuminance < 0 lux [corrected]: month 10, day 27, hour 17, value -14.652476 
 ** WARNING ** EPW N17_direct_normal_illuminance < 0 lux [corrected]: month 10, day 28, hour 17, value -163.38231 
 ** WARNING ** EPW N17_direct_normal_illuminance < 0 lux [corrected]: month 10, day 29, hour 17, value -8.400293 
 ** WARNING ** EPW N17_direct_normal_illuminance < 0 lux [corrected]: month 10, day 30, hour 8, value -10.524296 
 ** WARNING ** EPW N17_direct_normal_illuminance < 0 lux [corrected]: month 10, day 30, hour 16, value -5.0068793 
 ** WARNING ** EPW N17_direct_normal_illuminance < 0 lux [corrected]: month 10, day 30, hour 17, value -0.54833794 
 ** WARNING ** EPW N17_direct_normal_illuminance < 0 lux [corrected]: month 10, day 31, hour 8, value -10.258645 
 ** WARNING ** EPW N17_direct_normal_illuminance < 0 lux [corrected]: month 10, day 31, hour 16, value -6.3911076 
 ** WARNING ** EPW N17_direct_normal_illuminance < 0 lux [corrected]: month 10, day 31, hour 17, value -0.42858624 
 ** WARNING ** EPW N17_direct_normal_illuminance < 0 lux [corrected]: month 11, day 1, hour 8, value -67.30754 
 ** WARNING ** EPW N17_direct_normal_illuminance < 0 lux [corrected]: month 11, day 1, hour 16, value -0.8304744 
 ** WARNING ** EPW N17_direct_normal_illuminance < 0 lux [corrected]: month 11, day 1, hour 17, value -1.7314943 
 ** WARNING ** EPW N17_direct_normal_illuminance < 0 lux [corrected]: month 11, day 2, hour 16, value -0.73713356 
 ** WARNING ** EPW N17_direct_normal_illuminance < 0 lux [corrected]: month 11, day 2, hour 17, value -22.195156 
 ** WARNING ** EPW N17_direct_normal_illuminance < 0 lux [corrected]: month 11, day 3, hour 17, value -9.693326 
 ** WARNING ** EPW N17_direct_normal_illuminance < 0 lux [corrected]: month 11, day 4, hour 17, value -9.517998 
 ** WARNING ** EPW N17_direct_normal_illuminance < 0 lux [corrected]: month 11, day 5, hour 17, value -4.6981425 
 ** WARNING ** EPW N17_direct_normal_illuminance < 0 lux [corrected]: month 11, day 6, hour 17, value -0.044532448 
 ** WARNING ** EPW N17_direct_normal_illuminance < 0 lux [corrected]: month 11, day 7, hour 8, value -52.493828 
 ** WARNING ** EPW N17_direct_normal_illuminance < 0 lux [corrected]: month 11, day 7, hour 16, value -75.9742 
 ** WARNING ** EPW N17_direct_normal_illuminance < 0 lux [corrected]: month 11, day 7, hour 17, value -0.019697594 
 ** WARNING ** EPW N17_direct_normal_illuminance < 0 lux [corrected]: month 11, day 8, hour 8, value -52.85842 
 ** WARNING ** EPW N17_direct_normal_illuminance < 0 lux [corrected]: month 11, day 8, hour 16, value -97.865524 
 ** WARNING ** EPW N17_direct_normal_illuminance < 0 lux [corrected]: month 11, day 8, hour 17, value -0.015954109 
 ** WARNING ** EPW N17_direct_normal_illuminance < 0 lux [corrected]: month 11, day 9, hour 8, value -55.747353 
 ** WARNING ** EPW N17_direct_normal_illuminance < 0 lux [corrected]: month 11, day 9, hour 16, value -102.304726 
 ** WARNING ** EPW N17_direct_normal_illuminance < 0 lux [corrected]: month 11, day 10, hour 8, value -17.755667 
 ** WARNING ** EPW N17_direct_normal_illuminance < 0 lux [corrected]: month 11, day 10, hour 16, value -13.327649 
 ** WARNING ** EPW N17_direct_normal_illuminance < 0 lux [corrected]: month 11, day 11, hour 8, value -34.271427 
 ** WARNING ** EPW N17_direct_normal_illuminance < 0 lux [corrected]: month 11, day 11, hour 9, value -2.2139497 
 ** WARNING ** EPW N17_direct_normal_illuminance < 0 lux [corrected]: month 11, day 11, hour 16, value -121.23899 
 ** WARNING ** EPW N17_direct_normal_illuminance < 0 lux [corrected]: month 11, day 12, hour 8, value -25.176495 
 ** WARNING ** EPW N17_direct_normal_illuminance < 0 lux [corrected]: month 11, day 12, hour 16, value -126.95768 
 ** WARNING ** EPW N17_direct_normal_illuminance < 0 lux [corrected]: month 11, day 13, hour 8, value -29.571642 
 ** WARNING ** EPW N17_direct_normal_illuminance < 0 lux [corrected]: month 11, day 13, hour 16, value -134.40855 
 ** WARNING ** EPW N17_direct_normal_illuminance < 0 lux [corrected]: month 11, day 14, hour 8, value -2.9288616 
 ** WARNING ** EPW N17_direct_normal_illuminance < 0 lux [corrected]: month 11, day 14, hour 9, value -4.229194 
 ** WARNING ** EPW N17_direct_normal_illuminance < 0 lux [corrected]: month 11, day 14, hour 16, value -142.62576 
 ** WARNING ** EPW N17_direct_normal_illuminance < 0 lux [corrected]: month 11, day 15, hour 8, value -19.671486 
 ** WARNING ** EPW N17_direct_normal_illuminance < 0 lux [corrected]: month 11, day 15, hour 16, value -133.52266 
 ** WARNING ** EPW N17_direct_normal_illuminance < 0 lux [corrected]: month 11, day 16, hour 8, value -30.519627 
 ** WARNING ** EPW N17_direct_normal_illuminance < 0 lux [corrected]: month 11, day 16, hour 16, value -15.60467 
 ** WARNING ** EPW N17_direct_normal_illuminance < 0 lux [corrected]: month 11, day 17, hour 8, value -7.6485777 
 ** WARNING ** EPW N17_direct_normal_illuminance < 0 lux [corrected]: month 11, day 18, hour 8, value -97.63434 
 ** WARNING ** EPW N17_direct_normal_illuminance < 0 lux [corrected]: month 11, day 19, hour 8, value -38.444794 
 ** WARNING ** EPW N17_direct_normal_illuminance < 0 lux [corrected]: month 11, day 20, hour 8, value -39.835033 
 ** WARNING ** EPW N17_direct_normal_illuminance < 0 lux [corrected]: month 11, day 20, hour 16, value -183.52669 
 ** WARNING ** EPW N17_direct_normal_illuminance < 0 lux [corrected]: month 11, day 21, hour 8, value -3.1572511 
 ** WARNING ** EPW N17_direct_normal_illuminance < 0 lux [corrected]: month 11, day 21, hour 9, value -31.34912 
 ** WARNING ** EPW N17_direct_normal_illuminance < 0 lux [corrected]: month 11, day 21, hour 16, value -169.5516 
 ** WARNING ** EPW N17_direct_normal_illuminance < 0 lux [corrected]: month 11, day 22, hour 8, value -1.0958366 
 ** WARNING ** EPW N17_direct_normal_illuminance < 0 lux [corrected]: month 11, day 22, hour 9, value -57.417473 
 ** WARNING ** EPW N17_direct_normal_illuminance < 0 lux [corrected]: month 11, day 22, hour 16, value -155.33652 
 ** WARNING ** EPW N17_direct_normal_illuminance < 0 lux [corrected]: month 11, day 23, hour 8, value -1.0656878 
 ** WARNING ** EPW N17_direct_normal_illuminance < 0 lux [corrected]: month 11, day 23, hour 9, value -53.23641 
 ** WARNING ** EPW N17_direct_normal_illuminance < 0 lux [corrected]: month 11, day 23, hour 15, value -0.24395415 
 ** WARNING ** EPW N17_direct_normal_illuminance < 0 lux [corrected]: month 11, day 23, hour 16, value -166.87311 
 ** WARNING ** EPW N17_direct_normal_illuminance < 0 lux [corrected]: month 11, day 24, hour 8, value -0.23009962 
 ** WARNING ** EPW N17_direct_normal_illuminance < 0 lux [corrected]: month 11, day 24, hour 9, value -72.00336 
 ** WARNING ** EPW N17_direct_normal_illuminance < 0 lux [corrected]: month 11, day 24, hour 16, value -14.988241 
 ** WARNING ** EPW N17_direct_normal_illuminance < 0 lux [corrected]: month 11, day 25, hour 8, value -0.140829 
 ** WARNING ** EPW N17_direct_normal_illuminance < 0 lux [corrected]: month 11, day 25, hour 9, value -80.611465 
 ** WARNING ** EPW N17_direct_normal_illuminance < 0 lux [corrected]: month 11, day 25, hour 16, value -159.14226 
 ** WARNING ** EPW N17_direct_normal_illuminance < 0 lux [corrected]: month 11, day 26, hour 8, value -0.019002173 
 ** WARNING ** EPW N17_direct_normal_illuminance < 0 lux [corrected]: month 11, day 26, hour 9, value -11.058089 
 ** WARNING ** EPW N17_direct_normal_illuminance < 0 lux [corrected]: month 11, day 27, hour 8, value -0.008345117 
 ** WARNING ** EPW N17_direct_normal_illuminance < 0 lux [corrected]: month 11, day 27, hour 9, value -90.24765 
 ** WARNING ** EPW N17_direct_normal_illuminance < 0 lux [corrected]: month 11, day 28, hour 8, value -0.005027868 
 ** WARNING ** EPW N17_direct_normal_illuminance < 0 lux [corrected]: month 11, day 28, hour 9, value -92.958176 
 ** WARNING ** EPW N17_direct_normal_illuminance < 0 lux [corrected]: month 11, day 28, hour 16, value -113.20871 
 ** WARNING ** EPW N17_direct_normal_illuminance < 0 lux [corrected]: month 11, day 29, hour 9, value -98.28755 
 ** WARNING ** EPW N17_direct_normal_illuminance < 0 lux [corrected]: month 11, day 29, hour 16, value -114.76641 
 ** WARNING ** EPW N17_direct_normal_illuminance < 0 lux [corrected]: month 11, day 30, hour 9, value -11.778983 
 ** WARNING ** EPW N17_direct_normal_illuminance < 0 lux [corrected]: month 11, day 30, hour 16, value -117.74818 
 ** WARNING ** EPW N17_direct_normal_illuminance < 0 lux [corrected]: month 12, day 1, hour 8, value -0.0031942965 
 ** WARNING ** EPW N17_direct_normal_illuminance < 0 lux [corrected]: month 12, day 2, hour 8, value -0.0017844117 
 ** WARNING ** EPW N17_direct_normal_illuminance < 0 lux [corrected]: month 12, day 2, hour 9, value -149.60143 
 ** WARNING ** EPW N8_relative_humidity > 110 % [corrected]: month 12, day 3, hour 6, value 110.114944 
 ** WARNING ** EPW N17_direct_normal_illuminance < 0 lux [corrected]: month 12, day 3, hour 8, value -6.715688E-4 
 ** WARNING ** EPW N17_direct_normal_illuminance < 0 lux [corrected]: month 12, day 3, hour 9, value -157.8784 
 ** WARNING ** EPW N8_relative_humidity > 110 % [corrected]: month 12, day 4, hour 3, value 110.13678 
 ** WARNING ** EPW N8_relative_humidity > 110 % [corrected]: month 12, day 4, hour 4, value 110.13678 
 ** WARNING ** EPW N8_relative_humidity > 110 % [corrected]: month 12, day 4, hour 6, value 110.380104 
 ** WARNING ** EPW N8_relative_humidity > 110 % [corrected]: month 12, day 4, hour 7, value 110.27864 
 ** WARNING ** EPW N8_relative_humidity > 110 % [corrected]: month 12, day 4, hour 8, value 110.380104 
 ** WARNING ** EPW N17_direct_normal_illuminance < 0 lux [corrected]: month 12, day 5, hour 16, value -55.111305 
 ** WARNING ** EPW N17_direct_normal_illuminance < 0 lux [corrected]: month 12, day 6, hour 9, value -51.054493 
 ** WARNING ** EPW N8_relative_humidity > 110 % [corrected]: month 12, day 7, hour 5, value 110.391106 
 ** WARNING ** EPW N8_relative_humidity > 110 % [corrected]: month 12, day 7, hour 6, value 110.525536 
 ** WARNING ** EPW N8_relative_humidity > 110 % [corrected]: month 12, day 7, hour 7, value 110.77245 
 ** WARNING ** EPW N8_relative_humidity > 110 % [corrected]: month 12, day 7, hour 8, value 111.52757 
 ** WARNING ** EPW N8_relative_humidity > 110 % [corrected]: month 12, day 7, hour 9, value 110.18418 
 ** WARNING ** EPW N17_direct_normal_illuminance < 0 lux [corrected]: month 12, day 8, hour 9, value -10.815875 
 ** WARNING ** EPW N17_direct_normal_illuminance < 0 lux [corrected]: month 12, day 8, hour 15, value -7.9446783 
 ** WARNING ** EPW N17_direct_normal_illuminance < 0 lux [corrected]: month 12, day 8, hour 16, value -3.5012083 
 ** WARNING ** EPW N17_direct_normal_illuminance < 0 lux [corrected]: month 12, day 9, hour 15, value -7.684457 
 ** WARNING ** EPW N17_direct_normal_illuminance < 0 lux [corrected]: month 12, day 9, hour 16, value -3.5593717 
 ** WARNING ** EPW N17_direct_normal_illuminance < 0 lux [corrected]: month 12, day 10, hour 9, value -56.355446 
 ** WARNING ** EPW N17_direct_normal_illuminance < 0 lux [corrected]: month 12, day 10, hour 16, value -42.746746 
 ** WARNING ** EPW N8_relative_humidity > 110 % [corrected]: month 12, day 11, hour 6, value 110.273705 
 ** WARNING ** EPW N8_relative_humidity > 110 % [corrected]: month 12, day 11, hour 9, value 110.74623 
 ** WARNING ** EPW N17_direct_normal_illuminance < 0 lux [corrected]: month 12, day 11, hour 9, value -60.60238 
 ** WARNING ** EPW N17_direct_normal_illuminance < 0 lux [corrected]: month 12, day 11, hour 16, value -44.436268 
 ** WARNING ** EPW N17_direct_normal_illuminance < 0 lux [corrected]: month 12, day 12, hour 9, value -10.337944 
 ** WARNING ** EPW N17_direct_normal_illuminance < 0 lux [corrected]: month 12, day 12, hour 15, value -7.178903 
 ** WARNING ** EPW N17_direct_normal_illuminance < 0 lux [corrected]: month 12, day 12, hour 16, value -46.701347 
 ** WARNING ** EPW N8_relative_humidity > 110 % [corrected]: month 12, day 13, hour 7, value 110.36173 
 ** WARNING ** EPW N17_direct_normal_illuminance < 0 lux [corrected]: month 12, day 13, hour 16, value -48.32408 
 ** WARNING ** EPW N17_direct_normal_illuminance < 0 lux [corrected]: month 12, day 14, hour 9, value -70.34657 
 ** WARNING ** EPW N17_direct_normal_illuminance < 0 lux [corrected]: month 12, day 14, hour 15, value -7.165094 
 ** WARNING ** EPW N17_direct_normal_illuminance < 0 lux [corrected]: month 12, day 14, hour 16, value -3.7019534 
 ** WARNING ** EPW N17_direct_normal_illuminance < 0 lux [corrected]: month 12, day 15, hour 9, value -9.125784 
 ** WARNING ** EPW N17_direct_normal_illuminance < 0 lux [corrected]: month 12, day 15, hour 10, value -1.5288396 
 ** WARNING ** EPW N17_direct_normal_illuminance < 0 lux [corrected]: month 12, day 16, hour 9, value -160.77704 
 ** WARNING ** EPW N17_direct_normal_illuminance < 0 lux [corrected]: month 12, day 16, hour 16, value -47.853813 
 ** WARNING ** EPW N17_direct_normal_illuminance < 0 lux [corrected]: month 12, day 17, hour 9, value -10.098278 
 ** WARNING ** EPW N17_direct_normal_illuminance < 0 lux [corrected]: month 12, day 17, hour 10, value -1.8617064 
 ** WARNING ** EPW N17_direct_normal_illuminance < 0 lux [corrected]: month 12, day 18, hour 9, value -9.764721 
 ** WARNING ** EPW N17_direct_normal_illuminance < 0 lux [corrected]: month 12, day 18, hour 16, value -3.60605 
 ** WARNING ** EPW N17_direct_normal_illuminance < 0 lux [corrected]: month 12, day 19, hour 9, value -59.216393 
 ** WARNING ** EPW N17_direct_normal_illuminance < 0 lux [corrected]: month 12, day 19, hour 15, value -7.9047074 
 ** WARNING ** EPW N17_direct_normal_illuminance < 0 lux [corrected]: month 12, day 19, hour 16, value -43.604656 
 ** WARNING ** EPW N17_direct_normal_illuminance < 0 lux [corrected]: month 12, day 20, hour 9, value -10.10099 
 ** WARNING ** EPW N17_direct_normal_illuminance < 0 lux [corrected]: month 12, day 20, hour 10, value -2.7253523 
 ** WARNING ** EPW N17_direct_normal_illuminance < 0 lux [corrected]: month 12, day 20, hour 16, value -46.714516 
 ** WARNING ** EPW N17_direct_normal_illuminance < 0 lux [corrected]: month 12, day 21, hour 9, value -60.337215 
 ** WARNING ** EPW N17_direct_normal_illuminance < 0 lux [corrected]: month 12, day 21, hour 16, value -65.56795 
 ** WARNING ** EPW N17_direct_normal_illuminance < 0 lux [corrected]: month 12, day 22, hour 9, value -10.083091 
 ** WARNING ** EPW N17_direct_normal_illuminance < 0 lux [corrected]: month 12, day 22, hour 10, value -3.1502473 
 ** WARNING ** EPW N17_direct_normal_illuminance < 0 lux [corrected]: month 12, day 22, hour 15, value -8.67822 
 ** WARNING ** EPW N17_direct_normal_illuminance < 0 lux [corrected]: month 12, day 23, hour 9, value -48.694874 
 ** WARNING ** EPW N17_direct_normal_illuminance < 0 lux [corrected]: month 12, day 23, hour 15, value -1.5118148 
 ** WARNING ** EPW N17_direct_normal_illuminance < 0 lux [corrected]: month 12, day 23, hour 16, value -4.089516 
 ** WARNING ** EPW N17_direct_normal_illuminance < 0 lux [corrected]: month 12, day 24, hour 9, value -9.924374 
 ** WARNING ** EPW N17_direct_normal_illuminance < 0 lux [corrected]: month 12, day 24, hour 10, value -3.4965332 
 ** WARNING ** EPW N17_direct_normal_illuminance < 0 lux [corrected]: month 12, day 24, hour 15, value -7.99942 
 ** WARNING ** EPW N17_direct_normal_illuminance < 0 lux [corrected]: month 12, day 24, hour 16, value -7.8100123 
 ** WARNING ** EPW N17_direct_normal_illuminance < 0 lux [corrected]: month 12, day 25, hour 9, value -10.146838 
 ** WARNING ** EPW N17_direct_normal_illuminance < 0 lux [corrected]: month 12, day 25, hour 16, value -61.116806 
 ** WARNING ** EPW N17_direct_normal_illuminance < 0 lux [corrected]: month 12, day 27, hour 9, value -6.102858 
 ** WARNING ** EPW N17_direct_normal_illuminance < 0 lux [corrected]: month 12, day 27, hour 10, value -3.866092 
 ** WARNING ** EPW N17_direct_normal_illuminance < 0 lux [corrected]: month 12, day 27, hour 16, value -88.123604 
 ** WARNING ** EPW N17_direct_normal_illuminance < 0 lux [corrected]: month 12, day 28, hour 9, value -6.170272 
 ** WARNING ** EPW N17_direct_normal_illuminance < 0 lux [corrected]: month 12, day 28, hour 10, value -3.8036451 
 ** WARNING ** EPW N17_direct_normal_illuminance < 0 lux [corrected]: month 12, day 29, hour 9, value -6.019707 
 ** WARNING ** EPW N17_direct_normal_illuminance < 0 lux [corrected]: month 12, day 29, hour 10, value -3.0921164 
 ** WARNING ** EPW N17_direct_normal_illuminance < 0 lux [corrected]: month 12, day 29, hour 15, value -5.822295 
 ** WARNING ** EPW N17_direct_normal_illuminance < 0 lux [corrected]: month 12, day 29, hour 16, value -74.70521 
 ** WARNING ** EPW N17_direct_normal_illuminance < 0 lux [corrected]: month 12, day 30, hour 9, value -218.63281 
 ** WARNING ** EPW N17_direct_normal_illuminance < 0 lux [corrected]: month 12, day 31, hour 9, value -47.905193 
 ** WARNING ** EPW N17_direct_normal_illuminance < 0 lux [corrected]: month 12, day 31, hour 10, value -2.383204 
 ** WARNING ** EPW N17_direct_normal_illuminance < 0 lux [corrected]: month 12, day 31, hour 16, value -93.331154 
