#############################################################
#################### ERRORS AND WARNINGS ####################
#############################################################

 ** WARNING ** EPW Solar hour adjustment for the month of Jan: 55 [min] and N13 (GHR) shift: 0 [h].
 ** WARNING ** EPW Solar hour adjustment for the month of Feb: 63 [min] and N13 (GHR) shift: 0 [h].
 ** WARNING ** EPW Solar hour adjustment for the month of Mar: 57 [min] and N13 (GHR) shift: 0 [h].
 ** WARNING ** EPW Solar hour adjustment for the month of Apr: 57 [min] and N13 (GHR) shift: 0 [h].
 ** WARNING ** EPW Solar hour adjustment for the month of May: 56 [min] and N13 (GHR) shift: 0 [h].
 ** WARNING ** EPW Solar hour adjustment for the month of Jun: 55 [min] and N13 (GHR) shift: 0 [h].
 ** WARNING ** EPW Solar hour adjustment for the month of Jul: 57 [min] and N13 (GHR) shift: 0 [h].
 ** WARNING ** EPW Solar hour adjustment for the month of Aug: 58 [min] and N13 (GHR) shift: 0 [h].
 ** WARNING ** EPW Solar hour adjustment for the month of Sep: 57 [min] and N13 (GHR) shift: 0 [h].
 ** WARNING ** EPW Solar hour adjustment for the month of Oct: 59 [min] and N13 (GHR) shift: 0 [h].
 ** WARNING ** EPW Solar hour adjustment for the month of Nov: 58 [min] and N13 (GHR) shift: 0 [h].
 ** WARNING ** EPW Solar hour adjustment for the month of Dec: 54 [min] and N13 (GHR) shift: 0 [h].

 ** WARNING ** EPW N8_relative_humidity > 110 % [corrected]: month 1, day 1, hour 5, value 110.06309 
 ** WARNING ** EPW N8_relative_humidity > 110 % [corrected]: month 1, day 1, hour 6, value 110.46408 
 ** WARNING ** EPW N17_direct_normal_illuminance < 0 lux [corrected]: month 1, day 1, hour 16, value -14.673537 
 ** WARNING ** EPW N17_direct_normal_illuminance < 0 lux [corrected]: month 1, day 2, hour 9, value -66.0401 
 ** WARNING ** EPW N17_direct_normal_illuminance < 0 lux [corrected]: month 1, day 2, hour 10, value -4.0532107 
 ** WARNING ** EPW N17_direct_normal_illuminance < 0 lux [corrected]: month 1, day 2, hour 16, value -167.66885 
 ** WARNING ** EPW N17_direct_normal_illuminance < 0 lux [corrected]: month 1, day 3, hour 9, value -78.1132 
 ** WARNING ** EPW N17_direct_normal_illuminance < 0 lux [corrected]: month 1, day 3, hour 16, value -189.72092 
 ** WARNING ** EPW N17_direct_normal_illuminance < 0 lux [corrected]: month 1, day 5, hour 9, value -11.652214 
 ** WARNING ** EPW N17_direct_normal_illuminance < 0 lux [corrected]: month 1, day 6, hour 15, value -1.0143145 
 ** WARNING ** EPW N17_direct_normal_illuminance < 0 lux [corrected]: month 1, day 6, hour 16, value -229.5886 
 ** WARNING ** EPW N17_direct_normal_illuminance < 0 lux [corrected]: month 1, day 8, hour 9, value -87.53773 
 ** WARNING ** EPW N17_direct_normal_illuminance < 0 lux [corrected]: month 1, day 8, hour 10, value -1.638849 
 ** WARNING ** EPW N17_direct_normal_illuminance < 0 lux [corrected]: month 1, day 8, hour 15, value -0.8967666 
 ** WARNING ** EPW N17_direct_normal_illuminance < 0 lux [corrected]: month 1, day 8, hour 16, value -26.895418 
 ** WARNING ** EPW N17_direct_normal_illuminance < 0 lux [corrected]: month 1, day 9, hour 9, value -89.32301 
 ** WARNING ** EPW N17_direct_normal_illuminance < 0 lux [corrected]: month 1, day 9, hour 16, value -240.94492 
 ** WARNING ** EPW N17_direct_normal_illuminance < 0 lux [corrected]: month 1, day 10, hour 9, value -81.41169 
 ** WARNING ** EPW N17_direct_normal_illuminance < 0 lux [corrected]: month 1, day 10, hour 16, value -217.6966 
 ** WARNING ** EPW N17_direct_normal_illuminance < 0 lux [corrected]: month 1, day 11, hour 9, value -82.92139 
 ** WARNING ** EPW N17_direct_normal_illuminance < 0 lux [corrected]: month 1, day 12, hour 9, value -96.322525 
 ** WARNING ** EPW N8_relative_humidity > 110 % [corrected]: month 1, day 14, hour 1, value 110.13112 
 ** WARNING ** EPW N8_relative_humidity > 110 % [corrected]: month 1, day 14, hour 8, value 110.9049 
 ** WARNING ** EPW N17_direct_normal_illuminance < 0 lux [corrected]: month 1, day 17, hour 9, value -90.30511 
 ** WARNING ** EPW N17_direct_normal_illuminance < 0 lux [corrected]: month 1, day 17, hour 16, value -15.948143 
 ** WARNING ** EPW N17_direct_normal_illuminance < 0 lux [corrected]: month 1, day 18, hour 9, value -14.125212 
 ** WARNING ** EPW N17_direct_normal_illuminance < 0 lux [corrected]: month 1, day 18, hour 16, value -148.62112 
 ** WARNING ** EPW N17_direct_normal_illuminance < 0 lux [corrected]: month 1, day 18, hour 17, value -0.0045865816 
 ** WARNING ** EPW N17_direct_normal_illuminance < 0 lux [corrected]: month 1, day 19, hour 17, value -0.94806445 
 ** WARNING ** EPW N17_direct_normal_illuminance < 0 lux [corrected]: month 1, day 20, hour 9, value -11.897094 
 ** WARNING ** EPW N17_direct_normal_illuminance < 0 lux [corrected]: month 1, day 20, hour 16, value -122.75943 
 ** WARNING ** EPW N17_direct_normal_illuminance < 0 lux [corrected]: month 1, day 20, hour 17, value -0.03610608 
 ** WARNING ** EPW N17_direct_normal_illuminance < 0 lux [corrected]: month 1, day 21, hour 17, value -0.92542946 
 ** WARNING ** EPW N17_direct_normal_illuminance < 0 lux [corrected]: month 1, day 22, hour 9, value -190.0851 
 ** WARNING ** EPW N17_direct_normal_illuminance < 0 lux [corrected]: month 1, day 22, hour 16, value -13.551761 
 ** WARNING ** EPW N17_direct_normal_illuminance < 0 lux [corrected]: month 1, day 22, hour 17, value -0.34701377 
 ** WARNING ** EPW N17_direct_normal_illuminance < 0 lux [corrected]: month 1, day 23, hour 9, value -70.88825 
 ** WARNING ** EPW N17_direct_normal_illuminance < 0 lux [corrected]: month 1, day 23, hour 16, value -61.879017 
 ** WARNING ** EPW N17_direct_normal_illuminance < 0 lux [corrected]: month 1, day 23, hour 17, value -1.5664078 
 ** WARNING ** EPW N17_direct_normal_illuminance < 0 lux [corrected]: month 1, day 24, hour 9, value -67.201614 
 ** WARNING ** EPW N17_direct_normal_illuminance < 0 lux [corrected]: month 1, day 24, hour 16, value -41.009174 
 ** WARNING ** EPW N17_direct_normal_illuminance < 0 lux [corrected]: month 1, day 24, hour 17, value -0.1611034 
 ** WARNING ** EPW N17_direct_normal_illuminance < 0 lux [corrected]: month 1, day 25, hour 9, value -8.634468 
 ** WARNING ** EPW N17_direct_normal_illuminance < 0 lux [corrected]: month 1, day 25, hour 16, value -9.658022 
 ** WARNING ** EPW N17_direct_normal_illuminance < 0 lux [corrected]: month 1, day 25, hour 17, value -0.24408416 
 ** WARNING ** EPW N17_direct_normal_illuminance < 0 lux [corrected]: month 1, day 26, hour 9, value -9.523508 
 ** WARNING ** EPW N17_direct_normal_illuminance < 0 lux [corrected]: month 1, day 26, hour 16, value -8.629852 
 ** WARNING ** EPW N17_direct_normal_illuminance < 0 lux [corrected]: month 1, day 26, hour 17, value -0.35300928 
 ** WARNING ** EPW N17_direct_normal_illuminance < 0 lux [corrected]: month 1, day 27, hour 9, value -8.6474695 
 ** WARNING ** EPW N17_direct_normal_illuminance < 0 lux [corrected]: month 1, day 27, hour 17, value -9.561398 
 ** WARNING ** EPW N17_direct_normal_illuminance < 0 lux [corrected]: month 1, day 28, hour 9, value -8.923916 
 ** WARNING ** EPW N17_direct_normal_illuminance < 0 lux [corrected]: month 1, day 28, hour 16, value -6.477394 
 ** WARNING ** EPW N17_direct_normal_illuminance < 0 lux [corrected]: month 1, day 28, hour 17, value -1.3835216 
 ** WARNING ** EPW N17_direct_normal_illuminance < 0 lux [corrected]: month 1, day 29, hour 9, value -7.846426 
 ** WARNING ** EPW N17_direct_normal_illuminance < 0 lux [corrected]: month 1, day 29, hour 16, value -5.402354 
 ** WARNING ** EPW N17_direct_normal_illuminance < 0 lux [corrected]: month 1, day 29, hour 17, value -1.3711035 
 ** WARNING ** EPW N17_direct_normal_illuminance < 0 lux [corrected]: month 1, day 30, hour 9, value -8.284873 
 ** WARNING ** EPW N17_direct_normal_illuminance < 0 lux [corrected]: month 1, day 30, hour 16, value -4.2640495 
 ** WARNING ** EPW N17_direct_normal_illuminance < 0 lux [corrected]: month 1, day 30, hour 17, value -1.6621485 
 ** WARNING ** EPW N17_direct_normal_illuminance < 0 lux [corrected]: month 1, day 31, hour 9, value -7.4783387 
 ** WARNING ** EPW N17_direct_normal_illuminance < 0 lux [corrected]: month 1, day 31, hour 17, value -38.17783 
 ** WARNING ** EPW N17_direct_normal_illuminance < 0 lux [corrected]: month 2, day 1, hour 9, value -10.897346 
 ** WARNING ** EPW N17_direct_normal_illuminance < 0 lux [corrected]: month 2, day 1, hour 16, value -1.1872008 
 ** WARNING ** EPW N17_direct_normal_illuminance < 0 lux [corrected]: month 2, day 1, hour 17, value -22.411123 
 ** WARNING ** EPW N17_direct_normal_illuminance < 0 lux [corrected]: month 2, day 2, hour 8, value -0.010226703 
 ** WARNING ** EPW N17_direct_normal_illuminance < 0 lux [corrected]: month 2, day 2, hour 9, value -70.93011 
 ** WARNING ** EPW N17_direct_normal_illuminance < 0 lux [corrected]: month 2, day 3, hour 8, value -0.0014994512 
 ** WARNING ** EPW N17_direct_normal_illuminance < 0 lux [corrected]: month 2, day 3, hour 9, value -10.07814 
 ** WARNING ** EPW N17_direct_normal_illuminance < 0 lux [corrected]: month 2, day 3, hour 17, value -38.71441 
 ** WARNING ** EPW N17_direct_normal_illuminance < 0 lux [corrected]: month 2, day 4, hour 8, value -0.03758783 
 ** WARNING ** EPW N17_direct_normal_illuminance < 0 lux [corrected]: month 2, day 4, hour 9, value -64.82548 
 ** WARNING ** EPW N17_direct_normal_illuminance < 0 lux [corrected]: month 2, day 4, hour 17, value -33.176517 
 ** WARNING ** EPW N17_direct_normal_illuminance < 0 lux [corrected]: month 2, day 5, hour 8, value -1.4502462 
 ** WARNING ** EPW N17_direct_normal_illuminance < 0 lux [corrected]: month 2, day 5, hour 17, value -206.55267 
 ** WARNING ** EPW N17_direct_normal_illuminance < 0 lux [corrected]: month 2, day 6, hour 8, value -1.199418 
 ** WARNING ** EPW N17_direct_normal_illuminance < 0 lux [corrected]: month 2, day 6, hour 17, value -47.925716 
 ** WARNING ** EPW N17_direct_normal_illuminance < 0 lux [corrected]: month 2, day 7, hour 8, value -4.410963 
 ** WARNING ** EPW N17_direct_normal_illuminance < 0 lux [corrected]: month 2, day 8, hour 8, value -11.435461 
 ** WARNING ** EPW N17_direct_normal_illuminance < 0 lux [corrected]: month 2, day 8, hour 17, value -62.42317 
 ** WARNING ** EPW N17_direct_normal_illuminance < 0 lux [corrected]: month 2, day 9, hour 8, value -18.346815 
 ** WARNING ** EPW N17_direct_normal_illuminance < 0 lux [corrected]: month 2, day 9, hour 17, value -56.620213 
 ** WARNING ** EPW N17_direct_normal_illuminance < 0 lux [corrected]: month 2, day 10, hour 8, value -33.838028 
 ** WARNING ** EPW N17_direct_normal_illuminance < 0 lux [corrected]: month 2, day 11, hour 8, value -0.49697644 
 ** WARNING ** EPW N17_direct_normal_illuminance < 0 lux [corrected]: month 2, day 11, hour 9, value -5.0072956 
 ** WARNING ** EPW N17_direct_normal_illuminance < 0 lux [corrected]: month 2, day 11, hour 17, value -22.990068 
 ** WARNING ** EPW N17_direct_normal_illuminance < 0 lux [corrected]: month 2, day 12, hour 8, value -79.361984 
 ** WARNING ** EPW N17_direct_normal_illuminance < 0 lux [corrected]: month 2, day 13, hour 8, value -0.7653306 
 ** WARNING ** EPW N17_direct_normal_illuminance < 0 lux [corrected]: month 2, day 14, hour 8, value -0.9024387 
 ** WARNING ** EPW N17_direct_normal_illuminance < 0 lux [corrected]: month 2, day 14, hour 17, value -85.52644 
 ** WARNING ** EPW N17_direct_normal_illuminance < 0 lux [corrected]: month 2, day 15, hour 8, value -13.503219 
 ** WARNING ** EPW N17_direct_normal_illuminance < 0 lux [corrected]: month 2, day 15, hour 17, value -6.9138875 
 ** WARNING ** EPW N17_direct_normal_illuminance < 0 lux [corrected]: month 2, day 16, hour 8, value -20.338947 
 ** WARNING ** EPW N17_direct_normal_illuminance < 0 lux [corrected]: month 2, day 16, hour 17, value -6.173841 
 ** WARNING ** EPW N17_direct_normal_illuminance < 0 lux [corrected]: month 2, day 17, hour 8, value -2.3095088 
 ** WARNING ** EPW N17_direct_normal_illuminance < 0 lux [corrected]: month 2, day 17, hour 17, value -32.905014 
 ** WARNING ** EPW N17_direct_normal_illuminance < 0 lux [corrected]: month 2, day 17, hour 18, value -0.0013951703 
 ** WARNING ** EPW N17_direct_normal_illuminance < 0 lux [corrected]: month 2, day 18, hour 8, value -4.110489 
 ** WARNING ** EPW N17_direct_normal_illuminance < 0 lux [corrected]: month 2, day 18, hour 17, value -26.536701 
 ** WARNING ** EPW N17_direct_normal_illuminance < 0 lux [corrected]: month 2, day 18, hour 18, value -0.0037198286 
 ** WARNING ** EPW N17_direct_normal_illuminance < 0 lux [corrected]: month 2, day 19, hour 18, value -0.05445967 
 ** WARNING ** EPW N17_direct_normal_illuminance < 0 lux [corrected]: month 2, day 20, hour 8, value -4.3740253 
 ** WARNING ** EPW N17_direct_normal_illuminance < 0 lux [corrected]: month 2, day 20, hour 18, value -0.3320056 
 ** WARNING ** EPW N17_direct_normal_illuminance < 0 lux [corrected]: month 2, day 21, hour 8, value -47.630547 
 ** WARNING ** EPW N17_direct_normal_illuminance < 0 lux [corrected]: month 2, day 21, hour 18, value -1.2884696 
 ** WARNING ** EPW N17_direct_normal_illuminance < 0 lux [corrected]: month 2, day 22, hour 8, value -6.756654 
 ** WARNING ** EPW N17_direct_normal_illuminance < 0 lux [corrected]: month 2, day 22, hour 17, value -3.6915622 
 ** WARNING ** EPW N17_direct_normal_illuminance < 0 lux [corrected]: month 2, day 22, hour 18, value -0.06251098 
 ** WARNING ** EPW N17_direct_normal_illuminance < 0 lux [corrected]: month 2, day 23, hour 8, value -6.915479 
 ** WARNING ** EPW N17_direct_normal_illuminance < 0 lux [corrected]: month 2, day 23, hour 17, value -3.2443068 
 ** WARNING ** EPW N17_direct_normal_illuminance < 0 lux [corrected]: month 2, day 23, hour 18, value -0.07334246 
 ** WARNING ** EPW N17_direct_normal_illuminance < 0 lux [corrected]: month 2, day 24, hour 8, value -9.5754595 
 ** WARNING ** EPW N17_direct_normal_illuminance < 0 lux [corrected]: month 2, day 24, hour 17, value -2.5943274 
 ** WARNING ** EPW N17_direct_normal_illuminance < 0 lux [corrected]: month 2, day 24, hour 18, value -0.106595956 
 ** WARNING ** EPW N17_direct_normal_illuminance < 0 lux [corrected]: month 2, day 25, hour 8, value -9.247105 
 ** WARNING ** EPW N17_direct_normal_illuminance < 0 lux [corrected]: month 2, day 25, hour 17, value -2.3301654 
 ** WARNING ** EPW N17_direct_normal_illuminance < 0 lux [corrected]: month 2, day 25, hour 18, value -0.15014665 
 ** WARNING ** EPW N17_direct_normal_illuminance < 0 lux [corrected]: month 2, day 26, hour 8, value -72.82292 
 ** WARNING ** EPW N17_direct_normal_illuminance < 0 lux [corrected]: month 2, day 26, hour 17, value -2.235694 
 ** WARNING ** EPW N17_direct_normal_illuminance < 0 lux [corrected]: month 2, day 26, hour 18, value -2.5374777 
 ** WARNING ** EPW N17_direct_normal_illuminance < 0 lux [corrected]: month 2, day 27, hour 8, value -74.36887 
 ** WARNING ** EPW N17_direct_normal_illuminance < 0 lux [corrected]: month 2, day 27, hour 18, value -3.0093753 
 ** WARNING ** EPW N17_direct_normal_illuminance < 0 lux [corrected]: month 2, day 28, hour 8, value -10.025967 
 ** WARNING ** EPW N17_direct_normal_illuminance < 0 lux [corrected]: month 2, day 28, hour 18, value -4.944406 
 ** WARNING ** EPW N17_direct_normal_illuminance < 0 lux [corrected]: month 3, day 1, hour 18, value -31.868513 
 ** WARNING ** EPW N17_direct_normal_illuminance < 0 lux [corrected]: month 3, day 2, hour 18, value -12.285247 
 ** WARNING ** EPW N17_direct_normal_illuminance < 0 lux [corrected]: month 3, day 3, hour 8, value -7.7237716 
 ** WARNING ** EPW N17_direct_normal_illuminance < 0 lux [corrected]: month 3, day 3, hour 18, value -154.62915 
 ** WARNING ** EPW N17_direct_normal_illuminance < 0 lux [corrected]: month 3, day 4, hour 7, value -0.0039543496 
 ** WARNING ** EPW N17_direct_normal_illuminance < 0 lux [corrected]: month 3, day 4, hour 8, value -15.777808 
 ** WARNING ** EPW N17_direct_normal_illuminance < 0 lux [corrected]: month 3, day 5, hour 7, value -0.05877585 
 ** WARNING ** EPW N17_direct_normal_illuminance < 0 lux [corrected]: month 3, day 5, hour 18, value -3.015482 
 ** WARNING ** EPW N17_direct_normal_illuminance < 0 lux [corrected]: month 3, day 6, hour 7, value -0.10182979 
 ** WARNING ** EPW N17_direct_normal_illuminance < 0 lux [corrected]: month 3, day 6, hour 18, value -3.4719539 
 ** WARNING ** EPW N17_direct_normal_illuminance < 0 lux [corrected]: month 3, day 7, hour 7, value -1.6958681 
 ** WARNING ** EPW N17_direct_normal_illuminance < 0 lux [corrected]: month 3, day 7, hour 18, value -33.696026 
 ** WARNING ** EPW N17_direct_normal_illuminance < 0 lux [corrected]: month 3, day 8, hour 7, value -0.08436684 
 ** WARNING ** EPW N17_direct_normal_illuminance < 0 lux [corrected]: month 3, day 8, hour 18, value -3.5546856 
 ** WARNING ** EPW N17_direct_normal_illuminance < 0 lux [corrected]: month 3, day 9, hour 7, value -0.95994246 
 ** WARNING ** EPW N17_direct_normal_illuminance < 0 lux [corrected]: month 3, day 9, hour 18, value -161.37671 
 ** WARNING ** EPW N17_direct_normal_illuminance < 0 lux [corrected]: month 3, day 10, hour 7, value -0.4898113 
 ** WARNING ** EPW N17_direct_normal_illuminance < 0 lux [corrected]: month 3, day 10, hour 18, value -176.6369 
 ** WARNING ** EPW N17_direct_normal_illuminance < 0 lux [corrected]: month 3, day 11, hour 7, value -2.9326344 
 ** WARNING ** EPW N17_direct_normal_illuminance < 0 lux [corrected]: month 3, day 11, hour 18, value -56.287647 
 ** WARNING ** EPW N17_direct_normal_illuminance < 0 lux [corrected]: month 3, day 12, hour 7, value -5.375155 
 ** WARNING ** EPW N17_direct_normal_illuminance < 0 lux [corrected]: month 3, day 12, hour 18, value -6.0118465 
 ** WARNING ** EPW N17_direct_normal_illuminance < 0 lux [corrected]: month 3, day 13, hour 7, value -8.627796 
 ** WARNING ** EPW N17_direct_normal_illuminance < 0 lux [corrected]: month 3, day 13, hour 18, value -8.477327 
 ** WARNING ** EPW N17_direct_normal_illuminance < 0 lux [corrected]: month 3, day 14, hour 7, value -2.0492435 
 ** WARNING ** EPW N17_direct_normal_illuminance < 0 lux [corrected]: month 3, day 14, hour 18, value -8.924727 
 ** WARNING ** EPW N17_direct_normal_illuminance < 0 lux [corrected]: month 3, day 15, hour 7, value -2.1973403 
 ** WARNING ** EPW N17_direct_normal_illuminance < 0 lux [corrected]: month 3, day 16, hour 7, value -18.258575 
 ** WARNING ** EPW N17_direct_normal_illuminance < 0 lux [corrected]: month 3, day 16, hour 18, value -75.21753 
 ** WARNING ** EPW N17_direct_normal_illuminance < 0 lux [corrected]: month 3, day 17, hour 7, value -2.6086977 
 ** WARNING ** EPW N17_direct_normal_illuminance < 0 lux [corrected]: month 3, day 17, hour 18, value -10.45406 
 ** WARNING ** EPW N17_direct_normal_illuminance < 0 lux [corrected]: month 3, day 18, hour 7, value -26.689045 
 ** WARNING ** EPW N17_direct_normal_illuminance < 0 lux [corrected]: month 3, day 18, hour 18, value -11.640241 
 ** WARNING ** EPW N17_direct_normal_illuminance < 0 lux [corrected]: month 3, day 19, hour 7, value -4.9751616 
 ** WARNING ** EPW N17_direct_normal_illuminance < 0 lux [corrected]: month 3, day 19, hour 18, value -10.452073 
 ** WARNING ** EPW N17_direct_normal_illuminance < 0 lux [corrected]: month 3, day 20, hour 7, value -41.33779 
 ** WARNING ** EPW N17_direct_normal_illuminance < 0 lux [corrected]: month 3, day 20, hour 18, value -11.111034 
 ** WARNING ** EPW N17_direct_normal_illuminance < 0 lux [corrected]: month 3, day 21, hour 7, value -109.837425 
 ** WARNING ** EPW N17_direct_normal_illuminance < 0 lux [corrected]: month 3, day 22, hour 7, value -48.187958 
 ** WARNING ** EPW N17_direct_normal_illuminance < 0 lux [corrected]: month 3, day 22, hour 18, value -71.661125 
 ** WARNING ** EPW N17_direct_normal_illuminance < 0 lux [corrected]: month 3, day 23, hour 18, value -60.496284 
 ** WARNING ** EPW N17_direct_normal_illuminance < 0 lux [corrected]: month 3, day 24, hour 7, value -7.297477 
 ** WARNING ** EPW N17_direct_normal_illuminance < 0 lux [corrected]: month 3, day 24, hour 18, value -48.473793 
 ** WARNING ** EPW N17_direct_normal_illuminance < 0 lux [corrected]: month 3, day 25, hour 7, value -95.28609 
 ** WARNING ** EPW N17_direct_normal_illuminance < 0 lux [corrected]: month 3, day 25, hour 19, value -0.001999772 
 ** WARNING ** EPW N17_direct_normal_illuminance < 0 lux [corrected]: month 3, day 26, hour 19, value -0.086637475 
 ** WARNING ** EPW N17_direct_normal_illuminance < 0 lux [corrected]: month 3, day 27, hour 7, value -58.730087 
 ** WARNING ** EPW N17_direct_normal_illuminance < 0 lux [corrected]: month 3, day 27, hour 19, value -0.07627683 
 ** WARNING ** EPW N17_direct_normal_illuminance < 0 lux [corrected]: month 3, day 28, hour 7, value -5.952896 
 ** WARNING ** EPW N17_direct_normal_illuminance < 0 lux [corrected]: month 3, day 28, hour 18, value -6.3998785 
 ** WARNING ** EPW N17_direct_normal_illuminance < 0 lux [corrected]: month 3, day 28, hour 19, value -0.026104353 
 ** WARNING ** EPW N17_direct_normal_illuminance < 0 lux [corrected]: month 3, day 29, hour 7, value -5.6798368 
 ** WARNING ** EPW N17_direct_normal_illuminance < 0 lux [corrected]: month 3, day 29, hour 18, value -5.7442927 
 ** WARNING ** EPW N17_direct_normal_illuminance < 0 lux [corrected]: month 3, day 29, hour 19, value -0.005449778 
 ** WARNING ** EPW N17_direct_normal_illuminance < 0 lux [corrected]: month 3, day 30, hour 7, value -5.2489157 
 ** WARNING ** EPW N17_direct_normal_illuminance < 0 lux [corrected]: month 3, day 30, hour 19, value -2.5409582 
 ** WARNING ** EPW N17_direct_normal_illuminance < 0 lux [corrected]: month 3, day 31, hour 7, value -4.643229 
 ** WARNING ** EPW N17_direct_normal_illuminance < 0 lux [corrected]: month 3, day 31, hour 19, value -1.08648 
 ** WARNING ** EPW N17_direct_normal_illuminance < 0 lux [corrected]: month 4, day 1, hour 6, value -0.23477982 
 ** WARNING ** EPW N17_direct_normal_illuminance < 0 lux [corrected]: month 4, day 1, hour 18, value -3.261762 
 ** WARNING ** EPW N17_direct_normal_illuminance < 0 lux [corrected]: month 4, day 1, hour 19, value -0.029818945 
 ** WARNING ** EPW N17_direct_normal_illuminance < 0 lux [corrected]: month 4, day 2, hour 6, value -0.025565198 
 ** WARNING ** EPW N17_direct_normal_illuminance < 0 lux [corrected]: month 4, day 2, hour 7, value -3.0930786 
 ** WARNING ** EPW N17_direct_normal_illuminance < 0 lux [corrected]: month 4, day 2, hour 19, value -1.1371737 
 ** WARNING ** EPW N17_direct_normal_illuminance < 0 lux [corrected]: month 4, day 3, hour 6, value -1.4294113 
 ** WARNING ** EPW N17_direct_normal_illuminance < 0 lux [corrected]: month 4, day 3, hour 19, value -21.668633 
 ** WARNING ** EPW N17_direct_normal_illuminance < 0 lux [corrected]: month 4, day 4, hour 6, value -0.08726653 
 ** WARNING ** EPW N17_direct_normal_illuminance < 0 lux [corrected]: month 4, day 4, hour 19, value -1.396217 
 ** WARNING ** EPW N17_direct_normal_illuminance < 0 lux [corrected]: month 4, day 5, hour 6, value -0.120664045 
 ** WARNING ** EPW N17_direct_normal_illuminance < 0 lux [corrected]: month 4, day 5, hour 7, value -1.142789 
 ** WARNING ** EPW N17_direct_normal_illuminance < 0 lux [corrected]: month 4, day 5, hour 19, value -3.2144516 
 ** WARNING ** EPW N17_direct_normal_illuminance < 0 lux [corrected]: month 4, day 6, hour 6, value -0.15863888 
 ** WARNING ** EPW N17_direct_normal_illuminance < 0 lux [corrected]: month 4, day 6, hour 7, value -0.43686497 
 ** WARNING ** EPW N17_direct_normal_illuminance < 0 lux [corrected]: month 4, day 6, hour 19, value -36.268757 
 ** WARNING ** EPW N17_direct_normal_illuminance < 0 lux [corrected]: month 4, day 7, hour 6, value -0.5613378 
 ** WARNING ** EPW N17_direct_normal_illuminance < 0 lux [corrected]: month 4, day 7, hour 19, value -5.840369 
 ** WARNING ** EPW N17_direct_normal_illuminance < 0 lux [corrected]: month 4, day 8, hour 6, value -4.65057 
 ** WARNING ** EPW N17_direct_normal_illuminance < 0 lux [corrected]: month 4, day 8, hour 19, value -6.5637474 
 ** WARNING ** EPW N17_direct_normal_illuminance < 0 lux [corrected]: month 4, day 9, hour 6, value -0.8952621 
 ** WARNING ** EPW N17_direct_normal_illuminance < 0 lux [corrected]: month 4, day 9, hour 19, value -8.800185 
 ** WARNING ** EPW N17_direct_normal_illuminance < 0 lux [corrected]: month 4, day 10, hour 6, value -39.32077 
 ** WARNING ** EPW N17_direct_normal_illuminance < 0 lux [corrected]: month 4, day 10, hour 19, value -106.02459 
 ** WARNING ** EPW N17_direct_normal_illuminance < 0 lux [corrected]: month 4, day 11, hour 6, value -46.914673 
 ** WARNING ** EPW N17_direct_normal_illuminance < 0 lux [corrected]: month 4, day 11, hour 19, value -131.47505 
 ** WARNING ** EPW N17_direct_normal_illuminance < 0 lux [corrected]: month 4, day 12, hour 6, value -71.5649 
 ** WARNING ** EPW N17_direct_normal_illuminance < 0 lux [corrected]: month 4, day 12, hour 19, value -105.44519 
 ** WARNING ** EPW N17_direct_normal_illuminance < 0 lux [corrected]: month 4, day 13, hour 6, value -87.567696 
 ** WARNING ** EPW N17_direct_normal_illuminance < 0 lux [corrected]: month 4, day 13, hour 19, value -154.32858 
 ** WARNING ** EPW N17_direct_normal_illuminance < 0 lux [corrected]: month 4, day 14, hour 6, value -40.12022 
 ** WARNING ** EPW N17_direct_normal_illuminance < 0 lux [corrected]: month 4, day 14, hour 19, value -3.000573 
 ** WARNING ** EPW N17_direct_normal_illuminance < 0 lux [corrected]: month 4, day 15, hour 6, value -19.422096 
 ** WARNING ** EPW N17_direct_normal_illuminance < 0 lux [corrected]: month 4, day 15, hour 19, value -3.5609293 
 ** WARNING ** EPW N17_direct_normal_illuminance < 0 lux [corrected]: month 4, day 16, hour 6, value -4.645423 
 ** WARNING ** EPW N17_direct_normal_illuminance < 0 lux [corrected]: month 4, day 16, hour 19, value -3.8779366 
 ** WARNING ** EPW N17_direct_normal_illuminance < 0 lux [corrected]: month 4, day 17, hour 6, value -4.6771135 
 ** WARNING ** EPW N17_direct_normal_illuminance < 0 lux [corrected]: month 4, day 17, hour 19, value -70.09034 
 ** WARNING ** EPW N17_direct_normal_illuminance < 0 lux [corrected]: month 4, day 18, hour 6, value -27.784807 
 ** WARNING ** EPW N17_direct_normal_illuminance < 0 lux [corrected]: month 4, day 18, hour 19, value -4.199424 
 ** WARNING ** EPW N17_direct_normal_illuminance < 0 lux [corrected]: month 4, day 19, hour 6, value -33.162785 
 ** WARNING ** EPW N17_direct_normal_illuminance < 0 lux [corrected]: month 4, day 19, hour 19, value -5.623407 
 ** WARNING ** EPW N17_direct_normal_illuminance < 0 lux [corrected]: month 4, day 20, hour 6, value -30.594841 
 ** WARNING ** EPW N17_direct_normal_illuminance < 0 lux [corrected]: month 4, day 21, hour 6, value -28.820072 
 ** WARNING ** EPW N17_direct_normal_illuminance < 0 lux [corrected]: month 4, day 21, hour 19, value -40.330578 
 ** WARNING ** EPW N17_direct_normal_illuminance < 0 lux [corrected]: month 4, day 22, hour 6, value -5.331409 
 ** WARNING ** EPW N17_direct_normal_illuminance < 0 lux [corrected]: month 4, day 23, hour 6, value -87.61348 
 ** WARNING ** EPW N17_direct_normal_illuminance < 0 lux [corrected]: month 4, day 24, hour 6, value -81.51246 
 ** WARNING ** EPW N17_direct_normal_illuminance < 0 lux [corrected]: month 4, day 25, hour 6, value -68.45875 
 ** WARNING ** EPW N17_direct_normal_illuminance < 0 lux [corrected]: month 4, day 25, hour 19, value -95.59874 
 ** WARNING ** EPW N17_direct_normal_illuminance < 0 lux [corrected]: month 4, day 26, hour 19, value -43.83045 
 ** WARNING ** EPW N17_direct_normal_illuminance < 0 lux [corrected]: month 4, day 27, hour 6, value -20.276562 
 ** WARNING ** EPW N17_direct_normal_illuminance < 0 lux [corrected]: month 4, day 27, hour 19, value -96.42586 
 ** WARNING ** EPW N17_direct_normal_illuminance < 0 lux [corrected]: month 4, day 28, hour 5, value -0.0030075987 
 ** WARNING ** EPW N17_direct_normal_illuminance < 0 lux [corrected]: month 4, day 29, hour 6, value -3.8299358 
 ** WARNING ** EPW N17_direct_normal_illuminance < 0 lux [corrected]: month 4, day 29, hour 19, value -6.063053 
 ** WARNING ** EPW N17_direct_normal_illuminance < 0 lux [corrected]: month 4, day 30, hour 6, value -3.6165247 
 ** WARNING ** EPW N17_direct_normal_illuminance < 0 lux [corrected]: month 4, day 30, hour 19, value -40.343018 
 ** WARNING ** EPW N17_direct_normal_illuminance < 0 lux [corrected]: month 5, day 1, hour 5, value -0.18337993 
 ** WARNING ** EPW N17_direct_normal_illuminance < 0 lux [corrected]: month 5, day 2, hour 5, value -0.77256846 
 ** WARNING ** EPW N17_direct_normal_illuminance < 0 lux [corrected]: month 5, day 2, hour 20, value -0.0010913642 
 ** WARNING ** EPW N17_direct_normal_illuminance < 0 lux [corrected]: month 5, day 3, hour 5, value -0.77954304 
 ** WARNING ** EPW N17_direct_normal_illuminance < 0 lux [corrected]: month 5, day 3, hour 20, value -0.006385202 
 ** WARNING ** EPW N17_direct_normal_illuminance < 0 lux [corrected]: month 5, day 4, hour 5, value -0.13272797 
 ** WARNING ** EPW N17_direct_normal_illuminance < 0 lux [corrected]: month 5, day 4, hour 6, value -2.6502748 
 ** WARNING ** EPW N17_direct_normal_illuminance < 0 lux [corrected]: month 5, day 4, hour 20, value -0.0010215687 
 ** WARNING ** EPW N17_direct_normal_illuminance < 0 lux [corrected]: month 5, day 5, hour 5, value -0.5675197 
 ** WARNING ** EPW N17_direct_normal_illuminance < 0 lux [corrected]: month 5, day 5, hour 6, value -0.20311405 
 ** WARNING ** EPW N17_direct_normal_illuminance < 0 lux [corrected]: month 5, day 5, hour 19, value -29.439787 
 ** WARNING ** EPW N17_direct_normal_illuminance < 0 lux [corrected]: month 5, day 5, hour 20, value -0.0028772876 
 ** WARNING ** EPW N17_direct_normal_illuminance < 0 lux [corrected]: month 5, day 6, hour 5, value -0.23198092 
 ** WARNING ** EPW N17_direct_normal_illuminance < 0 lux [corrected]: month 5, day 6, hour 6, value -1.116271 
 ** WARNING ** EPW N17_direct_normal_illuminance < 0 lux [corrected]: month 5, day 6, hour 20, value -0.15167762 
 ** WARNING ** EPW N17_direct_normal_illuminance < 0 lux [corrected]: month 5, day 7, hour 5, value -5.0025587 
 ** WARNING ** EPW N17_direct_normal_illuminance < 0 lux [corrected]: month 5, day 7, hour 20, value -0.2712621 
 ** WARNING ** EPW N17_direct_normal_illuminance < 0 lux [corrected]: month 5, day 8, hour 5, value -1.8185999 
 ** WARNING ** EPW N17_direct_normal_illuminance < 0 lux [corrected]: month 5, day 8, hour 19, value -10.932549 
 ** WARNING ** EPW N17_direct_normal_illuminance < 0 lux [corrected]: month 5, day 8, hour 20, value -0.1175696 
 ** WARNING ** EPW N17_direct_normal_illuminance < 0 lux [corrected]: month 5, day 9, hour 5, value -2.1464233 
 ** WARNING ** EPW N17_direct_normal_illuminance < 0 lux [corrected]: month 5, day 9, hour 20, value -1.3456075 
 ** WARNING ** EPW N17_direct_normal_illuminance < 0 lux [corrected]: month 5, day 10, hour 5, value -6.224153 
 ** WARNING ** EPW N17_direct_normal_illuminance < 0 lux [corrected]: month 5, day 10, hour 19, value -7.5260367 
 ** WARNING ** EPW N17_direct_normal_illuminance < 0 lux [corrected]: month 5, day 10, hour 20, value -1.7918582 
 ** WARNING ** EPW N17_direct_normal_illuminance < 0 lux [corrected]: month 5, day 11, hour 5, value -23.641928 
 ** WARNING ** EPW N17_direct_normal_illuminance < 0 lux [corrected]: month 5, day 11, hour 19, value -3.9686432 
 ** WARNING ** EPW N17_direct_normal_illuminance < 0 lux [corrected]: month 5, day 11, hour 20, value -1.7156441 
 ** WARNING ** EPW N17_direct_normal_illuminance < 0 lux [corrected]: month 5, day 12, hour 5, value -21.439163 
 ** WARNING ** EPW N17_direct_normal_illuminance < 0 lux [corrected]: month 5, day 12, hour 20, value -10.145787 
 ** WARNING ** EPW N17_direct_normal_illuminance < 0 lux [corrected]: month 5, day 13, hour 5, value -30.67528 
 ** WARNING ** EPW N17_direct_normal_illuminance < 0 lux [corrected]: month 5, day 13, hour 20, value -8.891628 
 ** WARNING ** EPW N17_direct_normal_illuminance < 0 lux [corrected]: month 5, day 14, hour 5, value -39.143967 
 ** WARNING ** EPW N17_direct_normal_illuminance < 0 lux [corrected]: month 5, day 14, hour 20, value -18.577946 
 ** WARNING ** EPW N17_direct_normal_illuminance < 0 lux [corrected]: month 5, day 15, hour 5, value -40.146084 
 ** WARNING ** EPW N17_direct_normal_illuminance < 0 lux [corrected]: month 5, day 15, hour 20, value -2.6523054 
 ** WARNING ** EPW N17_direct_normal_illuminance < 0 lux [corrected]: month 5, day 16, hour 5, value -1.7998272 
 ** WARNING ** EPW N17_direct_normal_illuminance < 0 lux [corrected]: month 5, day 16, hour 19, value -0.13083027 
 ** WARNING ** EPW N17_direct_normal_illuminance < 0 lux [corrected]: month 5, day 16, hour 20, value -2.827906 
 ** WARNING ** EPW N17_direct_normal_illuminance < 0 lux [corrected]: month 5, day 17, hour 5, value -2.0805962 
 ** WARNING ** EPW N17_direct_normal_illuminance < 0 lux [corrected]: month 5, day 17, hour 20, value -3.346525 
 ** WARNING ** EPW N17_direct_normal_illuminance < 0 lux [corrected]: month 5, day 18, hour 5, value -2.123871 
 ** WARNING ** EPW N17_direct_normal_illuminance < 0 lux [corrected]: month 5, day 18, hour 20, value -38.313457 
 ** WARNING ** EPW N17_direct_normal_illuminance < 0 lux [corrected]: month 5, day 19, hour 5, value -3.6515124 
 ** WARNING ** EPW N17_direct_normal_illuminance < 0 lux [corrected]: month 5, day 19, hour 20, value -59.914124 
 ** WARNING ** EPW N17_direct_normal_illuminance < 0 lux [corrected]: month 5, day 20, hour 5, value -74.26703 
 ** WARNING ** EPW N17_direct_normal_illuminance < 0 lux [corrected]: month 5, day 20, hour 20, value -6.2226543 
 ** WARNING ** EPW N17_direct_normal_illuminance < 0 lux [corrected]: month 5, day 21, hour 5, value -4.0795703 
 ** WARNING ** EPW N17_direct_normal_illuminance < 0 lux [corrected]: month 5, day 21, hour 19, value -0.29754826 
 ** WARNING ** EPW N17_direct_normal_illuminance < 0 lux [corrected]: month 5, day 21, hour 20, value -1.0454891 
 ** WARNING ** EPW N17_direct_normal_illuminance < 0 lux [corrected]: month 5, day 22, hour 5, value -20.734266 
 ** WARNING ** EPW N17_direct_normal_illuminance < 0 lux [corrected]: month 5, day 22, hour 20, value -10.407121 
 ** WARNING ** EPW N17_direct_normal_illuminance < 0 lux [corrected]: month 5, day 23, hour 5, value -3.9887764 
 ** WARNING ** EPW N17_direct_normal_illuminance < 0 lux [corrected]: month 5, day 23, hour 20, value -81.318985 
 ** WARNING ** EPW N17_direct_normal_illuminance < 0 lux [corrected]: month 5, day 24, hour 5, value -103.45473 
 ** WARNING ** EPW N17_direct_normal_illuminance < 0 lux [corrected]: month 5, day 24, hour 20, value -98.33813 
 ** WARNING ** EPW N17_direct_normal_illuminance < 0 lux [corrected]: month 5, day 25, hour 5, value -119.31887 
 ** WARNING ** EPW N17_direct_normal_illuminance < 0 lux [corrected]: month 5, day 25, hour 20, value -136.84645 
 ** WARNING ** EPW N17_direct_normal_illuminance < 0 lux [corrected]: month 5, day 26, hour 5, value -88.32305 
 ** WARNING ** EPW N17_direct_normal_illuminance < 0 lux [corrected]: month 5, day 26, hour 20, value -132.62619 
 ** WARNING ** EPW N17_direct_normal_illuminance < 0 lux [corrected]: month 5, day 27, hour 5, value -100.152115 
 ** WARNING ** EPW N17_direct_normal_illuminance < 0 lux [corrected]: month 5, day 27, hour 20, value -146.68909 
 ** WARNING ** EPW N17_direct_normal_illuminance < 0 lux [corrected]: month 5, day 28, hour 5, value -99.34282 
 ** WARNING ** EPW N17_direct_normal_illuminance < 0 lux [corrected]: month 5, day 28, hour 20, value -166.24486 
 ** WARNING ** EPW N17_direct_normal_illuminance < 0 lux [corrected]: month 5, day 29, hour 5, value -106.955315 
 ** WARNING ** EPW N17_direct_normal_illuminance < 0 lux [corrected]: month 5, day 29, hour 20, value -151.7918 
 ** WARNING ** EPW N17_direct_normal_illuminance < 0 lux [corrected]: month 5, day 30, hour 5, value -96.22246 
 ** WARNING ** EPW N17_direct_normal_illuminance < 0 lux [corrected]: month 5, day 30, hour 20, value -207.0867 
 ** WARNING ** EPW N17_direct_normal_illuminance < 0 lux [corrected]: month 5, day 31, hour 5, value -108.89004 
 ** WARNING ** EPW N17_direct_normal_illuminance < 0 lux [corrected]: month 5, day 31, hour 20, value -193.52342 
 ** WARNING ** EPW N17_direct_normal_illuminance < 0 lux [corrected]: month 6, day 1, hour 5, value -91.83565 
 ** WARNING ** EPW N17_direct_normal_illuminance < 0 lux [corrected]: month 6, day 1, hour 20, value -30.466297 
 ** WARNING ** EPW N17_direct_normal_illuminance < 0 lux [corrected]: month 6, day 2, hour 5, value -17.466269 
 ** WARNING ** EPW N17_direct_normal_illuminance < 0 lux [corrected]: month 6, day 2, hour 20, value -164.71365 
 ** WARNING ** EPW N17_direct_normal_illuminance < 0 lux [corrected]: month 6, day 3, hour 5, value -20.500618 
 ** WARNING ** EPW N17_direct_normal_illuminance < 0 lux [corrected]: month 6, day 3, hour 20, value -41.39118 
 ** WARNING ** EPW N17_direct_normal_illuminance < 0 lux [corrected]: month 6, day 4, hour 5, value -20.585342 
 ** WARNING ** EPW N17_direct_normal_illuminance < 0 lux [corrected]: month 6, day 4, hour 20, value -39.15349 
 ** WARNING ** EPW N17_direct_normal_illuminance < 0 lux [corrected]: month 6, day 5, hour 5, value -3.5590065 
 ** WARNING ** EPW N17_direct_normal_illuminance < 0 lux [corrected]: month 6, day 6, hour 5, value -17.83523 
 ** WARNING ** EPW N17_direct_normal_illuminance < 0 lux [corrected]: month 6, day 6, hour 20, value -40.506626 
 ** WARNING ** EPW N17_direct_normal_illuminance < 0 lux [corrected]: month 6, day 7, hour 5, value -18.545063 
 ** WARNING ** EPW N17_direct_normal_illuminance < 0 lux [corrected]: month 6, day 7, hour 20, value -102.45475 
 ** WARNING ** EPW N17_direct_normal_illuminance < 0 lux [corrected]: month 6, day 8, hour 5, value -77.34409 
 ** WARNING ** EPW N17_direct_normal_illuminance < 0 lux [corrected]: month 6, day 8, hour 20, value -173.4209 
 ** WARNING ** EPW N17_direct_normal_illuminance < 0 lux [corrected]: month 6, day 9, hour 5, value -34.09865 
 ** WARNING ** EPW N17_direct_normal_illuminance < 0 lux [corrected]: month 6, day 9, hour 20, value -40.0458 
 ** WARNING ** EPW N17_direct_normal_illuminance < 0 lux [corrected]: month 6, day 10, hour 5, value -21.240494 
 ** WARNING ** EPW N17_direct_normal_illuminance < 0 lux [corrected]: month 6, day 10, hour 20, value -37.446014 
 ** WARNING ** EPW N17_direct_normal_illuminance < 0 lux [corrected]: month 6, day 11, hour 5, value -4.3298554 
 ** WARNING ** EPW N17_direct_normal_illuminance < 0 lux [corrected]: month 6, day 11, hour 20, value -44.773186 
 ** WARNING ** EPW N17_direct_normal_illuminance < 0 lux [corrected]: month 6, day 12, hour 5, value -17.927565 
 ** WARNING ** EPW N17_direct_normal_illuminance < 0 lux [corrected]: month 6, day 12, hour 20, value -39.72907 
 ** WARNING ** EPW N17_direct_normal_illuminance < 0 lux [corrected]: month 6, day 13, hour 5, value -3.9455428 
 ** WARNING ** EPW N17_direct_normal_illuminance < 0 lux [corrected]: month 6, day 13, hour 20, value -37.905933 
 ** WARNING ** EPW N17_direct_normal_illuminance < 0 lux [corrected]: month 6, day 14, hour 5, value -4.0453014 
 ** WARNING ** EPW N17_direct_normal_illuminance < 0 lux [corrected]: month 6, day 14, hour 20, value -36.443066 
 ** WARNING ** EPW N17_direct_normal_illuminance < 0 lux [corrected]: month 6, day 15, hour 5, value -65.95592 
 ** WARNING ** EPW N17_direct_normal_illuminance < 0 lux [corrected]: month 6, day 15, hour 20, value -43.199165 
 ** WARNING ** EPW N17_direct_normal_illuminance < 0 lux [corrected]: month 6, day 16, hour 5, value -17.472004 
 ** WARNING ** EPW N17_direct_normal_illuminance < 0 lux [corrected]: month 6, day 16, hour 20, value -42.94397 
 ** WARNING ** EPW N17_direct_normal_illuminance < 0 lux [corrected]: month 6, day 17, hour 5, value -4.1704636 
 ** WARNING ** EPW N17_direct_normal_illuminance < 0 lux [corrected]: month 6, day 17, hour 20, value -6.480099 
 ** WARNING ** EPW N17_direct_normal_illuminance < 0 lux [corrected]: month 6, day 18, hour 5, value -7.06979 
 ** WARNING ** EPW N17_direct_normal_illuminance < 0 lux [corrected]: month 6, day 19, hour 5, value -77.98282 
 ** WARNING ** EPW N17_direct_normal_illuminance < 0 lux [corrected]: month 6, day 19, hour 20, value -44.761517 
 ** WARNING ** EPW N17_direct_normal_illuminance < 0 lux [corrected]: month 6, day 20, hour 5, value -18.84447 
 ** WARNING ** EPW N17_direct_normal_illuminance < 0 lux [corrected]: month 6, day 20, hour 20, value -46.505108 
 ** WARNING ** EPW N17_direct_normal_illuminance < 0 lux [corrected]: month 6, day 21, hour 5, value -70.98889 
 ** WARNING ** EPW N17_direct_normal_illuminance < 0 lux [corrected]: month 6, day 22, hour 5, value -33.78617 
 ** WARNING ** EPW N17_direct_normal_illuminance < 0 lux [corrected]: month 6, day 22, hour 20, value -99.88803 
 ** WARNING ** EPW N17_direct_normal_illuminance < 0 lux [corrected]: month 6, day 23, hour 5, value -52.554855 
 ** WARNING ** EPW N17_direct_normal_illuminance < 0 lux [corrected]: month 6, day 24, hour 5, value -3.211496 
 ** WARNING ** EPW N17_direct_normal_illuminance < 0 lux [corrected]: month 6, day 24, hour 20, value -39.337334 
 ** WARNING ** EPW N17_direct_normal_illuminance < 0 lux [corrected]: month 6, day 25, hour 5, value -17.249907 
 ** WARNING ** EPW N17_direct_normal_illuminance < 0 lux [corrected]: month 6, day 25, hour 20, value -194.05354 
 ** WARNING ** EPW N17_direct_normal_illuminance < 0 lux [corrected]: month 6, day 26, hour 5, value -3.4312453 
 ** WARNING ** EPW N17_direct_normal_illuminance < 0 lux [corrected]: month 6, day 27, hour 5, value -18.579838 
 ** WARNING ** EPW N17_direct_normal_illuminance < 0 lux [corrected]: month 6, day 28, hour 5, value -92.177734 
 ** WARNING ** EPW N17_direct_normal_illuminance < 0 lux [corrected]: month 6, day 29, hour 5, value -97.39066 
 ** WARNING ** EPW N17_direct_normal_illuminance < 0 lux [corrected]: month 6, day 30, hour 5, value -99.788826 
 ** WARNING ** EPW N17_direct_normal_illuminance < 0 lux [corrected]: month 7, day 1, hour 5, value -27.42532 
 ** WARNING ** EPW N17_direct_normal_illuminance < 0 lux [corrected]: month 7, day 2, hour 5, value -130.65082 
 ** WARNING ** EPW N17_direct_normal_illuminance < 0 lux [corrected]: month 7, day 2, hour 20, value -35.328568 
 ** WARNING ** EPW N17_direct_normal_illuminance < 0 lux [corrected]: month 7, day 3, hour 5, value -24.863396 
 ** WARNING ** EPW N17_direct_normal_illuminance < 0 lux [corrected]: month 7, day 3, hour 20, value -120.93856 
 ** WARNING ** EPW N17_direct_normal_illuminance < 0 lux [corrected]: month 7, day 4, hour 5, value -26.699434 
 ** WARNING ** EPW N17_direct_normal_illuminance < 0 lux [corrected]: month 7, day 4, hour 20, value -38.82335 
 ** WARNING ** EPW N17_direct_normal_illuminance < 0 lux [corrected]: month 7, day 5, hour 5, value -148.79944 
 ** WARNING ** EPW N17_direct_normal_illuminance < 0 lux [corrected]: month 7, day 5, hour 20, value -40.33689 
 ** WARNING ** EPW N17_direct_normal_illuminance < 0 lux [corrected]: month 7, day 6, hour 5, value -165.46123 
 ** WARNING ** EPW N17_direct_normal_illuminance < 0 lux [corrected]: month 7, day 7, hour 5, value -27.693438 
 ** WARNING ** EPW N17_direct_normal_illuminance < 0 lux [corrected]: month 7, day 7, hour 20, value -216.75061 
 ** WARNING ** EPW N17_direct_normal_illuminance < 0 lux [corrected]: month 7, day 8, hour 5, value -153.28839 
 ** WARNING ** EPW N17_direct_normal_illuminance < 0 lux [corrected]: month 7, day 8, hour 20, value -43.817898 
 ** WARNING ** EPW N17_direct_normal_illuminance < 0 lux [corrected]: month 7, day 9, hour 5, value -172.59842 
 ** WARNING ** EPW N17_direct_normal_illuminance < 0 lux [corrected]: month 7, day 10, hour 5, value -5.0692434 
 ** WARNING ** EPW N17_direct_normal_illuminance < 0 lux [corrected]: month 7, day 11, hour 5, value -4.9472046 
 ** WARNING ** EPW N17_direct_normal_illuminance < 0 lux [corrected]: month 7, day 12, hour 5, value -4.92559 
 ** WARNING ** EPW N17_direct_normal_illuminance < 0 lux [corrected]: month 7, day 12, hour 20, value -42.925423 
 ** WARNING ** EPW N17_direct_normal_illuminance < 0 lux [corrected]: month 7, day 13, hour 5, value -28.277859 
 ** WARNING ** EPW N17_direct_normal_illuminance < 0 lux [corrected]: month 7, day 14, hour 5, value -130.03001 
 ** WARNING ** EPW N17_direct_normal_illuminance < 0 lux [corrected]: month 7, day 14, hour 20, value -58.27065 
 ** WARNING ** EPW N17_direct_normal_illuminance < 0 lux [corrected]: month 7, day 15, hour 5, value -19.445425 
 ** WARNING ** EPW N17_direct_normal_illuminance < 0 lux [corrected]: month 7, day 15, hour 20, value -45.726864 
 ** WARNING ** EPW N17_direct_normal_illuminance < 0 lux [corrected]: month 7, day 16, hour 5, value -19.744007 
 ** WARNING ** EPW N17_direct_normal_illuminance < 0 lux [corrected]: month 7, day 16, hour 20, value -44.644123 
 ** WARNING ** EPW N17_direct_normal_illuminance < 0 lux [corrected]: month 7, day 17, hour 5, value -14.598558 
 ** WARNING ** EPW N17_direct_normal_illuminance < 0 lux [corrected]: month 7, day 17, hour 20, value -42.98225 
 ** WARNING ** EPW N17_direct_normal_illuminance < 0 lux [corrected]: month 7, day 18, hour 5, value -88.82196 
 ** WARNING ** EPW N17_direct_normal_illuminance < 0 lux [corrected]: month 7, day 19, hour 5, value -14.912475 
 ** WARNING ** EPW N17_direct_normal_illuminance < 0 lux [corrected]: month 7, day 20, hour 5, value -67.72172 
 ** WARNING ** EPW N17_direct_normal_illuminance < 0 lux [corrected]: month 7, day 21, hour 5, value -39.03797 
 ** WARNING ** EPW N17_direct_normal_illuminance < 0 lux [corrected]: month 7, day 22, hour 5, value -57.44388 
 ** WARNING ** EPW N17_direct_normal_illuminance < 0 lux [corrected]: month 7, day 23, hour 5, value -21.494822 
 ** WARNING ** EPW N17_direct_normal_illuminance < 0 lux [corrected]: month 7, day 23, hour 20, value -70.33458 
 ** WARNING ** EPW N17_direct_normal_illuminance < 0 lux [corrected]: month 7, day 24, hour 5, value -1.5492994 
 ** WARNING ** EPW N17_direct_normal_illuminance < 0 lux [corrected]: month 7, day 24, hour 6, value -1.0041085 
 ** WARNING ** EPW N17_direct_normal_illuminance < 0 lux [corrected]: month 7, day 24, hour 20, value -3.3575668 
 ** WARNING ** EPW N17_direct_normal_illuminance < 0 lux [corrected]: month 7, day 25, hour 5, value -21.214197 
 ** WARNING ** EPW N17_direct_normal_illuminance < 0 lux [corrected]: month 7, day 25, hour 20, value -23.691273 
 ** WARNING ** EPW N17_direct_normal_illuminance < 0 lux [corrected]: month 7, day 26, hour 5, value -33.7185 
 ** WARNING ** EPW N17_direct_normal_illuminance < 0 lux [corrected]: month 7, day 26, hour 19, value -0.36390942 
 ** WARNING ** EPW N17_direct_normal_illuminance < 0 lux [corrected]: month 7, day 26, hour 20, value -25.863216 
 ** WARNING ** EPW N17_direct_normal_illuminance < 0 lux [corrected]: month 7, day 27, hour 5, value -7.970628 
 ** WARNING ** EPW N17_direct_normal_illuminance < 0 lux [corrected]: month 7, day 27, hour 20, value -16.134064 
 ** WARNING ** EPW N17_direct_normal_illuminance < 0 lux [corrected]: month 7, day 28, hour 5, value -21.78648 
 ** WARNING ** EPW N17_direct_normal_illuminance < 0 lux [corrected]: month 7, day 28, hour 20, value -132.78409 
 ** WARNING ** EPW N17_direct_normal_illuminance < 0 lux [corrected]: month 7, day 29, hour 5, value -11.911693 
 ** WARNING ** EPW N17_direct_normal_illuminance < 0 lux [corrected]: month 7, day 29, hour 20, value -103.9282 
 ** WARNING ** EPW N17_direct_normal_illuminance < 0 lux [corrected]: month 7, day 30, hour 5, value -1.9439888 
 ** WARNING ** EPW N17_direct_normal_illuminance < 0 lux [corrected]: month 7, day 30, hour 6, value -2.6575785 
 ** WARNING ** EPW N17_direct_normal_illuminance < 0 lux [corrected]: month 7, day 30, hour 20, value -10.357132 
 ** WARNING ** EPW N17_direct_normal_illuminance < 0 lux [corrected]: month 7, day 31, hour 5, value -1.8515922 
 ** WARNING ** EPW N17_direct_normal_illuminance < 0 lux [corrected]: month 7, day 31, hour 6, value -2.4967253 
 ** WARNING ** EPW N17_direct_normal_illuminance < 0 lux [corrected]: month 7, day 31, hour 19, value -1.1871507 
 ** WARNING ** EPW N17_direct_normal_illuminance < 0 lux [corrected]: month 7, day 31, hour 20, value -1.1858553 
 ** WARNING ** EPW N17_direct_normal_illuminance < 0 lux [corrected]: month 8, day 1, hour 5, value -0.5420554 
 ** WARNING ** EPW N17_direct_normal_illuminance < 0 lux [corrected]: month 8, day 1, hour 6, value -2.7122185 
 ** WARNING ** EPW N17_direct_normal_illuminance < 0 lux [corrected]: month 8, day 1, hour 20, value -58.947884 
 ** WARNING ** EPW N17_direct_normal_illuminance < 0 lux [corrected]: month 8, day 2, hour 5, value -3.0153472 
 ** WARNING ** EPW N17_direct_normal_illuminance < 0 lux [corrected]: month 8, day 2, hour 20, value -5.7831173 
 ** WARNING ** EPW N17_direct_normal_illuminance < 0 lux [corrected]: month 8, day 3, hour 5, value -0.9497557 
 ** WARNING ** EPW N17_direct_normal_illuminance < 0 lux [corrected]: month 8, day 3, hour 20, value -42.672882 
 ** WARNING ** EPW N17_direct_normal_illuminance < 0 lux [corrected]: month 8, day 4, hour 5, value -0.9024306 
 ** WARNING ** EPW N17_direct_normal_illuminance < 0 lux [corrected]: month 8, day 4, hour 20, value -26.50469 
 ** WARNING ** EPW N17_direct_normal_illuminance < 0 lux [corrected]: month 8, day 5, hour 5, value -0.6438226 
 ** WARNING ** EPW N17_direct_normal_illuminance < 0 lux [corrected]: month 8, day 5, hour 20, value -3.0532672 
 ** WARNING ** EPW N17_direct_normal_illuminance < 0 lux [corrected]: month 8, day 6, hour 6, value -16.33188 
 ** WARNING ** EPW N17_direct_normal_illuminance < 0 lux [corrected]: month 8, day 6, hour 20, value -18.140993 
 ** WARNING ** EPW N17_direct_normal_illuminance < 0 lux [corrected]: month 8, day 7, hour 6, value -15.7146 
 ** WARNING ** EPW N17_direct_normal_illuminance < 0 lux [corrected]: month 8, day 7, hour 20, value -4.6959486 
 ** WARNING ** EPW N17_direct_normal_illuminance < 0 lux [corrected]: month 8, day 8, hour 5, value -0.013432113 
 ** WARNING ** EPW N17_direct_normal_illuminance < 0 lux [corrected]: month 8, day 8, hour 6, value -17.356592 
 ** WARNING ** EPW N17_direct_normal_illuminance < 0 lux [corrected]: month 8, day 8, hour 19, value -2.7072864 
 ** WARNING ** EPW N17_direct_normal_illuminance < 0 lux [corrected]: month 8, day 8, hour 20, value -0.7638179 
 ** WARNING ** EPW N17_direct_normal_illuminance < 0 lux [corrected]: month 8, day 9, hour 5, value -0.0056157475 
 ** WARNING ** EPW N17_direct_normal_illuminance < 0 lux [corrected]: month 8, day 9, hour 6, value -20.030334 
 ** WARNING ** EPW N17_direct_normal_illuminance < 0 lux [corrected]: month 8, day 9, hour 19, value -4.5913815 
 ** WARNING ** EPW N17_direct_normal_illuminance < 0 lux [corrected]: month 8, day 9, hour 20, value -0.07065171 
 ** WARNING ** EPW N17_direct_normal_illuminance < 0 lux [corrected]: month 8, day 10, hour 6, value -4.817693 
 ** WARNING ** EPW N17_direct_normal_illuminance < 0 lux [corrected]: month 8, day 10, hour 20, value -1.7204388 
 ** WARNING ** EPW N17_direct_normal_illuminance < 0 lux [corrected]: month 8, day 11, hour 5, value -0.00104904 
 ** WARNING ** EPW N17_direct_normal_illuminance < 0 lux [corrected]: month 8, day 11, hour 6, value -71.73141 
 ** WARNING ** EPW N17_direct_normal_illuminance < 0 lux [corrected]: month 8, day 11, hour 19, value -21.303526 
 ** WARNING ** EPW N17_direct_normal_illuminance < 0 lux [corrected]: month 8, day 11, hour 20, value -1.419258 
 ** WARNING ** EPW N17_direct_normal_illuminance < 0 lux [corrected]: month 8, day 12, hour 6, value -4.5403066 
 ** WARNING ** EPW N17_direct_normal_illuminance < 0 lux [corrected]: month 8, day 12, hour 19, value -29.143549 
 ** WARNING ** EPW N17_direct_normal_illuminance < 0 lux [corrected]: month 8, day 12, hour 20, value -0.069519304 
 ** WARNING ** EPW N17_direct_normal_illuminance < 0 lux [corrected]: month 8, day 13, hour 6, value -5.014821 
 ** WARNING ** EPW N17_direct_normal_illuminance < 0 lux [corrected]: month 8, day 13, hour 19, value -29.211254 
 ** WARNING ** EPW N17_direct_normal_illuminance < 0 lux [corrected]: month 8, day 13, hour 20, value -0.004814809 
 ** WARNING ** EPW N17_direct_normal_illuminance < 0 lux [corrected]: month 8, day 14, hour 6, value -4.5272636 
 ** WARNING ** EPW N17_direct_normal_illuminance < 0 lux [corrected]: month 8, day 14, hour 19, value -31.67372 
 ** WARNING ** EPW N17_direct_normal_illuminance < 0 lux [corrected]: month 8, day 15, hour 6, value -5.0342774 
 ** WARNING ** EPW N17_direct_normal_illuminance < 0 lux [corrected]: month 8, day 15, hour 20, value -0.005798332 
 ** WARNING ** EPW N17_direct_normal_illuminance < 0 lux [corrected]: month 8, day 16, hour 6, value -118.837555 
 ** WARNING ** EPW N17_direct_normal_illuminance < 0 lux [corrected]: month 8, day 17, hour 6, value -36.861355 
 ** WARNING ** EPW N17_direct_normal_illuminance < 0 lux [corrected]: month 8, day 18, hour 6, value -130.60759 
 ** WARNING ** EPW N17_direct_normal_illuminance < 0 lux [corrected]: month 8, day 19, hour 6, value -146.5733 
 ** WARNING ** EPW N17_direct_normal_illuminance < 0 lux [corrected]: month 8, day 20, hour 6, value -26.909113 
 ** WARNING ** EPW N17_direct_normal_illuminance < 0 lux [corrected]: month 8, day 20, hour 19, value -42.26674 
 ** WARNING ** EPW N17_direct_normal_illuminance < 0 lux [corrected]: month 8, day 21, hour 6, value -143.20346 
 ** WARNING ** EPW N17_direct_normal_illuminance < 0 lux [corrected]: month 8, day 22, hour 6, value -153.8538 
 ** WARNING ** EPW N17_direct_normal_illuminance < 0 lux [corrected]: month 8, day 22, hour 19, value -34.81343 
 ** WARNING ** EPW N17_direct_normal_illuminance < 0 lux [corrected]: month 8, day 23, hour 6, value -5.5351534 
 ** WARNING ** EPW N17_direct_normal_illuminance < 0 lux [corrected]: month 8, day 24, hour 6, value -22.196583 
 ** WARNING ** EPW N17_direct_normal_illuminance < 0 lux [corrected]: month 8, day 24, hour 19, value -37.272923 
 ** WARNING ** EPW N17_direct_normal_illuminance < 0 lux [corrected]: month 8, day 25, hour 6, value -23.445375 
 ** WARNING ** EPW N17_direct_normal_illuminance < 0 lux [corrected]: month 8, day 25, hour 19, value -31.709692 
 ** WARNING ** EPW N17_direct_normal_illuminance < 0 lux [corrected]: month 8, day 26, hour 6, value -104.54428 
 ** WARNING ** EPW N17_direct_normal_illuminance < 0 lux [corrected]: month 8, day 26, hour 19, value -25.65704 
 ** WARNING ** EPW N17_direct_normal_illuminance < 0 lux [corrected]: month 8, day 27, hour 6, value -78.47091 
 ** WARNING ** EPW N17_direct_normal_illuminance < 0 lux [corrected]: month 8, day 27, hour 19, value -28.272692 
 ** WARNING ** EPW N17_direct_normal_illuminance < 0 lux [corrected]: month 8, day 28, hour 6, value -78.794495 
 ** WARNING ** EPW N17_direct_normal_illuminance < 0 lux [corrected]: month 8, day 28, hour 19, value -159.28638 
 ** WARNING ** EPW N17_direct_normal_illuminance < 0 lux [corrected]: month 8, day 29, hour 6, value -2.9988565 
 ** WARNING ** EPW N17_direct_normal_illuminance < 0 lux [corrected]: month 8, day 29, hour 19, value -16.792742 
 ** WARNING ** EPW N17_direct_normal_illuminance < 0 lux [corrected]: month 8, day 30, hour 6, value -70.11645 
 ** WARNING ** EPW N17_direct_normal_illuminance < 0 lux [corrected]: month 8, day 30, hour 19, value -11.164651 
 ** WARNING ** EPW N17_direct_normal_illuminance < 0 lux [corrected]: month 8, day 31, hour 6, value -9.433881 
 ** WARNING ** EPW N17_direct_normal_illuminance < 0 lux [corrected]: month 8, day 31, hour 19, value -11.281678 
 ** WARNING ** EPW N17_direct_normal_illuminance < 0 lux [corrected]: month 9, day 1, hour 6, value -36.853027 
 ** WARNING ** EPW N17_direct_normal_illuminance < 0 lux [corrected]: month 9, day 1, hour 19, value -8.490073 
 ** WARNING ** EPW N17_direct_normal_illuminance < 0 lux [corrected]: month 9, day 2, hour 6, value -7.0239477 
 ** WARNING ** EPW N17_direct_normal_illuminance < 0 lux [corrected]: month 9, day 2, hour 18, value -0.84719133 
 ** WARNING ** EPW N17_direct_normal_illuminance < 0 lux [corrected]: month 9, day 2, hour 19, value -0.8157514 
 ** WARNING ** EPW N17_direct_normal_illuminance < 0 lux [corrected]: month 9, day 3, hour 6, value -1.2646302 
 ** WARNING ** EPW N17_direct_normal_illuminance < 0 lux [corrected]: month 9, day 3, hour 19, value -57.87086 
 ** WARNING ** EPW N17_direct_normal_illuminance < 0 lux [corrected]: month 9, day 4, hour 6, value -5.8132477 
 ** WARNING ** EPW N17_direct_normal_illuminance < 0 lux [corrected]: month 9, day 4, hour 19, value -35.10697 
 ** WARNING ** EPW N17_direct_normal_illuminance < 0 lux [corrected]: month 9, day 5, hour 6, value -3.5610251 
 ** WARNING ** EPW N17_direct_normal_illuminance < 0 lux [corrected]: month 9, day 5, hour 19, value -24.887562 
 ** WARNING ** EPW N17_direct_normal_illuminance < 0 lux [corrected]: month 9, day 6, hour 6, value -13.156648 
 ** WARNING ** EPW N17_direct_normal_illuminance < 0 lux [corrected]: month 9, day 6, hour 19, value -16.119621 
 ** WARNING ** EPW N17_direct_normal_illuminance < 0 lux [corrected]: month 9, day 7, hour 6, value -3.1306057 
 ** WARNING ** EPW N17_direct_normal_illuminance < 0 lux [corrected]: month 9, day 7, hour 19, value -1.6453265 
 ** WARNING ** EPW N17_direct_normal_illuminance < 0 lux [corrected]: month 9, day 8, hour 6, value -1.4095005 
 ** WARNING ** EPW N17_direct_normal_illuminance < 0 lux [corrected]: month 9, day 8, hour 19, value -0.3513438 
 ** WARNING ** EPW N17_direct_normal_illuminance < 0 lux [corrected]: month 9, day 9, hour 6, value -1.3992808 
 ** WARNING ** EPW N17_direct_normal_illuminance < 0 lux [corrected]: month 9, day 9, hour 19, value -0.91378456 
 ** WARNING ** EPW N17_direct_normal_illuminance < 0 lux [corrected]: month 9, day 10, hour 6, value -1.100226 
 ** WARNING ** EPW N17_direct_normal_illuminance < 0 lux [corrected]: month 9, day 10, hour 18, value -19.605444 
 ** WARNING ** EPW N17_direct_normal_illuminance < 0 lux [corrected]: month 9, day 10, hour 19, value -0.037868276 
 ** WARNING ** EPW N17_direct_normal_illuminance < 0 lux [corrected]: month 9, day 11, hour 6, value -0.43999502 
 ** WARNING ** EPW N17_direct_normal_illuminance < 0 lux [corrected]: month 9, day 11, hour 7, value -1.996213 
 ** WARNING ** EPW N17_direct_normal_illuminance < 0 lux [corrected]: month 9, day 11, hour 18, value -32.570972 
 ** WARNING ** EPW N17_direct_normal_illuminance < 0 lux [corrected]: month 9, day 11, hour 19, value -0.0023679 
 ** WARNING ** EPW N17_direct_normal_illuminance < 0 lux [corrected]: month 9, day 12, hour 6, value -0.32158345 
 ** WARNING ** EPW N17_direct_normal_illuminance < 0 lux [corrected]: month 9, day 12, hour 7, value -2.8628442 
 ** WARNING ** EPW N17_direct_normal_illuminance < 0 lux [corrected]: month 9, day 12, hour 19, value -0.0044067376 
 ** WARNING ** EPW N17_direct_normal_illuminance < 0 lux [corrected]: month 9, day 13, hour 6, value -1.898501 
 ** WARNING ** EPW N17_direct_normal_illuminance < 0 lux [corrected]: month 9, day 13, hour 19, value -0.0010328133 
 ** WARNING ** EPW N17_direct_normal_illuminance < 0 lux [corrected]: month 9, day 14, hour 6, value -0.55523896 
 ** WARNING ** EPW N17_direct_normal_illuminance < 0 lux [corrected]: month 9, day 15, hour 6, value -0.5428358 
 ** WARNING ** EPW N17_direct_normal_illuminance < 0 lux [corrected]: month 9, day 16, hour 6, value -0.0996349 
 ** WARNING ** EPW N17_direct_normal_illuminance < 0 lux [corrected]: month 9, day 17, hour 6, value -0.052361697 
 ** WARNING ** EPW N17_direct_normal_illuminance < 0 lux [corrected]: month 9, day 18, hour 6, value -0.041713152 
 ** WARNING ** EPW N17_direct_normal_illuminance < 0 lux [corrected]: month 9, day 18, hour 18, value -58.967567 
 ** WARNING ** EPW N17_direct_normal_illuminance < 0 lux [corrected]: month 9, day 19, hour 6, value -0.0025141197 
 ** WARNING ** EPW N17_direct_normal_illuminance < 0 lux [corrected]: month 9, day 19, hour 7, value -22.166973 
 ** WARNING ** EPW N17_direct_normal_illuminance < 0 lux [corrected]: month 9, day 19, hour 18, value -8.572255 
 ** WARNING ** EPW N17_direct_normal_illuminance < 0 lux [corrected]: month 9, day 20, hour 6, value -9.833522E-4 
 ** WARNING ** EPW N17_direct_normal_illuminance < 0 lux [corrected]: month 9, day 20, hour 7, value -48.807312 
 ** WARNING ** EPW N17_direct_normal_illuminance < 0 lux [corrected]: month 9, day 20, hour 18, value -54.94544 
 ** WARNING ** EPW N17_direct_normal_illuminance < 0 lux [corrected]: month 9, day 21, hour 7, value -27.887115 
 ** WARNING ** EPW N17_direct_normal_illuminance < 0 lux [corrected]: month 9, day 22, hour 7, value -29.96204 
 ** WARNING ** EPW N17_direct_normal_illuminance < 0 lux [corrected]: month 9, day 22, hour 18, value -39.19896 
 ** WARNING ** EPW N17_direct_normal_illuminance < 0 lux [corrected]: month 9, day 23, hour 7, value -28.60408 
 ** WARNING ** EPW N17_direct_normal_illuminance < 0 lux [corrected]: month 9, day 23, hour 18, value -36.234272 
 ** WARNING ** EPW N17_direct_normal_illuminance < 0 lux [corrected]: month 9, day 24, hour 7, value -5.3664045 
 ** WARNING ** EPW N17_direct_normal_illuminance < 0 lux [corrected]: month 9, day 24, hour 18, value -30.691002 
 ** WARNING ** EPW N17_direct_normal_illuminance < 0 lux [corrected]: month 9, day 25, hour 7, value -34.600105 
 ** WARNING ** EPW N17_direct_normal_illuminance < 0 lux [corrected]: month 9, day 26, hour 7, value -29.804605 
 ** WARNING ** EPW N17_direct_normal_illuminance < 0 lux [corrected]: month 9, day 26, hour 18, value -2.1377347 
 ** WARNING ** EPW N17_direct_normal_illuminance < 0 lux [corrected]: month 9, day 27, hour 18, value -143.10547 
 ** WARNING ** EPW N17_direct_normal_illuminance < 0 lux [corrected]: month 9, day 28, hour 7, value -37.349434 
 ** WARNING ** EPW N17_direct_normal_illuminance < 0 lux [corrected]: month 9, day 28, hour 18, value -1.7962828 
 ** WARNING ** EPW N17_direct_normal_illuminance < 0 lux [corrected]: month 9, day 29, hour 7, value -6.874978 
 ** WARNING ** EPW N17_direct_normal_illuminance < 0 lux [corrected]: month 9, day 29, hour 17, value -2.4184885 
 ** WARNING ** EPW N17_direct_normal_illuminance < 0 lux [corrected]: month 9, day 29, hour 18, value -0.6750818 
 ** WARNING ** EPW N17_direct_normal_illuminance < 0 lux [corrected]: month 9, day 30, hour 7, value -43.81856 
 ** WARNING ** EPW N17_direct_normal_illuminance < 0 lux [corrected]: month 9, day 30, hour 17, value -1.5188997 
 ** WARNING ** EPW N17_direct_normal_illuminance < 0 lux [corrected]: month 9, day 30, hour 18, value -0.52814615 
 ** WARNING ** EPW N17_direct_normal_illuminance < 0 lux [corrected]: month 10, day 1, hour 18, value -95.61782 
 ** WARNING ** EPW N17_direct_normal_illuminance < 0 lux [corrected]: month 10, day 2, hour 18, value -4.278802 
 ** WARNING ** EPW N17_direct_normal_illuminance < 0 lux [corrected]: month 10, day 3, hour 7, value -32.36667 
 ** WARNING ** EPW N17_direct_normal_illuminance < 0 lux [corrected]: month 10, day 3, hour 18, value -1.4336942 
 ** WARNING ** EPW N17_direct_normal_illuminance < 0 lux [corrected]: month 10, day 4, hour 7, value -4.807415 
 ** WARNING ** EPW N17_direct_normal_illuminance < 0 lux [corrected]: month 10, day 4, hour 18, value -2.9228284 
 ** WARNING ** EPW N17_direct_normal_illuminance < 0 lux [corrected]: month 10, day 5, hour 7, value -28.741869 
 ** WARNING ** EPW N17_direct_normal_illuminance < 0 lux [corrected]: month 10, day 5, hour 17, value -6.377343 
 ** WARNING ** EPW N17_direct_normal_illuminance < 0 lux [corrected]: month 10, day 5, hour 18, value -0.03369469 
 ** WARNING ** EPW N17_direct_normal_illuminance < 0 lux [corrected]: month 10, day 6, hour 7, value -21.13499 
 ** WARNING ** EPW N17_direct_normal_illuminance < 0 lux [corrected]: month 10, day 6, hour 18, value -2.8905225 
 ** WARNING ** EPW N17_direct_normal_illuminance < 0 lux [corrected]: month 10, day 7, hour 7, value -2.68963 
 ** WARNING ** EPW N17_direct_normal_illuminance < 0 lux [corrected]: month 10, day 7, hour 17, value -7.5702353 
 ** WARNING ** EPW N17_direct_normal_illuminance < 0 lux [corrected]: month 10, day 7, hour 18, value -0.005214647 
 ** WARNING ** EPW N17_direct_normal_illuminance < 0 lux [corrected]: month 10, day 8, hour 7, value -139.55418 
 ** WARNING ** EPW N17_direct_normal_illuminance < 0 lux [corrected]: month 10, day 8, hour 18, value -0.087257616 
 ** WARNING ** EPW N17_direct_normal_illuminance < 0 lux [corrected]: month 10, day 9, hour 7, value -16.763025 
 ** WARNING ** EPW N17_direct_normal_illuminance < 0 lux [corrected]: month 10, day 9, hour 17, value -7.8344054 
 ** WARNING ** EPW N17_direct_normal_illuminance < 0 lux [corrected]: month 10, day 9, hour 18, value -5.36758E-4 
 ** WARNING ** EPW N17_direct_normal_illuminance < 0 lux [corrected]: month 10, day 10, hour 7, value -2.3299272 
 ** WARNING ** EPW N17_direct_normal_illuminance < 0 lux [corrected]: month 10, day 10, hour 17, value -7.5471473 
 ** WARNING ** EPW N17_direct_normal_illuminance < 0 lux [corrected]: month 10, day 11, hour 7, value -66.76234 
 ** WARNING ** EPW N17_direct_normal_illuminance < 0 lux [corrected]: month 10, day 12, hour 7, value -72.484055 
 ** WARNING ** EPW N17_direct_normal_illuminance < 0 lux [corrected]: month 10, day 13, hour 7, value -20.516726 
 ** WARNING ** EPW N17_direct_normal_illuminance < 0 lux [corrected]: month 10, day 14, hour 7, value -47.102905 
 ** WARNING ** EPW N17_direct_normal_illuminance < 0 lux [corrected]: month 10, day 14, hour 17, value -9.8245 
 ** WARNING ** EPW N17_direct_normal_illuminance < 0 lux [corrected]: month 10, day 15, hour 7, value -12.461292 
 ** WARNING ** EPW N17_direct_normal_illuminance < 0 lux [corrected]: month 10, day 15, hour 17, value -9.794868 
 ** WARNING ** EPW N17_direct_normal_illuminance < 0 lux [corrected]: month 10, day 16, hour 7, value -12.003623 
 ** WARNING ** EPW N17_direct_normal_illuminance < 0 lux [corrected]: month 10, day 16, hour 17, value -11.805222 
 ** WARNING ** EPW N17_direct_normal_illuminance < 0 lux [corrected]: month 10, day 17, hour 7, value -15.4721155 
 ** WARNING ** EPW N17_direct_normal_illuminance < 0 lux [corrected]: month 10, day 18, hour 7, value -8.000338 
 ** WARNING ** EPW N17_direct_normal_illuminance < 0 lux [corrected]: month 10, day 18, hour 17, value -69.943245 
 ** WARNING ** EPW N17_direct_normal_illuminance < 0 lux [corrected]: month 10, day 19, hour 7, value -7.618603 
 ** WARNING ** EPW N17_direct_normal_illuminance < 0 lux [corrected]: month 10, day 19, hour 17, value -64.94846 
 ** WARNING ** EPW N17_direct_normal_illuminance < 0 lux [corrected]: month 10, day 20, hour 7, value -0.64931124 
 ** WARNING ** EPW N17_direct_normal_illuminance < 0 lux [corrected]: month 10, day 20, hour 8, value -17.904623 
 ** WARNING ** EPW N17_direct_normal_illuminance < 0 lux [corrected]: month 10, day 20, hour 17, value -7.281763 
 ** WARNING ** EPW N17_direct_normal_illuminance < 0 lux [corrected]: month 10, day 21, hour 7, value -0.46276876 
 ** WARNING ** EPW N17_direct_normal_illuminance < 0 lux [corrected]: month 10, day 21, hour 8, value -24.068499 
 ** WARNING ** EPW N17_direct_normal_illuminance < 0 lux [corrected]: month 10, day 21, hour 17, value -133.63892 
 ** WARNING ** EPW N17_direct_normal_illuminance < 0 lux [corrected]: month 10, day 22, hour 7, value -0.30388683 
 ** WARNING ** EPW N17_direct_normal_illuminance < 0 lux [corrected]: month 10, day 23, hour 7, value -0.038998842 
 ** WARNING ** EPW N17_direct_normal_illuminance < 0 lux [corrected]: month 10, day 23, hour 8, value -28.84551 
 ** WARNING ** EPW N17_direct_normal_illuminance < 0 lux [corrected]: month 10, day 23, hour 17, value -3.7919812 
 ** WARNING ** EPW N17_direct_normal_illuminance < 0 lux [corrected]: month 10, day 24, hour 7, value -0.105395675 
 ** WARNING ** EPW N17_direct_normal_illuminance < 0 lux [corrected]: month 10, day 25, hour 7, value -0.013740108 
 ** WARNING ** EPW N17_direct_normal_illuminance < 0 lux [corrected]: month 10, day 26, hour 8, value -8.211135 
 ** WARNING ** EPW N17_direct_normal_illuminance < 0 lux [corrected]: month 10, day 26, hour 16, value -0.9646539 
 ** WARNING ** EPW N17_direct_normal_illuminance < 0 lux [corrected]: month 10, day 26, hour 17, value -2.1618311 
 ** WARNING ** EPW N17_direct_normal_illuminance < 0 lux [corrected]: month 10, day 27, hour 8, value -10.372127 
 ** WARNING ** EPW N17_direct_normal_illuminance < 0 lux [corrected]: month 10, day 27, hour 16, value -3.2942762 
 ** WARNING ** EPW N17_direct_normal_illuminance < 0 lux [corrected]: month 10, day 27, hour 17, value -15.201592 
 ** WARNING ** EPW N17_direct_normal_illuminance < 0 lux [corrected]: month 10, day 28, hour 17, value -173.43967 
 ** WARNING ** EPW N17_direct_normal_illuminance < 0 lux [corrected]: month 10, day 29, hour 17, value -8.650398 
 ** WARNING ** EPW N17_direct_normal_illuminance < 0 lux [corrected]: month 10, day 30, hour 8, value -10.679501 
 ** WARNING ** EPW N17_direct_normal_illuminance < 0 lux [corrected]: month 10, day 30, hour 16, value -5.1356654 
 ** WARNING ** EPW N17_direct_normal_illuminance < 0 lux [corrected]: month 10, day 30, hour 17, value -0.55355734 
 ** WARNING ** EPW N17_direct_normal_illuminance < 0 lux [corrected]: month 10, day 31, hour 8, value -10.337612 
 ** WARNING ** EPW N17_direct_normal_illuminance < 0 lux [corrected]: month 10, day 31, hour 16, value -6.52045 
 ** WARNING ** EPW N17_direct_normal_illuminance < 0 lux [corrected]: month 10, day 31, hour 17, value -0.4297806 
 ** WARNING ** EPW N17_direct_normal_illuminance < 0 lux [corrected]: month 11, day 1, hour 8, value -66.83061 
 ** WARNING ** EPW N17_direct_normal_illuminance < 0 lux [corrected]: month 11, day 1, hour 16, value -4.860393 
 ** WARNING ** EPW N17_direct_normal_illuminance < 0 lux [corrected]: month 11, day 1, hour 17, value -1.6864955 
 ** WARNING ** EPW N17_direct_normal_illuminance < 0 lux [corrected]: month 11, day 2, hour 16, value -5.891573 
 ** WARNING ** EPW N17_direct_normal_illuminance < 0 lux [corrected]: month 11, day 2, hour 17, value -20.293074 
 ** WARNING ** EPW N17_direct_normal_illuminance < 0 lux [corrected]: month 11, day 3, hour 17, value -8.478923 
 ** WARNING ** EPW N17_direct_normal_illuminance < 0 lux [corrected]: month 11, day 4, hour 17, value -8.0385275 
 ** WARNING ** EPW N8_relative_humidity > 110 % [corrected]: month 11, day 5, hour 5, value 110.94867 
 ** WARNING ** EPW N17_direct_normal_illuminance < 0 lux [corrected]: month 11, day 5, hour 17, value -3.9692822 
 ** WARNING ** EPW N8_relative_humidity > 110 % [corrected]: month 11, day 6, hour 3, value 110.77747 
 ** WARNING ** EPW N8_relative_humidity > 110 % [corrected]: month 11, day 6, hour 4, value 110.819885 
 ** WARNING ** EPW N8_relative_humidity > 110 % [corrected]: month 11, day 6, hour 5, value 114.88764 
 ** WARNING ** EPW N8_relative_humidity > 110 % [corrected]: month 11, day 6, hour 6, value 115.76543 
 ** WARNING ** EPW N8_relative_humidity > 110 % [corrected]: month 11, day 6, hour 7, value 116.364624 
 ** WARNING ** EPW N17_direct_normal_illuminance < 0 lux [corrected]: month 11, day 6, hour 17, value -0.0408399 
 ** WARNING ** EPW N8_relative_humidity > 110 % [corrected]: month 11, day 7, hour 6, value 111.317566 
 ** WARNING ** EPW N17_direct_normal_illuminance < 0 lux [corrected]: month 11, day 7, hour 8, value -48.79643 
 ** WARNING ** EPW N17_direct_normal_illuminance < 0 lux [corrected]: month 11, day 7, hour 16, value -73.524216 
 ** WARNING ** EPW N17_direct_normal_illuminance < 0 lux [corrected]: month 11, day 7, hour 17, value -0.017205559 
 ** WARNING ** EPW N17_direct_normal_illuminance < 0 lux [corrected]: month 11, day 8, hour 8, value -49.27594 
 ** WARNING ** EPW N17_direct_normal_illuminance < 0 lux [corrected]: month 11, day 8, hour 16, value -93.35853 
 ** WARNING ** EPW N17_direct_normal_illuminance < 0 lux [corrected]: month 11, day 8, hour 17, value -0.015064455 
 ** WARNING ** EPW N17_direct_normal_illuminance < 0 lux [corrected]: month 11, day 9, hour 8, value -51.802937 
 ** WARNING ** EPW N17_direct_normal_illuminance < 0 lux [corrected]: month 11, day 9, hour 16, value -96.89366 
 ** WARNING ** EPW N17_direct_normal_illuminance < 0 lux [corrected]: month 11, day 10, hour 8, value -16.7452 
 ** WARNING ** EPW N17_direct_normal_illuminance < 0 lux [corrected]: month 11, day 10, hour 16, value -12.809387 
 ** WARNING ** EPW N17_direct_normal_illuminance < 0 lux [corrected]: month 11, day 11, hour 8, value -31.869322 
 ** WARNING ** EPW N17_direct_normal_illuminance < 0 lux [corrected]: month 11, day 11, hour 9, value -2.4301083 
 ** WARNING ** EPW N17_direct_normal_illuminance < 0 lux [corrected]: month 11, day 11, hour 16, value -113.58215 
 ** WARNING ** EPW N17_direct_normal_illuminance < 0 lux [corrected]: month 11, day 12, hour 8, value -23.437948 
 ** WARNING ** EPW N17_direct_normal_illuminance < 0 lux [corrected]: month 11, day 12, hour 16, value -118.75996 
 ** WARNING ** EPW N17_direct_normal_illuminance < 0 lux [corrected]: month 11, day 13, hour 8, value -27.393925 
 ** WARNING ** EPW N17_direct_normal_illuminance < 0 lux [corrected]: month 11, day 13, hour 16, value -125.46376 
 ** WARNING ** EPW N17_direct_normal_illuminance < 0 lux [corrected]: month 11, day 14, hour 8, value -2.7977548 
 ** WARNING ** EPW N17_direct_normal_illuminance < 0 lux [corrected]: month 11, day 14, hour 9, value -4.3153386 
 ** WARNING ** EPW N17_direct_normal_illuminance < 0 lux [corrected]: month 11, day 14, hour 16, value -132.8178 
 ** WARNING ** EPW N17_direct_normal_illuminance < 0 lux [corrected]: month 11, day 15, hour 8, value -18.160368 
 ** WARNING ** EPW N17_direct_normal_illuminance < 0 lux [corrected]: month 11, day 15, hour 16, value -124.248856 
 ** WARNING ** EPW N17_direct_normal_illuminance < 0 lux [corrected]: month 11, day 16, hour 8, value -27.77027 
 ** WARNING ** EPW N17_direct_normal_illuminance < 0 lux [corrected]: month 11, day 16, hour 16, value -14.9400215 
 ** WARNING ** EPW N17_direct_normal_illuminance < 0 lux [corrected]: month 11, day 17, hour 8, value -7.1086574 
 ** WARNING ** EPW N17_direct_normal_illuminance < 0 lux [corrected]: month 11, day 18, hour 8, value -85.33693 
 ** WARNING ** EPW N17_direct_normal_illuminance < 0 lux [corrected]: month 11, day 19, hour 8, value -34.091564 
 ** WARNING ** EPW N8_relative_humidity > 110 % [corrected]: month 11, day 20, hour 4, value 112.73854 
 ** WARNING ** EPW N8_relative_humidity > 110 % [corrected]: month 11, day 20, hour 5, value 112.39391 
 ** WARNING ** EPW N8_relative_humidity > 110 % [corrected]: month 11, day 20, hour 6, value 112.97699 
 ** WARNING ** EPW N8_relative_humidity > 110 % [corrected]: month 11, day 20, hour 7, value 111.317566 
 ** WARNING ** EPW N8_relative_humidity > 110 % [corrected]: month 11, day 20, hour 8, value 111.83141 
 ** WARNING ** EPW N17_direct_normal_illuminance < 0 lux [corrected]: month 11, day 20, hour 8, value -34.759598 
 ** WARNING ** EPW N17_direct_normal_illuminance < 0 lux [corrected]: month 11, day 20, hour 16, value -169.26025 
 ** WARNING ** EPW N17_direct_normal_illuminance < 0 lux [corrected]: month 11, day 21, hour 8, value -2.8947878 
 ** WARNING ** EPW N17_direct_normal_illuminance < 0 lux [corrected]: month 11, day 21, hour 9, value -33.607113 
 ** WARNING ** EPW N17_direct_normal_illuminance < 0 lux [corrected]: month 11, day 21, hour 16, value -156.32655 
 ** WARNING ** EPW N17_direct_normal_illuminance < 0 lux [corrected]: month 11, day 22, hour 8, value -1.0137365 
 ** WARNING ** EPW N17_direct_normal_illuminance < 0 lux [corrected]: month 11, day 22, hour 9, value -56.712536 
 ** WARNING ** EPW N17_direct_normal_illuminance < 0 lux [corrected]: month 11, day 22, hour 16, value -143.23944 
 ** WARNING ** EPW N17_direct_normal_illuminance < 0 lux [corrected]: month 11, day 23, hour 8, value -0.97674376 
 ** WARNING ** EPW N17_direct_normal_illuminance < 0 lux [corrected]: month 11, day 23, hour 9, value -52.164883 
 ** WARNING ** EPW N17_direct_normal_illuminance < 0 lux [corrected]: month 11, day 23, hour 15, value -0.66916436 
 ** WARNING ** EPW N17_direct_normal_illuminance < 0 lux [corrected]: month 11, day 23, hour 16, value -153.46086 
 ** WARNING ** EPW N17_direct_normal_illuminance < 0 lux [corrected]: month 11, day 24, hour 8, value -0.21458036 
 ** WARNING ** EPW N17_direct_normal_illuminance < 0 lux [corrected]: month 11, day 24, hour 9, value -69.84329 
 ** WARNING ** EPW N17_direct_normal_illuminance < 0 lux [corrected]: month 11, day 24, hour 16, value -14.287304 
 ** WARNING ** EPW N17_direct_normal_illuminance < 0 lux [corrected]: month 11, day 25, hour 8, value -0.12960722 
 ** WARNING ** EPW N17_direct_normal_illuminance < 0 lux [corrected]: month 11, day 25, hour 9, value -77.16853 
 ** WARNING ** EPW N17_direct_normal_illuminance < 0 lux [corrected]: month 11, day 25, hour 16, value -145.96637 
 ** WARNING ** EPW N17_direct_normal_illuminance < 0 lux [corrected]: month 11, day 26, hour 8, value -0.01867167 
 ** WARNING ** EPW N17_direct_normal_illuminance < 0 lux [corrected]: month 11, day 26, hour 9, value -10.672746 
 ** WARNING ** EPW N17_direct_normal_illuminance < 0 lux [corrected]: month 11, day 27, hour 8, value -0.007912538 
 ** WARNING ** EPW N17_direct_normal_illuminance < 0 lux [corrected]: month 11, day 27, hour 9, value -85.825134 
 ** WARNING ** EPW N17_direct_normal_illuminance < 0 lux [corrected]: month 11, day 28, hour 8, value -0.0050635207 
 ** WARNING ** EPW N17_direct_normal_illuminance < 0 lux [corrected]: month 11, day 28, hour 9, value -88.45815 
 ** WARNING ** EPW N17_direct_normal_illuminance < 0 lux [corrected]: month 11, day 28, hour 16, value -105.7291 
 ** WARNING ** EPW N17_direct_normal_illuminance < 0 lux [corrected]: month 11, day 29, hour 9, value -95.231735 
 ** WARNING ** EPW N17_direct_normal_illuminance < 0 lux [corrected]: month 11, day 29, hour 16, value -110.01352 
 ** WARNING ** EPW N17_direct_normal_illuminance < 0 lux [corrected]: month 11, day 30, hour 9, value -11.693709 
 ** WARNING ** EPW N17_direct_normal_illuminance < 0 lux [corrected]: month 11, day 30, hour 16, value -115.994705 
 ** WARNING ** EPW N17_direct_normal_illuminance < 0 lux [corrected]: month 12, day 1, hour 8, value -0.0031995715 
 ** WARNING ** EPW N17_direct_normal_illuminance < 0 lux [corrected]: month 12, day 2, hour 8, value -0.0017836133 
 ** WARNING ** EPW N17_direct_normal_illuminance < 0 lux [corrected]: month 12, day 3, hour 8, value -6.697896E-4 
 ** WARNING ** EPW N17_direct_normal_illuminance < 0 lux [corrected]: month 12, day 5, hour 16, value -63.223408 
 ** WARNING ** EPW N17_direct_normal_illuminance < 0 lux [corrected]: month 12, day 6, hour 9, value -56.162983 
 ** WARNING ** EPW N17_direct_normal_illuminance < 0 lux [corrected]: month 12, day 8, hour 9, value -11.534943 
 ** WARNING ** EPW N17_direct_normal_illuminance < 0 lux [corrected]: month 12, day 8, hour 15, value -8.430305 
 ** WARNING ** EPW N17_direct_normal_illuminance < 0 lux [corrected]: month 12, day 8, hour 16, value -3.7739506 
 ** WARNING ** EPW N17_direct_normal_illuminance < 0 lux [corrected]: month 12, day 9, hour 15, value -8.145256 
 ** WARNING ** EPW N17_direct_normal_illuminance < 0 lux [corrected]: month 12, day 9, hour 16, value -3.8383906 
 ** WARNING ** EPW N17_direct_normal_illuminance < 0 lux [corrected]: month 12, day 10, hour 9, value -61.996166 
 ** WARNING ** EPW N17_direct_normal_illuminance < 0 lux [corrected]: month 12, day 10, hour 16, value -48.928646 
 ** WARNING ** EPW N17_direct_normal_illuminance < 0 lux [corrected]: month 12, day 11, hour 9, value -66.87816 
 ** WARNING ** EPW N17_direct_normal_illuminance < 0 lux [corrected]: month 12, day 11, hour 16, value -50.921375 
 ** WARNING ** EPW N17_direct_normal_illuminance < 0 lux [corrected]: month 12, day 12, hour 9, value -11.037456 
 ** WARNING ** EPW N17_direct_normal_illuminance < 0 lux [corrected]: month 12, day 12, hour 15, value -7.5844097 
 ** WARNING ** EPW N17_direct_normal_illuminance < 0 lux [corrected]: month 12, day 12, hour 16, value -53.57519 
 ** WARNING ** EPW N17_direct_normal_illuminance < 0 lux [corrected]: month 12, day 13, hour 16, value -55.47617 
 ** WARNING ** EPW N17_direct_normal_illuminance < 0 lux [corrected]: month 12, day 14, hour 9, value -77.721756 
 ** WARNING ** EPW N17_direct_normal_illuminance < 0 lux [corrected]: month 12, day 14, hour 15, value -7.567884 
 ** WARNING ** EPW N17_direct_normal_illuminance < 0 lux [corrected]: month 12, day 14, hour 16, value -3.9971986 
 ** WARNING ** EPW N17_direct_normal_illuminance < 0 lux [corrected]: month 12, day 15, hour 9, value -9.696952 
 ** WARNING ** EPW N17_direct_normal_illuminance < 0 lux [corrected]: month 12, day 15, hour 10, value -1.4645604 
 ** WARNING ** EPW N17_direct_normal_illuminance < 0 lux [corrected]: month 12, day 16, hour 9, value -181.04141 
 ** WARNING ** EPW N17_direct_normal_illuminance < 0 lux [corrected]: month 12, day 16, hour 16, value -54.910496 
 ** WARNING ** EPW N17_direct_normal_illuminance < 0 lux [corrected]: month 12, day 17, hour 9, value -10.748419 
 ** WARNING ** EPW N17_direct_normal_illuminance < 0 lux [corrected]: month 12, day 17, hour 10, value -1.8514411 
 ** WARNING ** EPW N17_direct_normal_illuminance < 0 lux [corrected]: month 12, day 18, hour 9, value -10.395324 
 ** WARNING ** EPW N17_direct_normal_illuminance < 0 lux [corrected]: month 12, day 18, hour 16, value -3.8899522 
 ** WARNING ** EPW N17_direct_normal_illuminance < 0 lux [corrected]: month 12, day 19, hour 9, value -65.31643 
 ** WARNING ** EPW N17_direct_normal_illuminance < 0 lux [corrected]: month 12, day 19, hour 15, value -8.397053 
 ** WARNING ** EPW N17_direct_normal_illuminance < 0 lux [corrected]: month 12, day 19, hour 16, value -49.872566 
 ** WARNING ** EPW N17_direct_normal_illuminance < 0 lux [corrected]: month 12, day 20, hour 9, value -10.764831 
 ** WARNING ** EPW N17_direct_normal_illuminance < 0 lux [corrected]: month 12, day 20, hour 10, value -2.7970376 
 ** WARNING ** EPW N17_direct_normal_illuminance < 0 lux [corrected]: month 12, day 20, hour 16, value -53.352566 
 ** WARNING ** EPW N17_direct_normal_illuminance < 0 lux [corrected]: month 12, day 21, hour 9, value -66.69996 
 ** WARNING ** EPW N17_direct_normal_illuminance < 0 lux [corrected]: month 12, day 21, hour 16, value -75.577415 
 ** WARNING ** EPW N17_direct_normal_illuminance < 0 lux [corrected]: month 12, day 22, hour 9, value -10.756071 
 ** WARNING ** EPW N17_direct_normal_illuminance < 0 lux [corrected]: month 12, day 22, hour 10, value -3.2535858 
 ** WARNING ** EPW N17_direct_normal_illuminance < 0 lux [corrected]: month 12, day 22, hour 15, value -9.225449 
 ** WARNING ** EPW N17_direct_normal_illuminance < 0 lux [corrected]: month 12, day 23, hour 9, value -53.631428 
 ** WARNING ** EPW N17_direct_normal_illuminance < 0 lux [corrected]: month 12, day 23, hour 16, value -4.398526 
 ** WARNING ** EPW N17_direct_normal_illuminance < 0 lux [corrected]: month 12, day 24, hour 9, value -10.59517 
 ** WARNING ** EPW N17_direct_normal_illuminance < 0 lux [corrected]: month 12, day 24, hour 10, value -3.625969 
 ** WARNING ** EPW N17_direct_normal_illuminance < 0 lux [corrected]: month 12, day 24, hour 15, value -8.488784 
 ** WARNING ** EPW N17_direct_normal_illuminance < 0 lux [corrected]: month 12, day 24, hour 16, value -8.48294 
 ** WARNING ** EPW N17_direct_normal_illuminance < 0 lux [corrected]: month 12, day 25, hour 9, value -10.835666 
 ** WARNING ** EPW N17_direct_normal_illuminance < 0 lux [corrected]: month 12, day 25, hour 16, value -69.76868 
 ** WARNING ** EPW N17_direct_normal_illuminance < 0 lux [corrected]: month 12, day 27, hour 9, value -6.475836 
 ** WARNING ** EPW N17_direct_normal_illuminance < 0 lux [corrected]: month 12, day 27, hour 10, value -4.0257297 
 ** WARNING ** EPW N17_direct_normal_illuminance < 0 lux [corrected]: month 12, day 27, hour 16, value -100.93688 
 ** WARNING ** EPW N17_direct_normal_illuminance < 0 lux [corrected]: month 12, day 28, hour 9, value -6.548202 
 ** WARNING ** EPW N17_direct_normal_illuminance < 0 lux [corrected]: month 12, day 28, hour 10, value -3.9580595 
 ** WARNING ** EPW N17_direct_normal_illuminance < 0 lux [corrected]: month 12, day 29, hour 9, value -6.388293 
 ** WARNING ** EPW N17_direct_normal_illuminance < 0 lux [corrected]: month 12, day 29, hour 10, value -3.1864877 
 ** WARNING ** EPW N17_direct_normal_illuminance < 0 lux [corrected]: month 12, day 29, hour 15, value -6.10869 
 ** WARNING ** EPW N17_direct_normal_illuminance < 0 lux [corrected]: month 12, day 29, hour 16, value -84.97524 
 ** WARNING ** EPW N17_direct_normal_illuminance < 0 lux [corrected]: month 12, day 31, hour 9, value -52.86391 
 ** WARNING ** EPW N17_direct_normal_illuminance < 0 lux [corrected]: month 12, day 31, hour 10, value -2.4186876 
 ** WARNING ** EPW N17_direct_normal_illuminance < 0 lux [corrected]: month 12, day 31, hour 16, value -106.23164 
