2025-12-30 10:47:40.510 [INFO   ] futureweathergenerator.logging.FWGLogger.initializeLogging - FWG Logging system initialized with file logging
2025-12-30 10:47:40.533 [INFO   ] futureweathergenerator.Main.main - Command-line arguments provided. Running in CLI mode.
2025-12-30 10:47:40.535 [INFO   ] futureweathergenerator.Main.runCLI - Starting CLI mode with 5 arguments.
2025-12-30 10:47:55.259 [INFO   ] futureweathergenerator.logging.FWGLogger.initializeLogging - FWG Logging system initialized with file logging
2025-12-30 10:47:55.281 [INFO   ] futureweathergenerator.Main.main - Command-line arguments provided. Running in CLI mode.
2025-12-30 10:47:55.282 [INFO   ] futureweathergenerator.Main.runCLI - Starting CLI mode with 13 arguments.
2025-12-30 10:48:21.479 [INFO   ] futureweathergenerator.logging.FWGLogger.initializeLogging - FWG Logging system initialized with file logging
2025-12-30 10:48:21.497 [INFO   ] futureweathergenerator.Main.main - Command-line arguments provided. Running in CLI mode.
2025-12-30 10:48:21.498 [INFO   ] futureweathergenerator.Main.runCLI - Starting CLI mode with 5 arguments.
2025-12-30 10:48:36.169 [INFO   ] futureweathergenerator.logging.FWGLogger.initializeLogging - FWG Logging system initialized with file logging
2025-12-30 10:48:36.187 [INFO   ] futureweathergenerator.Main.main - Command-line arguments provided. Running in CLI mode.
2025-12-30 10:48:36.189 [INFO   ] futureweathergenerator.Main.runCLI - Starting CLI mode with 13 arguments.
2025-12-30 10:49:01.781 [INFO   ] futureweathergenerator_europe.logging.FWGLogger.initializeLogging - FWG Logging system initialized with file logging
2025-12-30 10:49:01.799 [INFO   ] futureweathergenerator_europe.Main.main - Command-line arguments provided. Running in CLI mode.
2025-12-30 10:49:01.800 [INFO   ] futureweathergenerator_europe.Main.runCLI - Starting CLI mode with 5 arguments.
2025-12-30 10:49:16.656 [INFO   ] futureweathergenerator_europe.logging.FWGLogger.initializeLogging - FWG Logging system initialized with file logging
2025-12-30 10:49:16.675 [INFO   ] futureweathergenerator_europe.Main.main - Command-line arguments provided. Running in CLI mode.
2025-12-30 10:49:16.675 [INFO   ] futureweathergenerator_europe.Main.runCLI - Starting CLI mode with 13 arguments.
2025-12-30 10:49:46.108 [INFO   ] futureweathergenerator.logging.FWGLogger.initializeLogging - FWG Logging system initialized with file logging
2025-12-30 10:49:46.145 [INFO   ] futureweathergenerator.Main.main - Command-line arguments provided. Running in CLI mode.
2025-12-30 10:49:46.147 [INFO   ] futureweathergenerator.Main.runCLI - Starting CLI mode with 5 arguments.
2025-12-30 10:49:53.174 [INFO   ] futureweathergenerator_europe.logging.FWGLogger.initializeLogging - FWG Logging system initialized with file logging
2025-12-30 10:49:53.194 [INFO   ] futureweathergenerator_europe.Main.main - Command-line arguments provided. Running in CLI mode.
2025-12-30 10:49:53.195 [INFO   ] futureweathergenerator_europe.Main.runCLI - Starting CLI mode with 5 arguments.
2025-12-30 10:50:03.898 [INFO   ] futureweathergenerator.logging.FWGLogger.initializeLogging - FWG Logging system initialized with file logging
2025-12-30 10:50:03.926 [INFO   ] futureweathergenerator.Main.main - Command-line arguments provided. Running in CLI mode.
2025-12-30 10:50:03.928 [INFO   ] futureweathergenerator.Main.runCLI - Starting CLI mode with 5 arguments.
2025-12-30 10:50:09.034 [INFO   ] futureweathergenerator_europe.logging.FWGLogger.initializeLogging - FWG Logging system initialized with file logging
2025-12-30 10:50:09.053 [INFO   ] futureweathergenerator_europe.Main.main - Command-line arguments provided. Running in CLI mode.
2025-12-30 10:50:09.054 [INFO   ] futureweathergenerator_europe.Main.runCLI - Starting CLI mode with 13 arguments.
2025-12-30 10:50:21.577 [INFO   ] futureweathergenerator.logging.FWGLogger.initializeLogging - FWG Logging system initialized with file logging
2025-12-30 10:50:21.597 [INFO   ] futureweathergenerator.Main.main - Command-line arguments provided. Running in CLI mode.
2025-12-30 10:50:21.599 [INFO   ] futureweathergenerator.Main.runCLI - Starting CLI mode with 13 arguments.
2025-12-30 10:50:43.135 [INFO   ] futureweathergenerator_europe.logging.FWGLogger.initializeLogging - FWG Logging system initialized with file logging
2025-12-30 10:50:43.155 [INFO   ] futureweathergenerator_europe.Main.main - Command-line arguments provided. Running in CLI mode.
2025-12-30 10:50:43.156 [INFO   ] futureweathergenerator_europe.Main.runCLI - Starting CLI mode with 5 arguments.
