#############################################################
#################### ERRORS AND WARNINGS ####################
#############################################################

 ** WARNING ** EPW Solar hour adjustment for the month of Jan: 55 [min] and N13 (GHR) shift: 0 [h].
 ** WARNING ** EPW Solar hour adjustment for the month of Feb: 63 [min] and N13 (GHR) shift: 0 [h].
 ** WARNING ** EPW Solar hour adjustment for the month of Mar: 57 [min] and N13 (GHR) shift: 0 [h].
 ** WARNING ** EPW Solar hour adjustment for the month of Apr: 57 [min] and N13 (GHR) shift: 0 [h].
 ** WARNING ** EPW Solar hour adjustment for the month of May: 56 [min] and N13 (GHR) shift: 0 [h].
 ** WARNING ** EPW Solar hour adjustment for the month of Jun: 55 [min] and N13 (GHR) shift: 0 [h].
 ** WARNING ** EPW Solar hour adjustment for the month of Jul: 57 [min] and N13 (GHR) shift: 0 [h].
 ** WARNING ** EPW Solar hour adjustment for the month of Aug: 58 [min] and N13 (GHR) shift: 0 [h].
 ** WARNING ** EPW Solar hour adjustment for the month of Sep: 57 [min] and N13 (GHR) shift: 0 [h].
 ** WARNING ** EPW Solar hour adjustment for the month of Oct: 59 [min] and N13 (GHR) shift: 0 [h].
 ** WARNING ** EPW Solar hour adjustment for the month of Nov: 58 [min] and N13 (GHR) shift: 0 [h].
 ** WARNING ** EPW Solar hour adjustment for the month of Dec: 54 [min] and N13 (GHR) shift: 0 [h].

 ** WARNING ** EPW N17_direct_normal_illuminance < 0 lux [corrected]: month 1, day 1, hour 16, value -13.434406 
 ** WARNING ** EPW N17_direct_normal_illuminance < 0 lux [corrected]: month 1, day 2, hour 9, value -58.93403 
 ** WARNING ** EPW N17_direct_normal_illuminance < 0 lux [corrected]: month 1, day 2, hour 10, value -3.6174147 
 ** WARNING ** EPW N17_direct_normal_illuminance < 0 lux [corrected]: month 1, day 2, hour 16, value -145.34966 
 ** WARNING ** EPW N17_direct_normal_illuminance < 0 lux [corrected]: month 1, day 3, hour 9, value -69.37546 
 ** WARNING ** EPW N17_direct_normal_illuminance < 0 lux [corrected]: month 1, day 3, hour 16, value -164.20631 
 ** WARNING ** EPW N17_direct_normal_illuminance < 0 lux [corrected]: month 1, day 5, hour 9, value -10.788432 
 ** WARNING ** EPW N17_direct_normal_illuminance < 0 lux [corrected]: month 1, day 6, hour 15, value -0.8239872 
 ** WARNING ** EPW N17_direct_normal_illuminance < 0 lux [corrected]: month 1, day 6, hour 16, value -199.219 
 ** WARNING ** EPW N17_direct_normal_illuminance < 0 lux [corrected]: month 1, day 7, hour 16, value -210.20738 
 ** WARNING ** EPW N17_direct_normal_illuminance < 0 lux [corrected]: month 1, day 8, hour 9, value -77.7811 
 ** WARNING ** EPW N17_direct_normal_illuminance < 0 lux [corrected]: month 1, day 8, hour 10, value -1.4032127 
 ** WARNING ** EPW N17_direct_normal_illuminance < 0 lux [corrected]: month 1, day 8, hour 15, value -0.7090555 
 ** WARNING ** EPW N17_direct_normal_illuminance < 0 lux [corrected]: month 1, day 8, hour 16, value -24.640959 
 ** WARNING ** EPW N17_direct_normal_illuminance < 0 lux [corrected]: month 1, day 9, hour 9, value -79.47031 
 ** WARNING ** EPW N17_direct_normal_illuminance < 0 lux [corrected]: month 1, day 9, hour 16, value -209.70036 
 ** WARNING ** EPW N17_direct_normal_illuminance < 0 lux [corrected]: month 1, day 10, hour 9, value -72.563576 
 ** WARNING ** EPW N17_direct_normal_illuminance < 0 lux [corrected]: month 1, day 10, hour 16, value -189.6799 
 ** WARNING ** EPW N17_direct_normal_illuminance < 0 lux [corrected]: month 1, day 11, hour 9, value -73.997765 
 ** WARNING ** EPW N17_direct_normal_illuminance < 0 lux [corrected]: month 1, day 12, hour 9, value -86.29911 
 ** WARNING ** EPW N17_direct_normal_illuminance < 0 lux [corrected]: month 1, day 17, hour 9, value -80.454094 
 ** WARNING ** EPW N17_direct_normal_illuminance < 0 lux [corrected]: month 1, day 17, hour 16, value -14.614842 
 ** WARNING ** EPW N17_direct_normal_illuminance < 0 lux [corrected]: month 1, day 18, hour 9, value -13.060825 
 ** WARNING ** EPW N17_direct_normal_illuminance < 0 lux [corrected]: month 1, day 18, hour 16, value -129.54723 
 ** WARNING ** EPW N17_direct_normal_illuminance < 0 lux [corrected]: month 1, day 18, hour 17, value -0.0045901076 
 ** WARNING ** EPW N17_direct_normal_illuminance < 0 lux [corrected]: month 1, day 19, hour 17, value -0.69748455 
 ** WARNING ** EPW N17_direct_normal_illuminance < 0 lux [corrected]: month 1, day 20, hour 9, value -11.01405 
 ** WARNING ** EPW N17_direct_normal_illuminance < 0 lux [corrected]: month 1, day 20, hour 16, value -107.19093 
 ** WARNING ** EPW N17_direct_normal_illuminance < 0 lux [corrected]: month 1, day 20, hour 17, value -0.030536132 
 ** WARNING ** EPW N17_direct_normal_illuminance < 0 lux [corrected]: month 1, day 21, hour 17, value -0.74003553 
 ** WARNING ** EPW N17_direct_normal_illuminance < 0 lux [corrected]: month 1, day 22, hour 9, value -165.50533 
 ** WARNING ** EPW N17_direct_normal_illuminance < 0 lux [corrected]: month 1, day 22, hour 16, value -12.332015 
 ** WARNING ** EPW N17_direct_normal_illuminance < 0 lux [corrected]: month 1, day 22, hour 17, value -0.29534358 
 ** WARNING ** EPW N17_direct_normal_illuminance < 0 lux [corrected]: month 1, day 23, hour 9, value -63.096222 
 ** WARNING ** EPW N17_direct_normal_illuminance < 0 lux [corrected]: month 1, day 23, hour 16, value -55.008987 
 ** WARNING ** EPW N17_direct_normal_illuminance < 0 lux [corrected]: month 1, day 23, hour 17, value -1.3162984 
 ** WARNING ** EPW N17_direct_normal_illuminance < 0 lux [corrected]: month 1, day 24, hour 9, value -59.79503 
 ** WARNING ** EPW N17_direct_normal_illuminance < 0 lux [corrected]: month 1, day 24, hour 16, value -37.256905 
 ** WARNING ** EPW N17_direct_normal_illuminance < 0 lux [corrected]: month 1, day 24, hour 17, value -0.14600143 
 ** WARNING ** EPW N17_direct_normal_illuminance < 0 lux [corrected]: month 1, day 25, hour 9, value -8.058232 
 ** WARNING ** EPW N17_direct_normal_illuminance < 0 lux [corrected]: month 1, day 25, hour 16, value -8.757853 
 ** WARNING ** EPW N17_direct_normal_illuminance < 0 lux [corrected]: month 1, day 25, hour 17, value -0.22217333 
 ** WARNING ** EPW N17_direct_normal_illuminance < 0 lux [corrected]: month 1, day 26, hour 9, value -8.78787 
 ** WARNING ** EPW N17_direct_normal_illuminance < 0 lux [corrected]: month 1, day 26, hour 16, value -7.824009 
 ** WARNING ** EPW N17_direct_normal_illuminance < 0 lux [corrected]: month 1, day 26, hour 17, value -0.32376713 
 ** WARNING ** EPW N17_direct_normal_illuminance < 0 lux [corrected]: month 1, day 27, hour 9, value -7.9921684 
 ** WARNING ** EPW N17_direct_normal_illuminance < 0 lux [corrected]: month 1, day 27, hour 17, value -8.192031 
 ** WARNING ** EPW N17_direct_normal_illuminance < 0 lux [corrected]: month 1, day 28, hour 9, value -8.217362 
 ** WARNING ** EPW N17_direct_normal_illuminance < 0 lux [corrected]: month 1, day 28, hour 16, value -5.838526 
 ** WARNING ** EPW N17_direct_normal_illuminance < 0 lux [corrected]: month 1, day 28, hour 17, value -1.2590246 
 ** WARNING ** EPW N17_direct_normal_illuminance < 0 lux [corrected]: month 1, day 29, hour 9, value -7.091867 
 ** WARNING ** EPW N17_direct_normal_illuminance < 0 lux [corrected]: month 1, day 29, hour 16, value -4.755176 
 ** WARNING ** EPW N17_direct_normal_illuminance < 0 lux [corrected]: month 1, day 29, hour 17, value -1.1879194 
 ** WARNING ** EPW N17_direct_normal_illuminance < 0 lux [corrected]: month 1, day 30, hour 9, value -7.0327997 
 ** WARNING ** EPW N17_direct_normal_illuminance < 0 lux [corrected]: month 1, day 30, hour 16, value -3.7088323 
 ** WARNING ** EPW N17_direct_normal_illuminance < 0 lux [corrected]: month 1, day 30, hour 17, value -1.3439118 
 ** WARNING ** EPW N17_direct_normal_illuminance < 0 lux [corrected]: month 1, day 31, hour 9, value -5.9929895 
 ** WARNING ** EPW N17_direct_normal_illuminance < 0 lux [corrected]: month 1, day 31, hour 17, value -22.711695 
 ** WARNING ** EPW N17_direct_normal_illuminance < 0 lux [corrected]: month 2, day 1, hour 9, value -9.128341 
 ** WARNING ** EPW N17_direct_normal_illuminance < 0 lux [corrected]: month 2, day 1, hour 16, value -1.1459419 
 ** WARNING ** EPW N17_direct_normal_illuminance < 0 lux [corrected]: month 2, day 1, hour 17, value -17.157845 
 ** WARNING ** EPW N17_direct_normal_illuminance < 0 lux [corrected]: month 2, day 2, hour 8, value -0.005231159 
 ** WARNING ** EPW N17_direct_normal_illuminance < 0 lux [corrected]: month 2, day 2, hour 9, value -52.894936 
 ** WARNING ** EPW N17_direct_normal_illuminance < 0 lux [corrected]: month 2, day 2, hour 17, value -130.06705 
 ** WARNING ** EPW N17_direct_normal_illuminance < 0 lux [corrected]: month 2, day 3, hour 8, value -0.0010095342 
 ** WARNING ** EPW N17_direct_normal_illuminance < 0 lux [corrected]: month 2, day 3, hour 9, value -7.8629746 
 ** WARNING ** EPW N17_direct_normal_illuminance < 0 lux [corrected]: month 2, day 3, hour 17, value -26.241194 
 ** WARNING ** EPW N17_direct_normal_illuminance < 0 lux [corrected]: month 2, day 4, hour 8, value -0.020993734 
 ** WARNING ** EPW N17_direct_normal_illuminance < 0 lux [corrected]: month 2, day 4, hour 9, value -45.960278 
 ** WARNING ** EPW N17_direct_normal_illuminance < 0 lux [corrected]: month 2, day 4, hour 17, value -22.50699 
 ** WARNING ** EPW N17_direct_normal_illuminance < 0 lux [corrected]: month 2, day 5, hour 8, value -0.63034785 
 ** WARNING ** EPW N17_direct_normal_illuminance < 0 lux [corrected]: month 2, day 5, hour 17, value -120.39226 
 ** WARNING ** EPW N17_direct_normal_illuminance < 0 lux [corrected]: month 2, day 6, hour 8, value -0.5787656 
 ** WARNING ** EPW N17_direct_normal_illuminance < 0 lux [corrected]: month 2, day 6, hour 17, value -32.36308 
 ** WARNING ** EPW N17_direct_normal_illuminance < 0 lux [corrected]: month 2, day 7, hour 8, value -2.0531106 
 ** WARNING ** EPW N17_direct_normal_illuminance < 0 lux [corrected]: month 2, day 8, hour 8, value -5.256144 
 ** WARNING ** EPW N17_direct_normal_illuminance < 0 lux [corrected]: month 2, day 8, hour 17, value -42.136913 
 ** WARNING ** EPW N17_direct_normal_illuminance < 0 lux [corrected]: month 2, day 9, hour 8, value -8.389692 
 ** WARNING ** EPW N17_direct_normal_illuminance < 0 lux [corrected]: month 2, day 9, hour 17, value -38.41447 
 ** WARNING ** EPW N17_direct_normal_illuminance < 0 lux [corrected]: month 2, day 10, hour 8, value -15.544437 
 ** WARNING ** EPW N17_direct_normal_illuminance < 0 lux [corrected]: month 2, day 10, hour 17, value -141.89337 
 ** WARNING ** EPW N17_direct_normal_illuminance < 0 lux [corrected]: month 2, day 11, hour 8, value -0.36708206 
 ** WARNING ** EPW N17_direct_normal_illuminance < 0 lux [corrected]: month 2, day 11, hour 9, value -4.0190043 
 ** WARNING ** EPW N17_direct_normal_illuminance < 0 lux [corrected]: month 2, day 11, hour 17, value -16.666351 
 ** WARNING ** EPW N17_direct_normal_illuminance < 0 lux [corrected]: month 2, day 12, hour 8, value -37.321526 
 ** WARNING ** EPW N17_direct_normal_illuminance < 0 lux [corrected]: month 2, day 13, hour 8, value -0.5825736 
 ** WARNING ** EPW N17_direct_normal_illuminance < 0 lux [corrected]: month 2, day 13, hour 17, value -117.65561 
 ** WARNING ** EPW N17_direct_normal_illuminance < 0 lux [corrected]: month 2, day 14, hour 8, value -0.69532984 
 ** WARNING ** EPW N17_direct_normal_illuminance < 0 lux [corrected]: month 2, day 14, hour 17, value -58.55359 
 ** WARNING ** EPW N17_direct_normal_illuminance < 0 lux [corrected]: month 2, day 15, hour 8, value -8.502806 
 ** WARNING ** EPW N17_direct_normal_illuminance < 0 lux [corrected]: month 2, day 15, hour 17, value -5.35342 
 ** WARNING ** EPW N17_direct_normal_illuminance < 0 lux [corrected]: month 2, day 16, hour 8, value -12.698246 
 ** WARNING ** EPW N17_direct_normal_illuminance < 0 lux [corrected]: month 2, day 16, hour 17, value -4.8013406 
 ** WARNING ** EPW N17_direct_normal_illuminance < 0 lux [corrected]: month 2, day 17, hour 8, value -1.762516 
 ** WARNING ** EPW N17_direct_normal_illuminance < 0 lux [corrected]: month 2, day 17, hour 17, value -23.81587 
 ** WARNING ** EPW N17_direct_normal_illuminance < 0 lux [corrected]: month 2, day 17, hour 18, value -9.413827E-4 
 ** WARNING ** EPW N17_direct_normal_illuminance < 0 lux [corrected]: month 2, day 18, hour 8, value -3.0696583 
 ** WARNING ** EPW N17_direct_normal_illuminance < 0 lux [corrected]: month 2, day 18, hour 17, value -20.181574 
 ** WARNING ** EPW N17_direct_normal_illuminance < 0 lux [corrected]: month 2, day 18, hour 18, value -0.0027136856 
 ** WARNING ** EPW N17_direct_normal_illuminance < 0 lux [corrected]: month 2, day 19, hour 8, value -107.21012 
 ** WARNING ** EPW N17_direct_normal_illuminance < 0 lux [corrected]: month 2, day 19, hour 18, value -0.03385077 
 ** WARNING ** EPW N17_direct_normal_illuminance < 0 lux [corrected]: month 2, day 20, hour 8, value -3.3423154 
 ** WARNING ** EPW N17_direct_normal_illuminance < 0 lux [corrected]: month 2, day 20, hour 18, value -0.19307531 
 ** WARNING ** EPW N17_direct_normal_illuminance < 0 lux [corrected]: month 2, day 21, hour 8, value -30.666618 
 ** WARNING ** EPW N17_direct_normal_illuminance < 0 lux [corrected]: month 2, day 21, hour 18, value -0.7125082 
 ** WARNING ** EPW N17_direct_normal_illuminance < 0 lux [corrected]: month 2, day 22, hour 8, value -5.138351 
 ** WARNING ** EPW N17_direct_normal_illuminance < 0 lux [corrected]: month 2, day 22, hour 17, value -2.9545453 
 ** WARNING ** EPW N17_direct_normal_illuminance < 0 lux [corrected]: month 2, day 22, hour 18, value -0.048296366 
 ** WARNING ** EPW N17_direct_normal_illuminance < 0 lux [corrected]: month 2, day 23, hour 8, value -5.3058805 
 ** WARNING ** EPW N17_direct_normal_illuminance < 0 lux [corrected]: month 2, day 23, hour 17, value -2.611068 
 ** WARNING ** EPW N17_direct_normal_illuminance < 0 lux [corrected]: month 2, day 23, hour 18, value -0.057519156 
 ** WARNING ** EPW N17_direct_normal_illuminance < 0 lux [corrected]: month 2, day 24, hour 8, value -7.269733 
 ** WARNING ** EPW N17_direct_normal_illuminance < 0 lux [corrected]: month 2, day 24, hour 17, value -2.1425178 
 ** WARNING ** EPW N17_direct_normal_illuminance < 0 lux [corrected]: month 2, day 24, hour 18, value -0.08447254 
 ** WARNING ** EPW N17_direct_normal_illuminance < 0 lux [corrected]: month 2, day 25, hour 8, value -7.0845037 
 ** WARNING ** EPW N17_direct_normal_illuminance < 0 lux [corrected]: month 2, day 25, hour 17, value -1.9595644 
 ** WARNING ** EPW N17_direct_normal_illuminance < 0 lux [corrected]: month 2, day 25, hour 18, value -0.11984762 
 ** WARNING ** EPW N17_direct_normal_illuminance < 0 lux [corrected]: month 2, day 26, hour 8, value -48.01375 
 ** WARNING ** EPW N17_direct_normal_illuminance < 0 lux [corrected]: month 2, day 26, hour 17, value -1.894467 
 ** WARNING ** EPW N17_direct_normal_illuminance < 0 lux [corrected]: month 2, day 26, hour 18, value -1.6865855 
 ** WARNING ** EPW N17_direct_normal_illuminance < 0 lux [corrected]: month 2, day 27, hour 8, value -47.635807 
 ** WARNING ** EPW N17_direct_normal_illuminance < 0 lux [corrected]: month 2, day 27, hour 18, value -1.9855556 
 ** WARNING ** EPW N17_direct_normal_illuminance < 0 lux [corrected]: month 2, day 28, hour 8, value -7.3581543 
 ** WARNING ** EPW N17_direct_normal_illuminance < 0 lux [corrected]: month 2, day 28, hour 18, value -3.071253 
 ** WARNING ** EPW N17_direct_normal_illuminance < 0 lux [corrected]: month 3, day 1, hour 18, value -19.382336 
 ** WARNING ** EPW N17_direct_normal_illuminance < 0 lux [corrected]: month 3, day 2, hour 18, value -8.130365 
 ** WARNING ** EPW N17_direct_normal_illuminance < 0 lux [corrected]: month 3, day 3, hour 8, value -6.2380433 
 ** WARNING ** EPW N17_direct_normal_illuminance < 0 lux [corrected]: month 3, day 3, hour 18, value -82.96772 
 ** WARNING ** EPW N17_direct_normal_illuminance < 0 lux [corrected]: month 3, day 4, hour 7, value -0.0031938998 
 ** WARNING ** EPW N17_direct_normal_illuminance < 0 lux [corrected]: month 3, day 4, hour 8, value -16.81365 
 ** WARNING ** EPW N17_direct_normal_illuminance < 0 lux [corrected]: month 3, day 4, hour 18, value -145.86998 
 ** WARNING ** EPW N17_direct_normal_illuminance < 0 lux [corrected]: month 3, day 5, hour 7, value -0.039292328 
 ** WARNING ** EPW N17_direct_normal_illuminance < 0 lux [corrected]: month 3, day 5, hour 18, value -2.3021166 
 ** WARNING ** EPW N17_direct_normal_illuminance < 0 lux [corrected]: month 3, day 6, hour 7, value -0.07226872 
 ** WARNING ** EPW N17_direct_normal_illuminance < 0 lux [corrected]: month 3, day 6, hour 18, value -2.678869 
 ** WARNING ** EPW N17_direct_normal_illuminance < 0 lux [corrected]: month 3, day 7, hour 7, value -1.0482879 
 ** WARNING ** EPW N17_direct_normal_illuminance < 0 lux [corrected]: month 3, day 7, hour 18, value -22.410677 
 ** WARNING ** EPW N17_direct_normal_illuminance < 0 lux [corrected]: month 3, day 8, hour 7, value -0.06835687 
 ** WARNING ** EPW N17_direct_normal_illuminance < 0 lux [corrected]: month 3, day 8, hour 18, value -2.7960067 
 ** WARNING ** EPW N17_direct_normal_illuminance < 0 lux [corrected]: month 3, day 9, hour 7, value -0.695624 
 ** WARNING ** EPW N17_direct_normal_illuminance < 0 lux [corrected]: month 3, day 9, hour 18, value -97.23799 
 ** WARNING ** EPW N17_direct_normal_illuminance < 0 lux [corrected]: month 3, day 10, hour 7, value -0.38366264 
 ** WARNING ** EPW N17_direct_normal_illuminance < 0 lux [corrected]: month 3, day 10, hour 18, value -107.61934 
 ** WARNING ** EPW N17_direct_normal_illuminance < 0 lux [corrected]: month 3, day 11, hour 7, value -2.1298008 
 ** WARNING ** EPW N17_direct_normal_illuminance < 0 lux [corrected]: month 3, day 11, hour 18, value -38.147964 
 ** WARNING ** EPW N17_direct_normal_illuminance < 0 lux [corrected]: month 3, day 12, hour 7, value -3.839317 
 ** WARNING ** EPW N17_direct_normal_illuminance < 0 lux [corrected]: month 3, day 12, hour 18, value -4.76671 
 ** WARNING ** EPW N17_direct_normal_illuminance < 0 lux [corrected]: month 3, day 13, hour 7, value -6.0985885 
 ** WARNING ** EPW N17_direct_normal_illuminance < 0 lux [corrected]: month 3, day 13, hour 18, value -6.652437 
 ** WARNING ** EPW N17_direct_normal_illuminance < 0 lux [corrected]: month 3, day 14, hour 7, value -1.6249084 
 ** WARNING ** EPW N17_direct_normal_illuminance < 0 lux [corrected]: month 3, day 14, hour 18, value -7.0467505 
 ** WARNING ** EPW N17_direct_normal_illuminance < 0 lux [corrected]: month 3, day 15, hour 7, value -1.7602744 
 ** WARNING ** EPW N17_direct_normal_illuminance < 0 lux [corrected]: month 3, day 16, hour 7, value -13.072962 
 ** WARNING ** EPW N17_direct_normal_illuminance < 0 lux [corrected]: month 3, day 16, hour 18, value -52.303234 
 ** WARNING ** EPW N17_direct_normal_illuminance < 0 lux [corrected]: month 3, day 17, hour 7, value -2.124291 
 ** WARNING ** EPW N17_direct_normal_illuminance < 0 lux [corrected]: month 3, day 17, hour 18, value -8.30233 
 ** WARNING ** EPW N17_direct_normal_illuminance < 0 lux [corrected]: month 3, day 18, hour 7, value -19.108515 
 ** WARNING ** EPW N17_direct_normal_illuminance < 0 lux [corrected]: month 3, day 18, hour 18, value -9.181973 
 ** WARNING ** EPW N17_direct_normal_illuminance < 0 lux [corrected]: month 3, day 19, hour 7, value -4.0212393 
 ** WARNING ** EPW N17_direct_normal_illuminance < 0 lux [corrected]: month 3, day 19, hour 18, value -8.287033 
 ** WARNING ** EPW N17_direct_normal_illuminance < 0 lux [corrected]: month 3, day 20, hour 7, value -29.617315 
 ** WARNING ** EPW N17_direct_normal_illuminance < 0 lux [corrected]: month 3, day 20, hour 18, value -8.764532 
 ** WARNING ** EPW N17_direct_normal_illuminance < 0 lux [corrected]: month 3, day 21, hour 7, value -74.035866 
 ** WARNING ** EPW N17_direct_normal_illuminance < 0 lux [corrected]: month 3, day 21, hour 18, value -130.963 
 ** WARNING ** EPW N17_direct_normal_illuminance < 0 lux [corrected]: month 3, day 22, hour 7, value -34.80236 
 ** WARNING ** EPW N17_direct_normal_illuminance < 0 lux [corrected]: month 3, day 22, hour 18, value -51.159805 
 ** WARNING ** EPW N17_direct_normal_illuminance < 0 lux [corrected]: month 3, day 23, hour 7, value -173.64125 
 ** WARNING ** EPW N17_direct_normal_illuminance < 0 lux [corrected]: month 3, day 23, hour 18, value -44.55141 
 ** WARNING ** EPW N17_direct_normal_illuminance < 0 lux [corrected]: month 3, day 24, hour 7, value -5.915642 
 ** WARNING ** EPW N17_direct_normal_illuminance < 0 lux [corrected]: month 3, day 24, hour 18, value -36.99555 
 ** WARNING ** EPW N17_direct_normal_illuminance < 0 lux [corrected]: month 3, day 25, hour 7, value -66.617516 
 ** WARNING ** EPW N17_direct_normal_illuminance < 0 lux [corrected]: month 3, day 25, hour 19, value -0.0010368258 
 ** WARNING ** EPW N17_direct_normal_illuminance < 0 lux [corrected]: month 3, day 26, hour 7, value -94.99209 
 ** WARNING ** EPW N17_direct_normal_illuminance < 0 lux [corrected]: month 3, day 26, hour 19, value -0.034953553 
 ** WARNING ** EPW N17_direct_normal_illuminance < 0 lux [corrected]: month 3, day 27, hour 7, value -43.530117 
 ** WARNING ** EPW N17_direct_normal_illuminance < 0 lux [corrected]: month 3, day 27, hour 19, value -0.036189277 
 ** WARNING ** EPW N17_direct_normal_illuminance < 0 lux [corrected]: month 3, day 28, hour 7, value -4.815554 
 ** WARNING ** EPW N17_direct_normal_illuminance < 0 lux [corrected]: month 3, day 28, hour 18, value -5.1411095 
 ** WARNING ** EPW N17_direct_normal_illuminance < 0 lux [corrected]: month 3, day 28, hour 19, value -0.016469525 
 ** WARNING ** EPW N17_direct_normal_illuminance < 0 lux [corrected]: month 3, day 29, hour 7, value -4.6106243 
 ** WARNING ** EPW N17_direct_normal_illuminance < 0 lux [corrected]: month 3, day 29, hour 18, value -4.692284 
 ** WARNING ** EPW N17_direct_normal_illuminance < 0 lux [corrected]: month 3, day 29, hour 19, value -0.0040261205 
 ** WARNING ** EPW N17_direct_normal_illuminance < 0 lux [corrected]: month 3, day 30, hour 7, value -4.3184295 
 ** WARNING ** EPW N17_direct_normal_illuminance < 0 lux [corrected]: month 3, day 30, hour 19, value -1.3269361 
 ** WARNING ** EPW N17_direct_normal_illuminance < 0 lux [corrected]: month 3, day 31, hour 7, value -3.8820977 
 ** WARNING ** EPW N17_direct_normal_illuminance < 0 lux [corrected]: month 3, day 31, hour 19, value -0.68798316 
 ** WARNING ** EPW N17_direct_normal_illuminance < 0 lux [corrected]: month 4, day 1, hour 6, value -0.18561162 
 ** WARNING ** EPW N17_direct_normal_illuminance < 0 lux [corrected]: month 4, day 1, hour 18, value -2.9897733 
 ** WARNING ** EPW N17_direct_normal_illuminance < 0 lux [corrected]: month 4, day 1, hour 19, value -0.026607499 
 ** WARNING ** EPW N17_direct_normal_illuminance < 0 lux [corrected]: month 4, day 2, hour 6, value -0.022878362 
 ** WARNING ** EPW N17_direct_normal_illuminance < 0 lux [corrected]: month 4, day 2, hour 7, value -4.5680246 
 ** WARNING ** EPW N17_direct_normal_illuminance < 0 lux [corrected]: month 4, day 2, hour 19, value -0.94087887 
 ** WARNING ** EPW N17_direct_normal_illuminance < 0 lux [corrected]: month 4, day 3, hour 6, value -1.1844153 
 ** WARNING ** EPW N17_direct_normal_illuminance < 0 lux [corrected]: month 4, day 3, hour 19, value -16.698769 
 ** WARNING ** EPW N17_direct_normal_illuminance < 0 lux [corrected]: month 4, day 4, hour 6, value -0.08058297 
 ** WARNING ** EPW N17_direct_normal_illuminance < 0 lux [corrected]: month 4, day 4, hour 19, value -1.2068712 
 ** WARNING ** EPW N17_direct_normal_illuminance < 0 lux [corrected]: month 4, day 5, hour 6, value -0.11173288 
 ** WARNING ** EPW N17_direct_normal_illuminance < 0 lux [corrected]: month 4, day 5, hour 7, value -1.0852084 
 ** WARNING ** EPW N17_direct_normal_illuminance < 0 lux [corrected]: month 4, day 5, hour 19, value -2.7485988 
 ** WARNING ** EPW N17_direct_normal_illuminance < 0 lux [corrected]: month 4, day 6, hour 6, value -0.14724639 
 ** WARNING ** EPW N17_direct_normal_illuminance < 0 lux [corrected]: month 4, day 6, hour 7, value -0.45162058 
 ** WARNING ** EPW N17_direct_normal_illuminance < 0 lux [corrected]: month 4, day 6, hour 19, value -28.731182 
 ** WARNING ** EPW N17_direct_normal_illuminance < 0 lux [corrected]: month 4, day 7, hour 6, value -0.51424813 
 ** WARNING ** EPW N17_direct_normal_illuminance < 0 lux [corrected]: month 4, day 7, hour 19, value -5.0045147 
 ** WARNING ** EPW N17_direct_normal_illuminance < 0 lux [corrected]: month 4, day 8, hour 6, value -4.096868 
 ** WARNING ** EPW N17_direct_normal_illuminance < 0 lux [corrected]: month 4, day 8, hour 19, value -5.673652 
 ** WARNING ** EPW N17_direct_normal_illuminance < 0 lux [corrected]: month 4, day 9, hour 6, value -0.8260102 
 ** WARNING ** EPW N17_direct_normal_illuminance < 0 lux [corrected]: month 4, day 9, hour 19, value -7.569012 
 ** WARNING ** EPW N17_direct_normal_illuminance < 0 lux [corrected]: month 4, day 10, hour 6, value -32.99327 
 ** WARNING ** EPW N17_direct_normal_illuminance < 0 lux [corrected]: month 4, day 10, hour 19, value -84.80781 
 ** WARNING ** EPW N17_direct_normal_illuminance < 0 lux [corrected]: month 4, day 11, hour 6, value -39.467213 
 ** WARNING ** EPW N17_direct_normal_illuminance < 0 lux [corrected]: month 4, day 11, hour 19, value -105.46489 
 ** WARNING ** EPW N17_direct_normal_illuminance < 0 lux [corrected]: month 4, day 12, hour 6, value -59.895424 
 ** WARNING ** EPW N17_direct_normal_illuminance < 0 lux [corrected]: month 4, day 12, hour 19, value -85.68838 
 ** WARNING ** EPW N17_direct_normal_illuminance < 0 lux [corrected]: month 4, day 13, hour 6, value -73.56648 
 ** WARNING ** EPW N17_direct_normal_illuminance < 0 lux [corrected]: month 4, day 13, hour 19, value -125.00243 
 ** WARNING ** EPW N17_direct_normal_illuminance < 0 lux [corrected]: month 4, day 14, hour 6, value -34.72853 
 ** WARNING ** EPW N17_direct_normal_illuminance < 0 lux [corrected]: month 4, day 14, hour 19, value -2.7358859 
 ** WARNING ** EPW N17_direct_normal_illuminance < 0 lux [corrected]: month 4, day 15, hour 6, value -17.257015 
 ** WARNING ** EPW N17_direct_normal_illuminance < 0 lux [corrected]: month 4, day 15, hour 19, value -3.252875 
 ** WARNING ** EPW N17_direct_normal_illuminance < 0 lux [corrected]: month 4, day 16, hour 6, value -4.2799587 
 ** WARNING ** EPW N17_direct_normal_illuminance < 0 lux [corrected]: month 4, day 16, hour 19, value -3.5500944 
 ** WARNING ** EPW N17_direct_normal_illuminance < 0 lux [corrected]: month 4, day 17, hour 6, value -4.317586 
 ** WARNING ** EPW N17_direct_normal_illuminance < 0 lux [corrected]: month 4, day 17, hour 19, value -59.444923 
 ** WARNING ** EPW N17_direct_normal_illuminance < 0 lux [corrected]: month 4, day 18, hour 6, value -24.743067 
 ** WARNING ** EPW N17_direct_normal_illuminance < 0 lux [corrected]: month 4, day 18, hour 19, value -3.858921 
 ** WARNING ** EPW N17_direct_normal_illuminance < 0 lux [corrected]: month 4, day 19, hour 6, value -29.497265 
 ** WARNING ** EPW N17_direct_normal_illuminance < 0 lux [corrected]: month 4, day 19, hour 19, value -5.1425934 
 ** WARNING ** EPW N17_direct_normal_illuminance < 0 lux [corrected]: month 4, day 20, hour 6, value -27.22424 
 ** WARNING ** EPW N17_direct_normal_illuminance < 0 lux [corrected]: month 4, day 21, hour 6, value -25.651596 
 ** WARNING ** EPW N17_direct_normal_illuminance < 0 lux [corrected]: month 4, day 21, hour 19, value -35.369267 
 ** WARNING ** EPW N17_direct_normal_illuminance < 0 lux [corrected]: month 4, day 22, hour 6, value -4.9129605 
 ** WARNING ** EPW N17_direct_normal_illuminance < 0 lux [corrected]: month 4, day 23, hour 6, value -76.47284 
 ** WARNING ** EPW N17_direct_normal_illuminance < 0 lux [corrected]: month 4, day 24, hour 6, value -73.38729 
 ** WARNING ** EPW N17_direct_normal_illuminance < 0 lux [corrected]: month 4, day 25, hour 6, value -62.891743 
 ** WARNING ** EPW N17_direct_normal_illuminance < 0 lux [corrected]: month 4, day 25, hour 19, value -82.24088 
 ** WARNING ** EPW N17_direct_normal_illuminance < 0 lux [corrected]: month 4, day 26, hour 6, value -42.57997 
 ** WARNING ** EPW N17_direct_normal_illuminance < 0 lux [corrected]: month 4, day 26, hour 19, value -38.44086 
 ** WARNING ** EPW N17_direct_normal_illuminance < 0 lux [corrected]: month 4, day 27, hour 6, value -18.182323 
 ** WARNING ** EPW N17_direct_normal_illuminance < 0 lux [corrected]: month 4, day 27, hour 19, value -82.98787 
 ** WARNING ** EPW N17_direct_normal_illuminance < 0 lux [corrected]: month 4, day 28, hour 5, value -0.0027978437 
 ** WARNING ** EPW N17_direct_normal_illuminance < 0 lux [corrected]: month 4, day 28, hour 6, value -0.25476736 
 ** WARNING ** EPW N17_direct_normal_illuminance < 0 lux [corrected]: month 4, day 29, hour 6, value -3.4446566 
 ** WARNING ** EPW N17_direct_normal_illuminance < 0 lux [corrected]: month 4, day 29, hour 19, value -5.3650227 
 ** WARNING ** EPW N17_direct_normal_illuminance < 0 lux [corrected]: month 4, day 30, hour 6, value -3.197885 
 ** WARNING ** EPW N17_direct_normal_illuminance < 0 lux [corrected]: month 4, day 30, hour 19, value -32.755367 
 ** WARNING ** EPW N17_direct_normal_illuminance < 0 lux [corrected]: month 5, day 1, hour 5, value -0.15559421 
 ** WARNING ** EPW N17_direct_normal_illuminance < 0 lux [corrected]: month 5, day 2, hour 5, value -0.6201155 
 ** WARNING ** EPW N17_direct_normal_illuminance < 0 lux [corrected]: month 5, day 2, hour 20, value -0.0011144184 
 ** WARNING ** EPW N17_direct_normal_illuminance < 0 lux [corrected]: month 5, day 3, hour 5, value -0.62109107 
 ** WARNING ** EPW N17_direct_normal_illuminance < 0 lux [corrected]: month 5, day 3, hour 19, value -96.92095 
 ** WARNING ** EPW N17_direct_normal_illuminance < 0 lux [corrected]: month 5, day 3, hour 20, value -0.0043390896 
 ** WARNING ** EPW N17_direct_normal_illuminance < 0 lux [corrected]: month 5, day 4, hour 5, value -0.11503917 
 ** WARNING ** EPW N17_direct_normal_illuminance < 0 lux [corrected]: month 5, day 4, hour 6, value -2.3165708 
 ** WARNING ** EPW N17_direct_normal_illuminance < 0 lux [corrected]: month 5, day 4, hour 19, value -65.85479 
 ** WARNING ** EPW N17_direct_normal_illuminance < 0 lux [corrected]: month 5, day 4, hour 20, value -5.143219E-4 
 ** WARNING ** EPW N17_direct_normal_illuminance < 0 lux [corrected]: month 5, day 5, hour 5, value -0.4757602 
 ** WARNING ** EPW N17_direct_normal_illuminance < 0 lux [corrected]: month 5, day 5, hour 6, value -2.0587828 
 ** WARNING ** EPW N17_direct_normal_illuminance < 0 lux [corrected]: month 5, day 5, hour 19, value -24.305113 
 ** WARNING ** EPW N17_direct_normal_illuminance < 0 lux [corrected]: month 5, day 5, hour 20, value -0.0024115222 
 ** WARNING ** EPW N17_direct_normal_illuminance < 0 lux [corrected]: month 5, day 6, hour 5, value -0.20311928 
 ** WARNING ** EPW N17_direct_normal_illuminance < 0 lux [corrected]: month 5, day 6, hour 6, value -1.0264224 
 ** WARNING ** EPW N17_direct_normal_illuminance < 0 lux [corrected]: month 5, day 6, hour 20, value -0.09885673 
 ** WARNING ** EPW N17_direct_normal_illuminance < 0 lux [corrected]: month 5, day 7, hour 5, value -3.8702424 
 ** WARNING ** EPW N17_direct_normal_illuminance < 0 lux [corrected]: month 5, day 7, hour 20, value -0.18456341 
 ** WARNING ** EPW N17_direct_normal_illuminance < 0 lux [corrected]: month 5, day 8, hour 5, value -1.5109873 
 ** WARNING ** EPW N17_direct_normal_illuminance < 0 lux [corrected]: month 5, day 8, hour 19, value -9.34166 
 ** WARNING ** EPW N17_direct_normal_illuminance < 0 lux [corrected]: month 5, day 8, hour 20, value -0.0898076 
 ** WARNING ** EPW N17_direct_normal_illuminance < 0 lux [corrected]: month 5, day 9, hour 5, value -1.7955809 
 ** WARNING ** EPW N17_direct_normal_illuminance < 0 lux [corrected]: month 5, day 9, hour 20, value -0.9138075 
 ** WARNING ** EPW N17_direct_normal_illuminance < 0 lux [corrected]: month 5, day 10, hour 5, value -4.9864364 
 ** WARNING ** EPW N17_direct_normal_illuminance < 0 lux [corrected]: month 5, day 10, hour 19, value -8.7406645 
 ** WARNING ** EPW N17_direct_normal_illuminance < 0 lux [corrected]: month 5, day 10, hour 20, value -1.257146 
 ** WARNING ** EPW N17_direct_normal_illuminance < 0 lux [corrected]: month 5, day 11, hour 5, value -17.882986 
 ** WARNING ** EPW N17_direct_normal_illuminance < 0 lux [corrected]: month 5, day 11, hour 19, value -6.2046456 
 ** WARNING ** EPW N17_direct_normal_illuminance < 0 lux [corrected]: month 5, day 11, hour 20, value -1.2382003 
 ** WARNING ** EPW N17_direct_normal_illuminance < 0 lux [corrected]: month 5, day 12, hour 5, value -16.422264 
 ** WARNING ** EPW N17_direct_normal_illuminance < 0 lux [corrected]: month 5, day 12, hour 20, value -6.7767143 
 ** WARNING ** EPW N17_direct_normal_illuminance < 0 lux [corrected]: month 5, day 13, hour 5, value -23.332853 
 ** WARNING ** EPW N17_direct_normal_illuminance < 0 lux [corrected]: month 5, day 13, hour 20, value -6.117104 
 ** WARNING ** EPW N17_direct_normal_illuminance < 0 lux [corrected]: month 5, day 14, hour 5, value -29.522657 
 ** WARNING ** EPW N17_direct_normal_illuminance < 0 lux [corrected]: month 5, day 14, hour 20, value -12.585685 
 ** WARNING ** EPW N17_direct_normal_illuminance < 0 lux [corrected]: month 5, day 15, hour 5, value -30.646484 
 ** WARNING ** EPW N17_direct_normal_illuminance < 0 lux [corrected]: month 5, day 15, hour 20, value -2.0592866 
 ** WARNING ** EPW N17_direct_normal_illuminance < 0 lux [corrected]: month 5, day 16, hour 5, value -1.578234 
 ** WARNING ** EPW N17_direct_normal_illuminance < 0 lux [corrected]: month 5, day 16, hour 19, value -3.768598 
 ** WARNING ** EPW N17_direct_normal_illuminance < 0 lux [corrected]: month 5, day 16, hour 20, value -2.2214704 
 ** WARNING ** EPW N17_direct_normal_illuminance < 0 lux [corrected]: month 5, day 17, hour 5, value -1.8275994 
 ** WARNING ** EPW N17_direct_normal_illuminance < 0 lux [corrected]: month 5, day 17, hour 20, value -2.6595154 
 ** WARNING ** EPW N17_direct_normal_illuminance < 0 lux [corrected]: month 5, day 18, hour 5, value -1.8682023 
 ** WARNING ** EPW N17_direct_normal_illuminance < 0 lux [corrected]: month 5, day 18, hour 20, value -26.546425 
 ** WARNING ** EPW N17_direct_normal_illuminance < 0 lux [corrected]: month 5, day 19, hour 5, value -3.1712222 
 ** WARNING ** EPW N17_direct_normal_illuminance < 0 lux [corrected]: month 5, day 19, hour 20, value -41.20572 
 ** WARNING ** EPW N17_direct_normal_illuminance < 0 lux [corrected]: month 5, day 20, hour 5, value -56.750706 
 ** WARNING ** EPW N17_direct_normal_illuminance < 0 lux [corrected]: month 5, day 20, hour 20, value -4.94674 
 ** WARNING ** EPW N17_direct_normal_illuminance < 0 lux [corrected]: month 5, day 21, hour 5, value -3.5558138 
 ** WARNING ** EPW N17_direct_normal_illuminance < 0 lux [corrected]: month 5, day 21, hour 19, value -0.40291902 
 ** WARNING ** EPW N17_direct_normal_illuminance < 0 lux [corrected]: month 5, day 21, hour 20, value -0.90208685 
 ** WARNING ** EPW N17_direct_normal_illuminance < 0 lux [corrected]: month 5, day 22, hour 5, value -17.031258 
 ** WARNING ** EPW N17_direct_normal_illuminance < 0 lux [corrected]: month 5, day 22, hour 19, value -0.09605314 
 ** WARNING ** EPW N17_direct_normal_illuminance < 0 lux [corrected]: month 5, day 22, hour 20, value -8.216764 
 ** WARNING ** EPW N17_direct_normal_illuminance < 0 lux [corrected]: month 5, day 23, hour 5, value -3.4882092 
 ** WARNING ** EPW N17_direct_normal_illuminance < 0 lux [corrected]: month 5, day 23, hour 20, value -57.2964 
 ** WARNING ** EPW N17_direct_normal_illuminance < 0 lux [corrected]: month 5, day 24, hour 5, value -78.81806 
 ** WARNING ** EPW N17_direct_normal_illuminance < 0 lux [corrected]: month 5, day 24, hour 20, value -69.00881 
 ** WARNING ** EPW N17_direct_normal_illuminance < 0 lux [corrected]: month 5, day 25, hour 5, value -90.531586 
 ** WARNING ** EPW N17_direct_normal_illuminance < 0 lux [corrected]: month 5, day 25, hour 20, value -95.508705 
 ** WARNING ** EPW N17_direct_normal_illuminance < 0 lux [corrected]: month 5, day 26, hour 5, value -67.958046 
 ** WARNING ** EPW N17_direct_normal_illuminance < 0 lux [corrected]: month 5, day 26, hour 20, value -93.49651 
 ** WARNING ** EPW N17_direct_normal_illuminance < 0 lux [corrected]: month 5, day 27, hour 5, value -76.75572 
 ** WARNING ** EPW N17_direct_normal_illuminance < 0 lux [corrected]: month 5, day 27, hour 20, value -103.3139 
 ** WARNING ** EPW N17_direct_normal_illuminance < 0 lux [corrected]: month 5, day 28, hour 5, value -76.05137 
 ** WARNING ** EPW N17_direct_normal_illuminance < 0 lux [corrected]: month 5, day 28, hour 20, value -116.99428 
 ** WARNING ** EPW N17_direct_normal_illuminance < 0 lux [corrected]: month 5, day 29, hour 5, value -81.59068 
 ** WARNING ** EPW N17_direct_normal_illuminance < 0 lux [corrected]: month 5, day 29, hour 20, value -107.999084 
 ** WARNING ** EPW N17_direct_normal_illuminance < 0 lux [corrected]: month 5, day 30, hour 5, value -73.85651 
 ** WARNING ** EPW N17_direct_normal_illuminance < 0 lux [corrected]: month 5, day 30, hour 20, value -146.30946 
 ** WARNING ** EPW N17_direct_normal_illuminance < 0 lux [corrected]: month 5, day 31, hour 5, value -83.14672 
 ** WARNING ** EPW N17_direct_normal_illuminance < 0 lux [corrected]: month 5, day 31, hour 20, value -137.9783 
 ** WARNING ** EPW N17_direct_normal_illuminance < 0 lux [corrected]: month 6, day 1, hour 5, value -70.82747 
 ** WARNING ** EPW N17_direct_normal_illuminance < 0 lux [corrected]: month 6, day 1, hour 20, value -24.141409 
 ** WARNING ** EPW N17_direct_normal_illuminance < 0 lux [corrected]: month 6, day 2, hour 5, value -14.555019 
 ** WARNING ** EPW N17_direct_normal_illuminance < 0 lux [corrected]: month 6, day 2, hour 20, value -119.192856 
 ** WARNING ** EPW N17_direct_normal_illuminance < 0 lux [corrected]: month 6, day 3, hour 5, value -16.978182 
 ** WARNING ** EPW N17_direct_normal_illuminance < 0 lux [corrected]: month 6, day 3, hour 20, value -32.59876 
 ** WARNING ** EPW N17_direct_normal_illuminance < 0 lux [corrected]: month 6, day 4, hour 5, value -17.06829 
 ** WARNING ** EPW N17_direct_normal_illuminance < 0 lux [corrected]: month 6, day 4, hour 20, value -31.011127 
 ** WARNING ** EPW N17_direct_normal_illuminance < 0 lux [corrected]: month 6, day 5, hour 5, value -3.1328342 
 ** WARNING ** EPW N17_direct_normal_illuminance < 0 lux [corrected]: month 6, day 5, hour 20, value -191.27075 
 ** WARNING ** EPW N17_direct_normal_illuminance < 0 lux [corrected]: month 6, day 6, hour 5, value -14.858086 
 ** WARNING ** EPW N17_direct_normal_illuminance < 0 lux [corrected]: month 6, day 6, hour 20, value -32.312252 
 ** WARNING ** EPW N17_direct_normal_illuminance < 0 lux [corrected]: month 6, day 7, hour 5, value -15.438544 
 ** WARNING ** EPW N17_direct_normal_illuminance < 0 lux [corrected]: month 6, day 7, hour 20, value -77.58462 
 ** WARNING ** EPW N17_direct_normal_illuminance < 0 lux [corrected]: month 6, day 8, hour 5, value -60.68105 
 ** WARNING ** EPW N17_direct_normal_illuminance < 0 lux [corrected]: month 6, day 8, hour 20, value -128.06453 
 ** WARNING ** EPW N17_direct_normal_illuminance < 0 lux [corrected]: month 6, day 9, hour 5, value -27.645378 
 ** WARNING ** EPW N17_direct_normal_illuminance < 0 lux [corrected]: month 6, day 9, hour 20, value -32.002125 
 ** WARNING ** EPW N17_direct_normal_illuminance < 0 lux [corrected]: month 6, day 10, hour 5, value -17.555082 
 ** WARNING ** EPW N17_direct_normal_illuminance < 0 lux [corrected]: month 6, day 10, hour 20, value -30.020971 
 ** WARNING ** EPW N17_direct_normal_illuminance < 0 lux [corrected]: month 6, day 11, hour 5, value -3.789316 
 ** WARNING ** EPW N17_direct_normal_illuminance < 0 lux [corrected]: month 6, day 11, hour 20, value -35.58711 
 ** WARNING ** EPW N17_direct_normal_illuminance < 0 lux [corrected]: month 6, day 12, hour 5, value -14.924849 
 ** WARNING ** EPW N17_direct_normal_illuminance < 0 lux [corrected]: month 6, day 12, hour 20, value -31.728601 
 ** WARNING ** EPW N17_direct_normal_illuminance < 0 lux [corrected]: month 6, day 13, hour 5, value -3.4585066 
 ** WARNING ** EPW N17_direct_normal_illuminance < 0 lux [corrected]: month 6, day 13, hour 20, value -30.357927 
 ** WARNING ** EPW N17_direct_normal_illuminance < 0 lux [corrected]: month 6, day 14, hour 5, value -3.5444598 
 ** WARNING ** EPW N17_direct_normal_illuminance < 0 lux [corrected]: month 6, day 14, hour 20, value -29.24184 
 ** WARNING ** EPW N17_direct_normal_illuminance < 0 lux [corrected]: month 6, day 15, hour 5, value -52.193474 
 ** WARNING ** EPW N17_direct_normal_illuminance < 0 lux [corrected]: month 6, day 15, hour 20, value -34.371727 
 ** WARNING ** EPW N17_direct_normal_illuminance < 0 lux [corrected]: month 6, day 16, hour 5, value -14.555511 
 ** WARNING ** EPW N17_direct_normal_illuminance < 0 lux [corrected]: month 6, day 16, hour 20, value -34.20782 
 ** WARNING ** EPW N17_direct_normal_illuminance < 0 lux [corrected]: month 6, day 17, hour 5, value -3.652353 
 ** WARNING ** EPW N17_direct_normal_illuminance < 0 lux [corrected]: month 6, day 17, hour 20, value -5.5971036 
 ** WARNING ** EPW N17_direct_normal_illuminance < 0 lux [corrected]: month 6, day 18, hour 5, value -6.094987 
 ** WARNING ** EPW N17_direct_normal_illuminance < 0 lux [corrected]: month 6, day 18, hour 20, value -195.6788 
 ** WARNING ** EPW N17_direct_normal_illuminance < 0 lux [corrected]: month 6, day 19, hour 5, value -61.293884 
 ** WARNING ** EPW N17_direct_normal_illuminance < 0 lux [corrected]: month 6, day 19, hour 20, value -35.544804 
 ** WARNING ** EPW N17_direct_normal_illuminance < 0 lux [corrected]: month 6, day 20, hour 5, value -15.659751 
 ** WARNING ** EPW N17_direct_normal_illuminance < 0 lux [corrected]: month 6, day 20, hour 20, value -36.899384 
 ** WARNING ** EPW N17_direct_normal_illuminance < 0 lux [corrected]: month 6, day 21, hour 5, value -55.703587 
 ** WARNING ** EPW N17_direct_normal_illuminance < 0 lux [corrected]: month 6, day 21, hour 20, value -182.53899 
 ** WARNING ** EPW N17_direct_normal_illuminance < 0 lux [corrected]: month 6, day 22, hour 5, value -27.38333 
 ** WARNING ** EPW N17_direct_normal_illuminance < 0 lux [corrected]: month 6, day 22, hour 20, value -76.22542 
 ** WARNING ** EPW N17_direct_normal_illuminance < 0 lux [corrected]: month 6, day 23, hour 5, value -41.83027 
 ** WARNING ** EPW N17_direct_normal_illuminance < 0 lux [corrected]: month 6, day 24, hour 5, value -2.8316557 
 ** WARNING ** EPW N17_direct_normal_illuminance < 0 lux [corrected]: month 6, day 24, hour 20, value -31.425467 
 ** WARNING ** EPW N17_direct_normal_illuminance < 0 lux [corrected]: month 6, day 25, hour 5, value -14.382764 
 ** WARNING ** EPW N17_direct_normal_illuminance < 0 lux [corrected]: month 6, day 25, hour 20, value -143.10596 
 ** WARNING ** EPW N17_direct_normal_illuminance < 0 lux [corrected]: month 6, day 26, hour 5, value -3.0217464 
 ** WARNING ** EPW N17_direct_normal_illuminance < 0 lux [corrected]: month 6, day 27, hour 5, value -15.453698 
 ** WARNING ** EPW N17_direct_normal_illuminance < 0 lux [corrected]: month 6, day 28, hour 5, value -71.29255 
 ** WARNING ** EPW N17_direct_normal_illuminance < 0 lux [corrected]: month 6, day 29, hour 5, value -75.15985 
 ** WARNING ** EPW N17_direct_normal_illuminance < 0 lux [corrected]: month 6, day 30, hour 5, value -76.99128 
 ** WARNING ** EPW N17_direct_normal_illuminance < 0 lux [corrected]: month 7, day 1, hour 5, value -22.57701 
 ** WARNING ** EPW N17_direct_normal_illuminance < 0 lux [corrected]: month 7, day 1, hour 20, value -154.51067 
 ** WARNING ** EPW N17_direct_normal_illuminance < 0 lux [corrected]: month 7, day 2, hour 5, value -99.939476 
 ** WARNING ** EPW N17_direct_normal_illuminance < 0 lux [corrected]: month 7, day 2, hour 20, value -28.541517 
 ** WARNING ** EPW N17_direct_normal_illuminance < 0 lux [corrected]: month 7, day 3, hour 5, value -20.580023 
 ** WARNING ** EPW N17_direct_normal_illuminance < 0 lux [corrected]: month 7, day 3, hour 20, value -92.394875 
 ** WARNING ** EPW N17_direct_normal_illuminance < 0 lux [corrected]: month 7, day 4, hour 5, value -22.051657 
 ** WARNING ** EPW N17_direct_normal_illuminance < 0 lux [corrected]: month 7, day 4, hour 20, value -31.26777 
 ** WARNING ** EPW N17_direct_normal_illuminance < 0 lux [corrected]: month 7, day 5, hour 5, value -113.2386 
 ** WARNING ** EPW N17_direct_normal_illuminance < 0 lux [corrected]: month 7, day 5, hour 20, value -32.42794 
 ** WARNING ** EPW N17_direct_normal_illuminance < 0 lux [corrected]: month 7, day 6, hour 5, value -125.24667 
 ** WARNING ** EPW N17_direct_normal_illuminance < 0 lux [corrected]: month 7, day 6, hour 20, value -202.48584 
 ** WARNING ** EPW N17_direct_normal_illuminance < 0 lux [corrected]: month 7, day 7, hour 5, value -22.89993 
 ** WARNING ** EPW N17_direct_normal_illuminance < 0 lux [corrected]: month 7, day 7, hour 20, value -160.76823 
 ** WARNING ** EPW N17_direct_normal_illuminance < 0 lux [corrected]: month 7, day 8, hour 5, value -116.58377 
 ** WARNING ** EPW N17_direct_normal_illuminance < 0 lux [corrected]: month 7, day 8, hour 20, value -35.221943 
 ** WARNING ** EPW N17_direct_normal_illuminance < 0 lux [corrected]: month 7, day 9, hour 5, value -130.47949 
 ** WARNING ** EPW N17_direct_normal_illuminance < 0 lux [corrected]: month 7, day 9, hour 20, value -199.3587 
 ** WARNING ** EPW N17_direct_normal_illuminance < 0 lux [corrected]: month 7, day 10, hour 5, value -4.4548535 
 ** WARNING ** EPW N17_direct_normal_illuminance < 0 lux [corrected]: month 7, day 10, hour 20, value -193.20038 
 ** WARNING ** EPW N17_direct_normal_illuminance < 0 lux [corrected]: month 7, day 11, hour 5, value -4.342693 
 ** WARNING ** EPW N17_direct_normal_illuminance < 0 lux [corrected]: month 7, day 11, hour 20, value -199.26332 
 ** WARNING ** EPW N17_direct_normal_illuminance < 0 lux [corrected]: month 7, day 12, hour 5, value -4.3176484 
 ** WARNING ** EPW N17_direct_normal_illuminance < 0 lux [corrected]: month 7, day 12, hour 20, value -34.54424 
 ** WARNING ** EPW N17_direct_normal_illuminance < 0 lux [corrected]: month 7, day 13, hour 5, value -23.188175 
 ** WARNING ** EPW N17_direct_normal_illuminance < 0 lux [corrected]: month 7, day 13, hour 20, value -198.01086 
 ** WARNING ** EPW N17_direct_normal_illuminance < 0 lux [corrected]: month 7, day 14, hour 5, value -98.33242 
 ** WARNING ** EPW N17_direct_normal_illuminance < 0 lux [corrected]: month 7, day 14, hour 20, value -46.1765 
 ** WARNING ** EPW N17_direct_normal_illuminance < 0 lux [corrected]: month 7, day 15, hour 5, value -16.039068 
 ** WARNING ** EPW N17_direct_normal_illuminance < 0 lux [corrected]: month 7, day 15, hour 20, value -36.77127 
 ** WARNING ** EPW N17_direct_normal_illuminance < 0 lux [corrected]: month 7, day 16, hour 5, value -16.212498 
 ** WARNING ** EPW N17_direct_normal_illuminance < 0 lux [corrected]: month 7, day 16, hour 20, value -35.78584 
 ** WARNING ** EPW N17_direct_normal_illuminance < 0 lux [corrected]: month 7, day 17, hour 5, value -12.1123705 
 ** WARNING ** EPW N17_direct_normal_illuminance < 0 lux [corrected]: month 7, day 17, hour 20, value -34.361794 
 ** WARNING ** EPW N17_direct_normal_illuminance < 0 lux [corrected]: month 7, day 18, hour 5, value -66.9222 
 ** WARNING ** EPW N17_direct_normal_illuminance < 0 lux [corrected]: month 7, day 18, hour 20, value -212.37054 
 ** WARNING ** EPW N17_direct_normal_illuminance < 0 lux [corrected]: month 7, day 19, hour 5, value -12.263028 
 ** WARNING ** EPW N17_direct_normal_illuminance < 0 lux [corrected]: month 7, day 19, hour 20, value -187.61507 
 ** WARNING ** EPW N17_direct_normal_illuminance < 0 lux [corrected]: month 7, day 20, hour 5, value -50.91857 
 ** WARNING ** EPW N17_direct_normal_illuminance < 0 lux [corrected]: month 7, day 20, hour 20, value -206.00021 
 ** WARNING ** EPW N17_direct_normal_illuminance < 0 lux [corrected]: month 7, day 21, hour 5, value -30.084208 
 ** WARNING ** EPW N17_direct_normal_illuminance < 0 lux [corrected]: month 7, day 21, hour 20, value -177.4816 
 ** WARNING ** EPW N17_direct_normal_illuminance < 0 lux [corrected]: month 7, day 22, hour 5, value -43.059357 
 ** WARNING ** EPW N17_direct_normal_illuminance < 0 lux [corrected]: month 7, day 22, hour 20, value -195.59167 
 ** WARNING ** EPW N17_direct_normal_illuminance < 0 lux [corrected]: month 7, day 23, hour 5, value -16.904844 
 ** WARNING ** EPW N17_direct_normal_illuminance < 0 lux [corrected]: month 7, day 23, hour 20, value -53.493862 
 ** WARNING ** EPW N17_direct_normal_illuminance < 0 lux [corrected]: month 7, day 24, hour 5, value -1.3493527 
 ** WARNING ** EPW N17_direct_normal_illuminance < 0 lux [corrected]: month 7, day 24, hour 6, value -0.94362134 
 ** WARNING ** EPW N17_direct_normal_illuminance < 0 lux [corrected]: month 7, day 24, hour 20, value -2.9116228 
 ** WARNING ** EPW N17_direct_normal_illuminance < 0 lux [corrected]: month 7, day 25, hour 5, value -16.37268 
 ** WARNING ** EPW N17_direct_normal_illuminance < 0 lux [corrected]: month 7, day 25, hour 20, value -18.831856 
 ** WARNING ** EPW N17_direct_normal_illuminance < 0 lux [corrected]: month 7, day 26, hour 5, value -25.130058 
 ** WARNING ** EPW N17_direct_normal_illuminance < 0 lux [corrected]: month 7, day 26, hour 19, value -0.4695745 
 ** WARNING ** EPW N17_direct_normal_illuminance < 0 lux [corrected]: month 7, day 26, hour 20, value -20.386671 
 ** WARNING ** EPW N17_direct_normal_illuminance < 0 lux [corrected]: month 7, day 27, hour 5, value -6.3341537 
 ** WARNING ** EPW N17_direct_normal_illuminance < 0 lux [corrected]: month 7, day 27, hour 20, value -12.864541 
 ** WARNING ** EPW N17_direct_normal_illuminance < 0 lux [corrected]: month 7, day 28, hour 5, value -16.201841 
 ** WARNING ** EPW N17_direct_normal_illuminance < 0 lux [corrected]: month 7, day 28, hour 20, value -93.591484 
 ** WARNING ** EPW N17_direct_normal_illuminance < 0 lux [corrected]: month 7, day 29, hour 5, value -9.008992 
 ** WARNING ** EPW N17_direct_normal_illuminance < 0 lux [corrected]: month 7, day 29, hour 20, value -74.373314 
 ** WARNING ** EPW N17_direct_normal_illuminance < 0 lux [corrected]: month 7, day 30, hour 5, value -1.6120768 
 ** WARNING ** EPW N17_direct_normal_illuminance < 0 lux [corrected]: month 7, day 30, hour 6, value -2.3319924 
 ** WARNING ** EPW N17_direct_normal_illuminance < 0 lux [corrected]: month 7, day 30, hour 20, value -8.348727 
 ** WARNING ** EPW N17_direct_normal_illuminance < 0 lux [corrected]: month 7, day 31, hour 5, value -1.5342273 
 ** WARNING ** EPW N17_direct_normal_illuminance < 0 lux [corrected]: month 7, day 31, hour 6, value -2.20322 
 ** WARNING ** EPW N17_direct_normal_illuminance < 0 lux [corrected]: month 7, day 31, hour 19, value -1.1098262 
 ** WARNING ** EPW N17_direct_normal_illuminance < 0 lux [corrected]: month 7, day 31, hour 20, value -1.0425409 
 ** WARNING ** EPW N17_direct_normal_illuminance < 0 lux [corrected]: month 8, day 1, hour 5, value -0.4523372 
 ** WARNING ** EPW N17_direct_normal_illuminance < 0 lux [corrected]: month 8, day 1, hour 6, value -3.8598058 
 ** WARNING ** EPW N17_direct_normal_illuminance < 0 lux [corrected]: month 8, day 1, hour 20, value -42.127064 
 ** WARNING ** EPW N17_direct_normal_illuminance < 0 lux [corrected]: month 8, day 2, hour 5, value -2.2976131 
 ** WARNING ** EPW N17_direct_normal_illuminance < 0 lux [corrected]: month 8, day 2, hour 20, value -4.6590075 
 ** WARNING ** EPW N17_direct_normal_illuminance < 0 lux [corrected]: month 8, day 3, hour 5, value -0.7544053 
 ** WARNING ** EPW N17_direct_normal_illuminance < 0 lux [corrected]: month 8, day 3, hour 20, value -31.048847 
 ** WARNING ** EPW N17_direct_normal_illuminance < 0 lux [corrected]: month 8, day 4, hour 5, value -0.7129716 
 ** WARNING ** EPW N17_direct_normal_illuminance < 0 lux [corrected]: month 8, day 4, hour 20, value -19.459627 
 ** WARNING ** EPW N17_direct_normal_illuminance < 0 lux [corrected]: month 8, day 5, hour 5, value -0.49878493 
 ** WARNING ** EPW N17_direct_normal_illuminance < 0 lux [corrected]: month 8, day 5, hour 20, value -2.4754543 
 ** WARNING ** EPW N17_direct_normal_illuminance < 0 lux [corrected]: month 8, day 6, hour 6, value -14.007458 
 ** WARNING ** EPW N17_direct_normal_illuminance < 0 lux [corrected]: month 8, day 6, hour 20, value -13.112203 
 ** WARNING ** EPW N17_direct_normal_illuminance < 0 lux [corrected]: month 8, day 7, hour 6, value -13.48943 
 ** WARNING ** EPW N17_direct_normal_illuminance < 0 lux [corrected]: month 8, day 7, hour 20, value -3.556247 
 ** WARNING ** EPW N17_direct_normal_illuminance < 0 lux [corrected]: month 8, day 8, hour 5, value -0.011409449 
 ** WARNING ** EPW N17_direct_normal_illuminance < 0 lux [corrected]: month 8, day 8, hour 6, value -14.78482 
 ** WARNING ** EPW N17_direct_normal_illuminance < 0 lux [corrected]: month 8, day 8, hour 19, value -4.44252 
 ** WARNING ** EPW N17_direct_normal_illuminance < 0 lux [corrected]: month 8, day 8, hour 20, value -0.61533296 
 ** WARNING ** EPW N17_direct_normal_illuminance < 0 lux [corrected]: month 8, day 9, hour 5, value -0.0047602346 
 ** WARNING ** EPW N17_direct_normal_illuminance < 0 lux [corrected]: month 8, day 9, hour 6, value -16.920744 
 ** WARNING ** EPW N17_direct_normal_illuminance < 0 lux [corrected]: month 8, day 9, hour 19, value -3.997085 
 ** WARNING ** EPW N17_direct_normal_illuminance < 0 lux [corrected]: month 8, day 9, hour 20, value -0.061606452 
 ** WARNING ** EPW N17_direct_normal_illuminance < 0 lux [corrected]: month 8, day 10, hour 6, value -4.2354183 
 ** WARNING ** EPW N17_direct_normal_illuminance < 0 lux [corrected]: month 8, day 10, hour 20, value -1.2560682 
 ** WARNING ** EPW N17_direct_normal_illuminance < 0 lux [corrected]: month 8, day 11, hour 5, value -0.0010524242 
 ** WARNING ** EPW N17_direct_normal_illuminance < 0 lux [corrected]: month 8, day 11, hour 6, value -59.313694 
 ** WARNING ** EPW N17_direct_normal_illuminance < 0 lux [corrected]: month 8, day 11, hour 19, value -18.364311 
 ** WARNING ** EPW N17_direct_normal_illuminance < 0 lux [corrected]: month 8, day 11, hour 20, value -0.9967443 
 ** WARNING ** EPW N17_direct_normal_illuminance < 0 lux [corrected]: month 8, day 12, hour 6, value -4.0029864 
 ** WARNING ** EPW N17_direct_normal_illuminance < 0 lux [corrected]: month 8, day 12, hour 19, value -24.440886 
 ** WARNING ** EPW N17_direct_normal_illuminance < 0 lux [corrected]: month 8, day 12, hour 20, value -0.054168385 
 ** WARNING ** EPW N17_direct_normal_illuminance < 0 lux [corrected]: month 8, day 13, hour 6, value -4.4153395 
 ** WARNING ** EPW N17_direct_normal_illuminance < 0 lux [corrected]: month 8, day 13, hour 19, value -24.390705 
 ** WARNING ** EPW N17_direct_normal_illuminance < 0 lux [corrected]: month 8, day 13, hour 20, value -0.003945397 
 ** WARNING ** EPW N17_direct_normal_illuminance < 0 lux [corrected]: month 8, day 14, hour 6, value -4.002875 
 ** WARNING ** EPW N17_direct_normal_illuminance < 0 lux [corrected]: month 8, day 14, hour 19, value -26.333584 
 ** WARNING ** EPW N17_direct_normal_illuminance < 0 lux [corrected]: month 8, day 15, hour 6, value -4.4452662 
 ** WARNING ** EPW N17_direct_normal_illuminance < 0 lux [corrected]: month 8, day 15, hour 20, value -0.0039150594 
 ** WARNING ** EPW N17_direct_normal_illuminance < 0 lux [corrected]: month 8, day 16, hour 6, value -94.46971 
 ** WARNING ** EPW N17_direct_normal_illuminance < 0 lux [corrected]: month 8, day 17, hour 6, value -30.540771 
 ** WARNING ** EPW N17_direct_normal_illuminance < 0 lux [corrected]: month 8, day 18, hour 6, value -103.023636 
 ** WARNING ** EPW N17_direct_normal_illuminance < 0 lux [corrected]: month 8, day 19, hour 6, value -114.99345 
 ** WARNING ** EPW N17_direct_normal_illuminance < 0 lux [corrected]: month 8, day 20, hour 6, value -22.676453 
 ** WARNING ** EPW N17_direct_normal_illuminance < 0 lux [corrected]: month 8, day 20, hour 19, value -34.75385 
 ** WARNING ** EPW N17_direct_normal_illuminance < 0 lux [corrected]: month 8, day 21, hour 6, value -112.498566 
 ** WARNING ** EPW N17_direct_normal_illuminance < 0 lux [corrected]: month 8, day 21, hour 19, value -211.53543 
 ** WARNING ** EPW N17_direct_normal_illuminance < 0 lux [corrected]: month 8, day 22, hour 6, value -120.13518 
 ** WARNING ** EPW N17_direct_normal_illuminance < 0 lux [corrected]: month 8, day 22, hour 19, value -28.876213 
 ** WARNING ** EPW N17_direct_normal_illuminance < 0 lux [corrected]: month 8, day 23, hour 6, value -4.8988853 
 ** WARNING ** EPW N17_direct_normal_illuminance < 0 lux [corrected]: month 8, day 23, hour 19, value -190.11377 
 ** WARNING ** EPW N17_direct_normal_illuminance < 0 lux [corrected]: month 8, day 24, hour 6, value -18.689262 
 ** WARNING ** EPW N17_direct_normal_illuminance < 0 lux [corrected]: month 8, day 24, hour 19, value -30.642672 
 ** WARNING ** EPW N17_direct_normal_illuminance < 0 lux [corrected]: month 8, day 25, hour 6, value -19.648865 
 ** WARNING ** EPW N17_direct_normal_illuminance < 0 lux [corrected]: month 8, day 25, hour 19, value -26.095064 
 ** WARNING ** EPW N17_direct_normal_illuminance < 0 lux [corrected]: month 8, day 26, hour 6, value -81.35993 
 ** WARNING ** EPW N17_direct_normal_illuminance < 0 lux [corrected]: month 8, day 26, hour 19, value -21.156925 
 ** WARNING ** EPW N17_direct_normal_illuminance < 0 lux [corrected]: month 8, day 27, hour 6, value -61.68277 
 ** WARNING ** EPW N17_direct_normal_illuminance < 0 lux [corrected]: month 8, day 27, hour 19, value -23.072124 
 ** WARNING ** EPW N17_direct_normal_illuminance < 0 lux [corrected]: month 8, day 28, hour 6, value -61.359306 
 ** WARNING ** EPW N17_direct_normal_illuminance < 0 lux [corrected]: month 8, day 28, hour 19, value -118.65541 
 ** WARNING ** EPW N17_direct_normal_illuminance < 0 lux [corrected]: month 8, day 29, hour 6, value -2.6518824 
 ** WARNING ** EPW N17_direct_normal_illuminance < 0 lux [corrected]: month 8, day 29, hour 19, value -13.84902 
 ** WARNING ** EPW N17_direct_normal_illuminance < 0 lux [corrected]: month 8, day 30, hour 6, value -54.715897 
 ** WARNING ** EPW N17_direct_normal_illuminance < 0 lux [corrected]: month 8, day 30, hour 19, value -9.301365 
 ** WARNING ** EPW N17_direct_normal_illuminance < 0 lux [corrected]: month 8, day 31, hour 6, value -8.03711 
 ** WARNING ** EPW N17_direct_normal_illuminance < 0 lux [corrected]: month 8, day 31, hour 19, value -9.361554 
 ** WARNING ** EPW N17_direct_normal_illuminance < 0 lux [corrected]: month 9, day 1, hour 6, value -27.3691 
 ** WARNING ** EPW N17_direct_normal_illuminance < 0 lux [corrected]: month 9, day 1, hour 19, value -6.55522 
 ** WARNING ** EPW N17_direct_normal_illuminance < 0 lux [corrected]: month 9, day 2, hour 6, value -5.7352824 
 ** WARNING ** EPW N17_direct_normal_illuminance < 0 lux [corrected]: month 9, day 2, hour 18, value -0.87049216 
 ** WARNING ** EPW N17_direct_normal_illuminance < 0 lux [corrected]: month 9, day 2, hour 19, value -0.69864583 
 ** WARNING ** EPW N17_direct_normal_illuminance < 0 lux [corrected]: month 9, day 3, hour 6, value -1.1007206 
 ** WARNING ** EPW N17_direct_normal_illuminance < 0 lux [corrected]: month 9, day 3, hour 19, value -39.14287 
 ** WARNING ** EPW N17_direct_normal_illuminance < 0 lux [corrected]: month 9, day 4, hour 6, value -4.744205 
 ** WARNING ** EPW N17_direct_normal_illuminance < 0 lux [corrected]: month 9, day 4, hour 19, value -23.639875 
 ** WARNING ** EPW N17_direct_normal_illuminance < 0 lux [corrected]: month 9, day 5, hour 6, value -2.9510417 
 ** WARNING ** EPW N17_direct_normal_illuminance < 0 lux [corrected]: month 9, day 5, hour 19, value -16.584953 
 ** WARNING ** EPW N17_direct_normal_illuminance < 0 lux [corrected]: month 9, day 6, hour 6, value -10.04121 
 ** WARNING ** EPW N17_direct_normal_illuminance < 0 lux [corrected]: month 9, day 6, hour 19, value -10.626672 
 ** WARNING ** EPW N17_direct_normal_illuminance < 0 lux [corrected]: month 9, day 7, hour 6, value -2.5502732 
 ** WARNING ** EPW N17_direct_normal_illuminance < 0 lux [corrected]: month 9, day 7, hour 19, value -1.199249 
 ** WARNING ** EPW N17_direct_normal_illuminance < 0 lux [corrected]: month 9, day 8, hour 6, value -1.1716074 
 ** WARNING ** EPW N17_direct_normal_illuminance < 0 lux [corrected]: month 9, day 8, hour 18, value -3.6846128 
 ** WARNING ** EPW N17_direct_normal_illuminance < 0 lux [corrected]: month 9, day 8, hour 19, value -0.26127788 
 ** WARNING ** EPW N17_direct_normal_illuminance < 0 lux [corrected]: month 9, day 9, hour 6, value -1.1527718 
 ** WARNING ** EPW N17_direct_normal_illuminance < 0 lux [corrected]: month 9, day 9, hour 19, value -0.59882516 
 ** WARNING ** EPW N17_direct_normal_illuminance < 0 lux [corrected]: month 9, day 10, hour 6, value -0.89735264 
 ** WARNING ** EPW N17_direct_normal_illuminance < 0 lux [corrected]: month 9, day 10, hour 18, value -18.71561 
 ** WARNING ** EPW N17_direct_normal_illuminance < 0 lux [corrected]: month 9, day 10, hour 19, value -0.027765017 
 ** WARNING ** EPW N17_direct_normal_illuminance < 0 lux [corrected]: month 9, day 11, hour 6, value -0.3693325 
 ** WARNING ** EPW N17_direct_normal_illuminance < 0 lux [corrected]: month 9, day 11, hour 7, value -1.7683903 
 ** WARNING ** EPW N17_direct_normal_illuminance < 0 lux [corrected]: month 9, day 11, hour 18, value -27.973806 
 ** WARNING ** EPW N17_direct_normal_illuminance < 0 lux [corrected]: month 9, day 11, hour 19, value -0.0014267723 
 ** WARNING ** EPW N17_direct_normal_illuminance < 0 lux [corrected]: month 9, day 12, hour 6, value -0.26722404 
 ** WARNING ** EPW N17_direct_normal_illuminance < 0 lux [corrected]: month 9, day 12, hour 7, value -2.5027869 
 ** WARNING ** EPW N17_direct_normal_illuminance < 0 lux [corrected]: month 9, day 12, hour 19, value -0.0017985388 
 ** WARNING ** EPW N17_direct_normal_illuminance < 0 lux [corrected]: month 9, day 13, hour 6, value -1.4103583 
 ** WARNING ** EPW N17_direct_normal_illuminance < 0 lux [corrected]: month 9, day 13, hour 19, value -0.0010609697 
 ** WARNING ** EPW N17_direct_normal_illuminance < 0 lux [corrected]: month 9, day 14, hour 6, value -0.42578053 
 ** WARNING ** EPW N17_direct_normal_illuminance < 0 lux [corrected]: month 9, day 15, hour 6, value -0.40584934 
 ** WARNING ** EPW N17_direct_normal_illuminance < 0 lux [corrected]: month 9, day 16, hour 6, value -0.07826588 
 ** WARNING ** EPW N17_direct_normal_illuminance < 0 lux [corrected]: month 9, day 17, hour 6, value -0.04062881 
 ** WARNING ** EPW N17_direct_normal_illuminance < 0 lux [corrected]: month 9, day 18, hour 6, value -0.030745456 
 ** WARNING ** EPW N17_direct_normal_illuminance < 0 lux [corrected]: month 9, day 18, hour 18, value -46.814785 
 ** WARNING ** EPW N17_direct_normal_illuminance < 0 lux [corrected]: month 9, day 19, hour 6, value -0.0016830855 
 ** WARNING ** EPW N17_direct_normal_illuminance < 0 lux [corrected]: month 9, day 19, hour 7, value -18.739285 
 ** WARNING ** EPW N17_direct_normal_illuminance < 0 lux [corrected]: month 9, day 19, hour 18, value -7.3513155 
 ** WARNING ** EPW N17_direct_normal_illuminance < 0 lux [corrected]: month 9, day 20, hour 6, value -9.881908E-4 
 ** WARNING ** EPW N17_direct_normal_illuminance < 0 lux [corrected]: month 9, day 20, hour 7, value -45.238842 
 ** WARNING ** EPW N17_direct_normal_illuminance < 0 lux [corrected]: month 9, day 20, hour 18, value -43.257515 
 ** WARNING ** EPW N17_direct_normal_illuminance < 0 lux [corrected]: month 9, day 21, hour 7, value -22.991451 
 ** WARNING ** EPW N17_direct_normal_illuminance < 0 lux [corrected]: month 9, day 22, hour 7, value -24.583345 
 ** WARNING ** EPW N17_direct_normal_illuminance < 0 lux [corrected]: month 9, day 22, hour 18, value -30.758224 
 ** WARNING ** EPW N17_direct_normal_illuminance < 0 lux [corrected]: month 9, day 23, hour 7, value -23.479023 
 ** WARNING ** EPW N17_direct_normal_illuminance < 0 lux [corrected]: month 9, day 23, hour 18, value -28.320486 
 ** WARNING ** EPW N17_direct_normal_illuminance < 0 lux [corrected]: month 9, day 24, hour 7, value -4.647246 
 ** WARNING ** EPW N17_direct_normal_illuminance < 0 lux [corrected]: month 9, day 24, hour 18, value -23.954102 
 ** WARNING ** EPW N17_direct_normal_illuminance < 0 lux [corrected]: month 9, day 25, hour 7, value -28.188898 
 ** WARNING ** EPW N17_direct_normal_illuminance < 0 lux [corrected]: month 9, day 25, hour 18, value -179.21616 
 ** WARNING ** EPW N17_direct_normal_illuminance < 0 lux [corrected]: month 9, day 26, hour 7, value -24.438894 
 ** WARNING ** EPW N17_direct_normal_illuminance < 0 lux [corrected]: month 9, day 26, hour 18, value -1.8348594 
 ** WARNING ** EPW N17_direct_normal_illuminance < 0 lux [corrected]: month 9, day 27, hour 7, value -167.2226 
 ** WARNING ** EPW N17_direct_normal_illuminance < 0 lux [corrected]: month 9, day 27, hour 18, value -97.57 
 ** WARNING ** EPW N17_direct_normal_illuminance < 0 lux [corrected]: month 9, day 28, hour 7, value -30.638933 
 ** WARNING ** EPW N17_direct_normal_illuminance < 0 lux [corrected]: month 9, day 28, hour 18, value -1.5446784 
 ** WARNING ** EPW N17_direct_normal_illuminance < 0 lux [corrected]: month 9, day 29, hour 7, value -6.137029 
 ** WARNING ** EPW N17_direct_normal_illuminance < 0 lux [corrected]: month 9, day 29, hour 17, value -2.2881558 
 ** WARNING ** EPW N17_direct_normal_illuminance < 0 lux [corrected]: month 9, day 29, hour 18, value -0.6025127 
 ** WARNING ** EPW N17_direct_normal_illuminance < 0 lux [corrected]: month 9, day 30, hour 7, value -38.02359 
 ** WARNING ** EPW N17_direct_normal_illuminance < 0 lux [corrected]: month 9, day 30, hour 17, value -1.5360891 
 ** WARNING ** EPW N17_direct_normal_illuminance < 0 lux [corrected]: month 9, day 30, hour 18, value -0.47995105 
 ** WARNING ** EPW N17_direct_normal_illuminance < 0 lux [corrected]: month 10, day 1, hour 7, value -187.77832 
 ** WARNING ** EPW N17_direct_normal_illuminance < 0 lux [corrected]: month 10, day 1, hour 18, value -67.820015 
 ** WARNING ** EPW N17_direct_normal_illuminance < 0 lux [corrected]: month 10, day 2, hour 7, value -213.67784 
 ** WARNING ** EPW N17_direct_normal_illuminance < 0 lux [corrected]: month 10, day 2, hour 18, value -3.675591 
 ** WARNING ** EPW N17_direct_normal_illuminance < 0 lux [corrected]: month 10, day 3, hour 7, value -29.684206 
 ** WARNING ** EPW N17_direct_normal_illuminance < 0 lux [corrected]: month 10, day 3, hour 18, value -1.3257155 
 ** WARNING ** EPW N17_direct_normal_illuminance < 0 lux [corrected]: month 10, day 4, hour 7, value -4.6738634 
 ** WARNING ** EPW N17_direct_normal_illuminance < 0 lux [corrected]: month 10, day 4, hour 18, value -2.7026155 
 ** WARNING ** EPW N17_direct_normal_illuminance < 0 lux [corrected]: month 10, day 5, hour 7, value -27.4249 
 ** WARNING ** EPW N17_direct_normal_illuminance < 0 lux [corrected]: month 10, day 5, hour 17, value -6.2708306 
 ** WARNING ** EPW N17_direct_normal_illuminance < 0 lux [corrected]: month 10, day 5, hour 18, value -0.032871533 
 ** WARNING ** EPW N17_direct_normal_illuminance < 0 lux [corrected]: month 10, day 6, hour 7, value -20.183834 
 ** WARNING ** EPW N17_direct_normal_illuminance < 0 lux [corrected]: month 10, day 6, hour 18, value -2.5967255 
 ** WARNING ** EPW N17_direct_normal_illuminance < 0 lux [corrected]: month 10, day 7, hour 7, value -2.6157484 
 ** WARNING ** EPW N17_direct_normal_illuminance < 0 lux [corrected]: month 10, day 7, hour 17, value -7.401258 
 ** WARNING ** EPW N17_direct_normal_illuminance < 0 lux [corrected]: month 10, day 7, hour 18, value -0.005239577 
 ** WARNING ** EPW N17_direct_normal_illuminance < 0 lux [corrected]: month 10, day 8, hour 7, value -129.66382 
 ** WARNING ** EPW N17_direct_normal_illuminance < 0 lux [corrected]: month 10, day 8, hour 18, value -0.07751772 
 ** WARNING ** EPW N17_direct_normal_illuminance < 0 lux [corrected]: month 10, day 9, hour 7, value -15.94223 
 ** WARNING ** EPW N17_direct_normal_illuminance < 0 lux [corrected]: month 10, day 9, hour 17, value -7.642018 
 ** WARNING ** EPW N17_direct_normal_illuminance < 0 lux [corrected]: month 10, day 9, hour 18, value -5.396032E-4 
 ** WARNING ** EPW N17_direct_normal_illuminance < 0 lux [corrected]: month 10, day 10, hour 7, value -2.2583122 
 ** WARNING ** EPW N17_direct_normal_illuminance < 0 lux [corrected]: month 10, day 10, hour 17, value -7.357943 
 ** WARNING ** EPW N17_direct_normal_illuminance < 0 lux [corrected]: month 10, day 11, hour 7, value -62.01407 
 ** WARNING ** EPW N17_direct_normal_illuminance < 0 lux [corrected]: month 10, day 12, hour 7, value -66.65887 
 ** WARNING ** EPW N17_direct_normal_illuminance < 0 lux [corrected]: month 10, day 13, hour 7, value -19.22476 
 ** WARNING ** EPW N17_direct_normal_illuminance < 0 lux [corrected]: month 10, day 14, hour 7, value -43.346428 
 ** WARNING ** EPW N17_direct_normal_illuminance < 0 lux [corrected]: month 10, day 14, hour 17, value -9.539671 
 ** WARNING ** EPW N17_direct_normal_illuminance < 0 lux [corrected]: month 10, day 15, hour 7, value -11.630846 
 ** WARNING ** EPW N17_direct_normal_illuminance < 0 lux [corrected]: month 10, day 15, hour 17, value -9.509533 
 ** WARNING ** EPW N17_direct_normal_illuminance < 0 lux [corrected]: month 10, day 16, hour 7, value -11.1351795 
 ** WARNING ** EPW N17_direct_normal_illuminance < 0 lux [corrected]: month 10, day 16, hour 17, value -11.444586 
 ** WARNING ** EPW N17_direct_normal_illuminance < 0 lux [corrected]: month 10, day 17, hour 7, value -14.244203 
 ** WARNING ** EPW N17_direct_normal_illuminance < 0 lux [corrected]: month 10, day 18, hour 7, value -7.3753138 
 ** WARNING ** EPW N17_direct_normal_illuminance < 0 lux [corrected]: month 10, day 18, hour 17, value -66.396736 
 ** WARNING ** EPW N17_direct_normal_illuminance < 0 lux [corrected]: month 10, day 19, hour 7, value -6.9592314 
 ** WARNING ** EPW N17_direct_normal_illuminance < 0 lux [corrected]: month 10, day 19, hour 17, value -61.58598 
 ** WARNING ** EPW N17_direct_normal_illuminance < 0 lux [corrected]: month 10, day 20, hour 7, value -0.61130905 
 ** WARNING ** EPW N17_direct_normal_illuminance < 0 lux [corrected]: month 10, day 20, hour 8, value -19.594032 
 ** WARNING ** EPW N17_direct_normal_illuminance < 0 lux [corrected]: month 10, day 20, hour 17, value -7.0528994 
 ** WARNING ** EPW N17_direct_normal_illuminance < 0 lux [corrected]: month 10, day 21, hour 7, value -0.43192825 
 ** WARNING ** EPW N17_direct_normal_illuminance < 0 lux [corrected]: month 10, day 21, hour 8, value -25.092773 
 ** WARNING ** EPW N17_direct_normal_illuminance < 0 lux [corrected]: month 10, day 21, hour 17, value -124.88108 
 ** WARNING ** EPW N17_direct_normal_illuminance < 0 lux [corrected]: month 10, day 22, hour 7, value -0.2813999 
 ** WARNING ** EPW N17_direct_normal_illuminance < 0 lux [corrected]: month 10, day 23, hour 7, value -0.036249924 
 ** WARNING ** EPW N17_direct_normal_illuminance < 0 lux [corrected]: month 10, day 23, hour 8, value -28.744478 
 ** WARNING ** EPW N17_direct_normal_illuminance < 0 lux [corrected]: month 10, day 23, hour 17, value -3.6694148 
 ** WARNING ** EPW N17_direct_normal_illuminance < 0 lux [corrected]: month 10, day 24, hour 7, value -0.094886534 
 ** WARNING ** EPW N17_direct_normal_illuminance < 0 lux [corrected]: month 10, day 25, hour 7, value -0.012893876 
 ** WARNING ** EPW N17_direct_normal_illuminance < 0 lux [corrected]: month 10, day 26, hour 8, value -8.00407 
 ** WARNING ** EPW N17_direct_normal_illuminance < 0 lux [corrected]: month 10, day 26, hour 16, value -1.159966 
 ** WARNING ** EPW N17_direct_normal_illuminance < 0 lux [corrected]: month 10, day 26, hour 17, value -2.0906813 
 ** WARNING ** EPW N17_direct_normal_illuminance < 0 lux [corrected]: month 10, day 27, hour 8, value -10.087588 
 ** WARNING ** EPW N17_direct_normal_illuminance < 0 lux [corrected]: month 10, day 27, hour 16, value -3.3806193 
 ** WARNING ** EPW N17_direct_normal_illuminance < 0 lux [corrected]: month 10, day 27, hour 17, value -14.330416 
 ** WARNING ** EPW N17_direct_normal_illuminance < 0 lux [corrected]: month 10, day 28, hour 17, value -157.17755 
 ** WARNING ** EPW N17_direct_normal_illuminance < 0 lux [corrected]: month 10, day 29, hour 17, value -8.221499 
 ** WARNING ** EPW N17_direct_normal_illuminance < 0 lux [corrected]: month 10, day 30, hour 8, value -10.458167 
 ** WARNING ** EPW N17_direct_normal_illuminance < 0 lux [corrected]: month 10, day 30, hour 16, value -5.054666 
 ** WARNING ** EPW N17_direct_normal_illuminance < 0 lux [corrected]: month 10, day 30, hour 17, value -0.54297394 
 ** WARNING ** EPW N17_direct_normal_illuminance < 0 lux [corrected]: month 10, day 31, hour 8, value -10.192794 
 ** WARNING ** EPW N17_direct_normal_illuminance < 0 lux [corrected]: month 10, day 31, hour 16, value -6.3856544 
 ** WARNING ** EPW N17_direct_normal_illuminance < 0 lux [corrected]: month 10, day 31, hour 17, value -0.4248556 
 ** WARNING ** EPW N17_direct_normal_illuminance < 0 lux [corrected]: month 11, day 1, hour 8, value -66.13643 
 ** WARNING ** EPW N17_direct_normal_illuminance < 0 lux [corrected]: month 11, day 1, hour 16, value -1.6360073 
 ** WARNING ** EPW N17_direct_normal_illuminance < 0 lux [corrected]: month 11, day 1, hour 17, value -1.6971232 
 ** WARNING ** EPW N17_direct_normal_illuminance < 0 lux [corrected]: month 11, day 2, hour 16, value -0.19890687 
 ** WARNING ** EPW N17_direct_normal_illuminance < 0 lux [corrected]: month 11, day 2, hour 17, value -21.802994 
 ** WARNING ** EPW N17_direct_normal_illuminance < 0 lux [corrected]: month 11, day 3, hour 17, value -9.6689005 
 ** WARNING ** EPW N17_direct_normal_illuminance < 0 lux [corrected]: month 11, day 4, hour 17, value -9.551257 
 ** WARNING ** EPW N17_direct_normal_illuminance < 0 lux [corrected]: month 11, day 5, hour 17, value -4.716891 
 ** WARNING ** EPW N17_direct_normal_illuminance < 0 lux [corrected]: month 11, day 6, hour 17, value -0.04434448 
 ** WARNING ** EPW N17_direct_normal_illuminance < 0 lux [corrected]: month 11, day 7, hour 8, value -52.359516 
 ** WARNING ** EPW N17_direct_normal_illuminance < 0 lux [corrected]: month 11, day 7, hour 16, value -74.45671 
 ** WARNING ** EPW N17_direct_normal_illuminance < 0 lux [corrected]: month 11, day 7, hour 17, value -0.020503145 
 ** WARNING ** EPW N17_direct_normal_illuminance < 0 lux [corrected]: month 11, day 8, hour 8, value -52.72297 
 ** WARNING ** EPW N17_direct_normal_illuminance < 0 lux [corrected]: month 11, day 8, hour 16, value -96.333115 
 ** WARNING ** EPW N17_direct_normal_illuminance < 0 lux [corrected]: month 11, day 8, hour 17, value -0.01588344 
 ** WARNING ** EPW N17_direct_normal_illuminance < 0 lux [corrected]: month 11, day 9, hour 8, value -55.617775 
 ** WARNING ** EPW N17_direct_normal_illuminance < 0 lux [corrected]: month 11, day 9, hour 16, value -101.01054 
 ** WARNING ** EPW N17_direct_normal_illuminance < 0 lux [corrected]: month 11, day 10, hour 8, value -17.714512 
 ** WARNING ** EPW N17_direct_normal_illuminance < 0 lux [corrected]: month 11, day 10, hour 16, value -13.239681 
 ** WARNING ** EPW N17_direct_normal_illuminance < 0 lux [corrected]: month 11, day 11, hour 8, value -34.207542 
 ** WARNING ** EPW N17_direct_normal_illuminance < 0 lux [corrected]: month 11, day 11, hour 9, value -2.049686 
 ** WARNING ** EPW N17_direct_normal_illuminance < 0 lux [corrected]: month 11, day 11, hour 16, value -120.18508 
 ** WARNING ** EPW N17_direct_normal_illuminance < 0 lux [corrected]: month 11, day 12, hour 8, value -25.132935 
 ** WARNING ** EPW N17_direct_normal_illuminance < 0 lux [corrected]: month 11, day 12, hour 16, value -125.94703 
 ** WARNING ** EPW N17_direct_normal_illuminance < 0 lux [corrected]: month 11, day 13, hour 8, value -29.526995 
 ** WARNING ** EPW N17_direct_normal_illuminance < 0 lux [corrected]: month 11, day 13, hour 16, value -133.4493 
 ** WARNING ** EPW N17_direct_normal_illuminance < 0 lux [corrected]: month 11, day 14, hour 8, value -2.9226778 
 ** WARNING ** EPW N17_direct_normal_illuminance < 0 lux [corrected]: month 11, day 14, hour 9, value -4.0764437 
 ** WARNING ** EPW N17_direct_normal_illuminance < 0 lux [corrected]: month 11, day 14, hour 16, value -141.73528 
 ** WARNING ** EPW N17_direct_normal_illuminance < 0 lux [corrected]: month 11, day 15, hour 8, value -19.65255 
 ** WARNING ** EPW N17_direct_normal_illuminance < 0 lux [corrected]: month 11, day 15, hour 16, value -132.82864 
 ** WARNING ** EPW N17_direct_normal_illuminance < 0 lux [corrected]: month 11, day 16, hour 8, value -30.50957 
 ** WARNING ** EPW N17_direct_normal_illuminance < 0 lux [corrected]: month 11, day 16, hour 16, value -15.542429 
 ** WARNING ** EPW N17_direct_normal_illuminance < 0 lux [corrected]: month 11, day 17, hour 8, value -7.643686 
 ** WARNING ** EPW N17_direct_normal_illuminance < 0 lux [corrected]: month 11, day 18, hour 8, value -97.90611 
 ** WARNING ** EPW N17_direct_normal_illuminance < 0 lux [corrected]: month 11, day 19, hour 8, value -38.480736 
 ** WARNING ** EPW N17_direct_normal_illuminance < 0 lux [corrected]: month 11, day 20, hour 8, value -39.96396 
 ** WARNING ** EPW N17_direct_normal_illuminance < 0 lux [corrected]: month 11, day 20, hour 16, value -182.95764 
 ** WARNING ** EPW N17_direct_normal_illuminance < 0 lux [corrected]: month 11, day 21, hour 8, value -3.1577003 
 ** WARNING ** EPW N17_direct_normal_illuminance < 0 lux [corrected]: month 11, day 21, hour 9, value -29.614344 
 ** WARNING ** EPW N17_direct_normal_illuminance < 0 lux [corrected]: month 11, day 21, hour 16, value -169.07808 
 ** WARNING ** EPW N17_direct_normal_illuminance < 0 lux [corrected]: month 11, day 22, hour 8, value -1.0955362 
 ** WARNING ** EPW N17_direct_normal_illuminance < 0 lux [corrected]: month 11, day 22, hour 9, value -55.831596 
 ** WARNING ** EPW N17_direct_normal_illuminance < 0 lux [corrected]: month 11, day 22, hour 16, value -154.91971 
 ** WARNING ** EPW N17_direct_normal_illuminance < 0 lux [corrected]: month 11, day 23, hour 8, value -1.0673513 
 ** WARNING ** EPW N17_direct_normal_illuminance < 0 lux [corrected]: month 11, day 23, hour 9, value -52.020626 
 ** WARNING ** EPW N17_direct_normal_illuminance < 0 lux [corrected]: month 11, day 23, hour 15, value -0.041563567 
 ** WARNING ** EPW N17_direct_normal_illuminance < 0 lux [corrected]: month 11, day 23, hour 16, value -166.45839 
 ** WARNING ** EPW N17_direct_normal_illuminance < 0 lux [corrected]: month 11, day 24, hour 8, value -0.2305897 
 ** WARNING ** EPW N17_direct_normal_illuminance < 0 lux [corrected]: month 11, day 24, hour 9, value -70.52803 
 ** WARNING ** EPW N17_direct_normal_illuminance < 0 lux [corrected]: month 11, day 24, hour 16, value -14.947718 
 ** WARNING ** EPW N17_direct_normal_illuminance < 0 lux [corrected]: month 11, day 25, hour 8, value -0.14100747 
 ** WARNING ** EPW N17_direct_normal_illuminance < 0 lux [corrected]: month 11, day 25, hour 9, value -79.34453 
 ** WARNING ** EPW N17_direct_normal_illuminance < 0 lux [corrected]: month 11, day 25, hour 16, value -158.81862 
 ** WARNING ** EPW N17_direct_normal_illuminance < 0 lux [corrected]: month 11, day 26, hour 8, value -0.018930692 
 ** WARNING ** EPW N17_direct_normal_illuminance < 0 lux [corrected]: month 11, day 26, hour 9, value -10.971518 
 ** WARNING ** EPW N17_direct_normal_illuminance < 0 lux [corrected]: month 11, day 27, hour 8, value -0.008313796 
 ** WARNING ** EPW N17_direct_normal_illuminance < 0 lux [corrected]: month 11, day 27, hour 9, value -89.097374 
 ** WARNING ** EPW N17_direct_normal_illuminance < 0 lux [corrected]: month 11, day 28, hour 8, value -0.00501049 
 ** WARNING ** EPW N17_direct_normal_illuminance < 0 lux [corrected]: month 11, day 28, hour 9, value -91.095245 
 ** WARNING ** EPW N17_direct_normal_illuminance < 0 lux [corrected]: month 11, day 28, hour 16, value -110.42677 
 ** WARNING ** EPW N17_direct_normal_illuminance < 0 lux [corrected]: month 11, day 29, hour 9, value -93.543045 
 ** WARNING ** EPW N17_direct_normal_illuminance < 0 lux [corrected]: month 11, day 29, hour 16, value -107.72472 
 ** WARNING ** EPW N17_direct_normal_illuminance < 0 lux [corrected]: month 11, day 30, hour 9, value -11.187698 
 ** WARNING ** EPW N17_direct_normal_illuminance < 0 lux [corrected]: month 11, day 30, hour 16, value -106.1576 
 ** WARNING ** EPW N17_direct_normal_illuminance < 0 lux [corrected]: month 12, day 1, hour 8, value -0.0026703689 
 ** WARNING ** EPW N17_direct_normal_illuminance < 0 lux [corrected]: month 12, day 2, hour 8, value -0.0011964942 
 ** WARNING ** EPW N17_direct_normal_illuminance < 0 lux [corrected]: month 12, day 2, hour 9, value -117.3946 
 ** WARNING ** EPW N17_direct_normal_illuminance < 0 lux [corrected]: month 12, day 3, hour 8, value -6.7749404E-4 
 ** WARNING ** EPW N17_direct_normal_illuminance < 0 lux [corrected]: month 12, day 3, hour 9, value -116.823364 
 ** WARNING ** EPW N17_direct_normal_illuminance < 0 lux [corrected]: month 12, day 5, hour 16, value -36.721203 
 ** WARNING ** EPW N17_direct_normal_illuminance < 0 lux [corrected]: month 12, day 6, hour 9, value -38.414932 
 ** WARNING ** EPW N8_relative_humidity > 110 % [corrected]: month 12, day 7, hour 8, value 110.3422 
 ** WARNING ** EPW N17_direct_normal_illuminance < 0 lux [corrected]: month 12, day 7, hour 16, value -118.037 
 ** WARNING ** EPW N17_direct_normal_illuminance < 0 lux [corrected]: month 12, day 8, hour 9, value -8.863713 
 ** WARNING ** EPW N17_direct_normal_illuminance < 0 lux [corrected]: month 12, day 8, hour 10, value -0.08016432 
 ** WARNING ** EPW N17_direct_normal_illuminance < 0 lux [corrected]: month 12, day 8, hour 15, value -6.4860835 
 ** WARNING ** EPW N17_direct_normal_illuminance < 0 lux [corrected]: month 12, day 8, hour 16, value -2.7904692 
 ** WARNING ** EPW N17_direct_normal_illuminance < 0 lux [corrected]: month 12, day 9, hour 9, value -179.76575 
 ** WARNING ** EPW N17_direct_normal_illuminance < 0 lux [corrected]: month 12, day 9, hour 15, value -6.291126 
 ** WARNING ** EPW N17_direct_normal_illuminance < 0 lux [corrected]: month 12, day 9, hour 16, value -2.8326728 
 ** WARNING ** EPW N17_direct_normal_illuminance < 0 lux [corrected]: month 12, day 10, hour 9, value -42.228065 
 ** WARNING ** EPW N17_direct_normal_illuminance < 0 lux [corrected]: month 12, day 10, hour 16, value -28.68886 
 ** WARNING ** EPW N8_relative_humidity > 110 % [corrected]: month 12, day 11, hour 9, value 110.010376 
 ** WARNING ** EPW N17_direct_normal_illuminance < 0 lux [corrected]: month 12, day 11, hour 9, value -45.254627 
 ** WARNING ** EPW N17_direct_normal_illuminance < 0 lux [corrected]: month 12, day 11, hour 16, value -29.730846 
 ** WARNING ** EPW N17_direct_normal_illuminance < 0 lux [corrected]: month 12, day 12, hour 9, value -8.516486 
 ** WARNING ** EPW N17_direct_normal_illuminance < 0 lux [corrected]: month 12, day 12, hour 10, value -0.14284895 
 ** WARNING ** EPW N17_direct_normal_illuminance < 0 lux [corrected]: month 12, day 12, hour 15, value -5.914427 
 ** WARNING ** EPW N17_direct_normal_illuminance < 0 lux [corrected]: month 12, day 12, hour 16, value -31.13615 
 ** WARNING ** EPW N17_direct_normal_illuminance < 0 lux [corrected]: month 12, day 13, hour 9, value -179.72906 
 ** WARNING ** EPW N17_direct_normal_illuminance < 0 lux [corrected]: month 12, day 13, hour 15, value -8.425701 
 ** WARNING ** EPW N17_direct_normal_illuminance < 0 lux [corrected]: month 12, day 13, hour 16, value -32.154922 
 ** WARNING ** EPW N17_direct_normal_illuminance < 0 lux [corrected]: month 12, day 14, hour 9, value -52.123592 
 ** WARNING ** EPW N17_direct_normal_illuminance < 0 lux [corrected]: month 12, day 14, hour 15, value -5.906653 
 ** WARNING ** EPW N17_direct_normal_illuminance < 0 lux [corrected]: month 12, day 14, hour 16, value -2.935445 
 ** WARNING ** EPW N17_direct_normal_illuminance < 0 lux [corrected]: month 12, day 15, hour 9, value -7.568055 
 ** WARNING ** EPW N17_direct_normal_illuminance < 0 lux [corrected]: month 12, day 15, hour 10, value -1.4823132 
 ** WARNING ** EPW N17_direct_normal_illuminance < 0 lux [corrected]: month 12, day 16, hour 9, value -112.79578 
 ** WARNING ** EPW N17_direct_normal_illuminance < 0 lux [corrected]: month 12, day 16, hour 15, value -10.656133 
 ** WARNING ** EPW N17_direct_normal_illuminance < 0 lux [corrected]: month 12, day 16, hour 16, value -31.88855 
 ** WARNING ** EPW N17_direct_normal_illuminance < 0 lux [corrected]: month 12, day 17, hour 9, value -8.349645 
 ** WARNING ** EPW N17_direct_normal_illuminance < 0 lux [corrected]: month 12, day 17, hour 10, value -1.7190931 
 ** WARNING ** EPW N17_direct_normal_illuminance < 0 lux [corrected]: month 12, day 18, hour 9, value -8.058669 
 ** WARNING ** EPW N17_direct_normal_illuminance < 0 lux [corrected]: month 12, day 18, hour 15, value -5.526234 
 ** WARNING ** EPW N17_direct_normal_illuminance < 0 lux [corrected]: month 12, day 18, hour 16, value -2.866072 
 ** WARNING ** EPW N17_direct_normal_illuminance < 0 lux [corrected]: month 12, day 19, hour 9, value -44.133404 
 ** WARNING ** EPW N17_direct_normal_illuminance < 0 lux [corrected]: month 12, day 19, hour 15, value -6.4527664 
 ** WARNING ** EPW N17_direct_normal_illuminance < 0 lux [corrected]: month 12, day 19, hour 16, value -29.326382 
 ** WARNING ** EPW N17_direct_normal_illuminance < 0 lux [corrected]: month 12, day 20, hour 9, value -8.308784 
 ** WARNING ** EPW N17_direct_normal_illuminance < 0 lux [corrected]: month 12, day 20, hour 10, value -2.3723054 
 ** WARNING ** EPW N17_direct_normal_illuminance < 0 lux [corrected]: month 12, day 20, hour 15, value -10.860185 
 ** WARNING ** EPW N17_direct_normal_illuminance < 0 lux [corrected]: month 12, day 20, hour 16, value -31.550465 
 ** WARNING ** EPW N17_direct_normal_illuminance < 0 lux [corrected]: month 12, day 21, hour 9, value -44.68396 
 ** WARNING ** EPW N17_direct_normal_illuminance < 0 lux [corrected]: month 12, day 21, hour 15, value -7.6021543 
 ** WARNING ** EPW N17_direct_normal_illuminance < 0 lux [corrected]: month 12, day 21, hour 16, value -43.119385 
 ** WARNING ** EPW N17_direct_normal_illuminance < 0 lux [corrected]: month 12, day 22, hour 9, value -8.273156 
 ** WARNING ** EPW N17_direct_normal_illuminance < 0 lux [corrected]: month 12, day 22, hour 10, value -2.7100346 
 ** WARNING ** EPW N17_direct_normal_illuminance < 0 lux [corrected]: month 12, day 22, hour 15, value -7.0619526 
 ** WARNING ** EPW N17_direct_normal_illuminance < 0 lux [corrected]: month 12, day 23, hour 9, value -36.44889 
 ** WARNING ** EPW N17_direct_normal_illuminance < 0 lux [corrected]: month 12, day 23, hour 15, value -14.232914 
 ** WARNING ** EPW N17_direct_normal_illuminance < 0 lux [corrected]: month 12, day 23, hour 16, value -3.2797592 
 ** WARNING ** EPW N17_direct_normal_illuminance < 0 lux [corrected]: month 12, day 24, hour 9, value -8.125061 
 ** WARNING ** EPW N17_direct_normal_illuminance < 0 lux [corrected]: month 12, day 24, hour 10, value -2.985277 
 ** WARNING ** EPW N17_direct_normal_illuminance < 0 lux [corrected]: month 12, day 24, hour 15, value -6.5327654 
 ** WARNING ** EPW N17_direct_normal_illuminance < 0 lux [corrected]: month 12, day 24, hour 16, value -6.087492 
 ** WARNING ** EPW N17_direct_normal_illuminance < 0 lux [corrected]: month 12, day 25, hour 9, value -8.299061 
 ** WARNING ** EPW N17_direct_normal_illuminance < 0 lux [corrected]: month 12, day 25, hour 15, value -8.635371 
 ** WARNING ** EPW N17_direct_normal_illuminance < 0 lux [corrected]: month 12, day 25, hour 16, value -41.310387 
 ** WARNING ** EPW N17_direct_normal_illuminance < 0 lux [corrected]: month 12, day 27, hour 9, value -5.082129 
 ** WARNING ** EPW N17_direct_normal_illuminance < 0 lux [corrected]: month 12, day 27, hour 10, value -3.2728548 
 ** WARNING ** EPW N17_direct_normal_illuminance < 0 lux [corrected]: month 12, day 27, hour 15, value -3.6622136 
 ** WARNING ** EPW N17_direct_normal_illuminance < 0 lux [corrected]: month 12, day 27, hour 16, value -58.97308 
 ** WARNING ** EPW N17_direct_normal_illuminance < 0 lux [corrected]: month 12, day 28, hour 9, value -5.1373954 
 ** WARNING ** EPW N17_direct_normal_illuminance < 0 lux [corrected]: month 12, day 28, hour 10, value -3.2242558 
 ** WARNING ** EPW N17_direct_normal_illuminance < 0 lux [corrected]: month 12, day 28, hour 16, value -164.32823 
 ** WARNING ** EPW N17_direct_normal_illuminance < 0 lux [corrected]: month 12, day 29, hour 9, value -5.0121603 
 ** WARNING ** EPW N17_direct_normal_illuminance < 0 lux [corrected]: month 12, day 29, hour 10, value -2.6677306 
 ** WARNING ** EPW N17_direct_normal_illuminance < 0 lux [corrected]: month 12, day 29, hour 15, value -4.855388 
 ** WARNING ** EPW N17_direct_normal_illuminance < 0 lux [corrected]: month 12, day 29, hour 16, value -50.99216 
 ** WARNING ** EPW N17_direct_normal_illuminance < 0 lux [corrected]: month 12, day 30, hour 9, value -146.1743 
 ** WARNING ** EPW N17_direct_normal_illuminance < 0 lux [corrected]: month 12, day 31, hour 9, value -35.65815 
 ** WARNING ** EPW N17_direct_normal_illuminance < 0 lux [corrected]: month 12, day 31, hour 10, value -2.1124153 
 ** WARNING ** EPW N17_direct_normal_illuminance < 0 lux [corrected]: month 12, day 31, hour 16, value -63.566036 
