#############################################################
#################### ERRORS AND WARNINGS ####################
#############################################################

 ** WARNING ** EPW Solar hour adjustment for the month of Jan: 55 [min] and N13 (GHR) shift: 0 [h].
 ** WARNING ** EPW Solar hour adjustment for the month of Feb: 63 [min] and N13 (GHR) shift: 0 [h].
 ** WARNING ** EPW Solar hour adjustment for the month of Mar: 57 [min] and N13 (GHR) shift: 0 [h].
 ** WARNING ** EPW Solar hour adjustment for the month of Apr: 57 [min] and N13 (GHR) shift: 0 [h].
 ** WARNING ** EPW Solar hour adjustment for the month of May: 56 [min] and N13 (GHR) shift: 0 [h].
 ** WARNING ** EPW Solar hour adjustment for the month of Jun: 55 [min] and N13 (GHR) shift: 0 [h].
 ** WARNING ** EPW Solar hour adjustment for the month of Jul: 57 [min] and N13 (GHR) shift: 0 [h].
 ** WARNING ** EPW Solar hour adjustment for the month of Aug: 58 [min] and N13 (GHR) shift: 0 [h].
 ** WARNING ** EPW Solar hour adjustment for the month of Sep: 57 [min] and N13 (GHR) shift: 0 [h].
 ** WARNING ** EPW Solar hour adjustment for the month of Oct: 59 [min] and N13 (GHR) shift: 0 [h].
 ** WARNING ** EPW Solar hour adjustment for the month of Nov: 58 [min] and N13 (GHR) shift: 0 [h].
 ** WARNING ** EPW Solar hour adjustment for the month of Dec: 54 [min] and N13 (GHR) shift: 0 [h].

 ** WARNING ** EPW N17_direct_normal_illuminance < 0 lux [corrected]: month 1, day 1, hour 16, value -13.343814 
 ** WARNING ** EPW N17_direct_normal_illuminance < 0 lux [corrected]: month 1, day 2, hour 9, value -58.40131 
 ** WARNING ** EPW N17_direct_normal_illuminance < 0 lux [corrected]: month 1, day 2, hour 10, value -3.623957 
 ** WARNING ** EPW N17_direct_normal_illuminance < 0 lux [corrected]: month 1, day 2, hour 16, value -143.66302 
 ** WARNING ** EPW N17_direct_normal_illuminance < 0 lux [corrected]: month 1, day 3, hour 9, value -68.72738 
 ** WARNING ** EPW N17_direct_normal_illuminance < 0 lux [corrected]: month 1, day 3, hour 16, value -162.29192 
 ** WARNING ** EPW N17_direct_normal_illuminance < 0 lux [corrected]: month 1, day 5, hour 9, value -10.72627 
 ** WARNING ** EPW N17_direct_normal_illuminance < 0 lux [corrected]: month 1, day 6, hour 15, value -0.86623996 
 ** WARNING ** EPW N17_direct_normal_illuminance < 0 lux [corrected]: month 1, day 6, hour 16, value -196.9773 
 ** WARNING ** EPW N17_direct_normal_illuminance < 0 lux [corrected]: month 1, day 7, hour 16, value -207.86714 
 ** WARNING ** EPW N17_direct_normal_illuminance < 0 lux [corrected]: month 1, day 8, hour 9, value -77.06436 
 ** WARNING ** EPW N17_direct_normal_illuminance < 0 lux [corrected]: month 1, day 8, hour 10, value -1.4282969 
 ** WARNING ** EPW N17_direct_normal_illuminance < 0 lux [corrected]: month 1, day 8, hour 15, value -0.7520135 
 ** WARNING ** EPW N17_direct_normal_illuminance < 0 lux [corrected]: month 1, day 8, hour 16, value -24.479082 
 ** WARNING ** EPW N17_direct_normal_illuminance < 0 lux [corrected]: month 1, day 9, hour 9, value -78.744865 
 ** WARNING ** EPW N17_direct_normal_illuminance < 0 lux [corrected]: month 1, day 9, hour 16, value -207.42752 
 ** WARNING ** EPW N17_direct_normal_illuminance < 0 lux [corrected]: month 1, day 10, hour 9, value -71.917046 
 ** WARNING ** EPW N17_direct_normal_illuminance < 0 lux [corrected]: month 1, day 10, hour 16, value -187.7038 
 ** WARNING ** EPW N17_direct_normal_illuminance < 0 lux [corrected]: month 1, day 11, hour 9, value -73.347115 
 ** WARNING ** EPW N17_direct_normal_illuminance < 0 lux [corrected]: month 1, day 12, hour 9, value -85.616264 
 ** WARNING ** EPW N17_direct_normal_illuminance < 0 lux [corrected]: month 1, day 17, hour 9, value -79.76644 
 ** WARNING ** EPW N17_direct_normal_illuminance < 0 lux [corrected]: month 1, day 17, hour 16, value -14.533912 
 ** WARNING ** EPW N17_direct_normal_illuminance < 0 lux [corrected]: month 1, day 18, hour 9, value -12.989925 
 ** WARNING ** EPW N17_direct_normal_illuminance < 0 lux [corrected]: month 1, day 18, hour 16, value -128.50465 
 ** WARNING ** EPW N17_direct_normal_illuminance < 0 lux [corrected]: month 1, day 18, hour 17, value -0.0034476803 
 ** WARNING ** EPW N17_direct_normal_illuminance < 0 lux [corrected]: month 1, day 19, hour 17, value -0.6779469 
 ** WARNING ** EPW N17_direct_normal_illuminance < 0 lux [corrected]: month 1, day 20, hour 9, value -10.957339 
 ** WARNING ** EPW N17_direct_normal_illuminance < 0 lux [corrected]: month 1, day 20, hour 16, value -106.509895 
 ** WARNING ** EPW N17_direct_normal_illuminance < 0 lux [corrected]: month 1, day 20, hour 17, value -0.030573351 
 ** WARNING ** EPW N17_direct_normal_illuminance < 0 lux [corrected]: month 1, day 21, hour 17, value -0.7255852 
 ** WARNING ** EPW N17_direct_normal_illuminance < 0 lux [corrected]: month 1, day 22, hour 9, value -163.9964 
 ** WARNING ** EPW N17_direct_normal_illuminance < 0 lux [corrected]: month 1, day 22, hour 16, value -12.27413 
 ** WARNING ** EPW N17_direct_normal_illuminance < 0 lux [corrected]: month 1, day 22, hour 17, value -0.29204094 
 ** WARNING ** EPW N17_direct_normal_illuminance < 0 lux [corrected]: month 1, day 23, hour 9, value -62.61603 
 ** WARNING ** EPW N17_direct_normal_illuminance < 0 lux [corrected]: month 1, day 23, hour 16, value -55.165573 
 ** WARNING ** EPW N17_direct_normal_illuminance < 0 lux [corrected]: month 1, day 23, hour 17, value -1.2972307 
 ** WARNING ** EPW N17_direct_normal_illuminance < 0 lux [corrected]: month 1, day 24, hour 9, value -59.353855 
 ** WARNING ** EPW N17_direct_normal_illuminance < 0 lux [corrected]: month 1, day 24, hour 16, value -37.729576 
 ** WARNING ** EPW N17_direct_normal_illuminance < 0 lux [corrected]: month 1, day 24, hour 17, value -0.14487231 
 ** WARNING ** EPW N17_direct_normal_illuminance < 0 lux [corrected]: month 1, day 25, hour 9, value -8.02294 
 ** WARNING ** EPW N17_direct_normal_illuminance < 0 lux [corrected]: month 1, day 25, hour 16, value -8.730271 
 ** WARNING ** EPW N17_direct_normal_illuminance < 0 lux [corrected]: month 1, day 25, hour 17, value -0.22030194 
 ** WARNING ** EPW N17_direct_normal_illuminance < 0 lux [corrected]: month 1, day 26, hour 9, value -8.747331 
 ** WARNING ** EPW N17_direct_normal_illuminance < 0 lux [corrected]: month 1, day 26, hour 16, value -7.8010635 
 ** WARNING ** EPW N17_direct_normal_illuminance < 0 lux [corrected]: month 1, day 26, hour 17, value -0.3215347 
 ** WARNING ** EPW N17_direct_normal_illuminance < 0 lux [corrected]: month 1, day 27, hour 9, value -7.9560385 
 ** WARNING ** EPW N17_direct_normal_illuminance < 0 lux [corrected]: month 1, day 27, hour 17, value -8.084814 
 ** WARNING ** EPW N17_direct_normal_illuminance < 0 lux [corrected]: month 1, day 28, hour 9, value -8.181632 
 ** WARNING ** EPW N17_direct_normal_illuminance < 0 lux [corrected]: month 1, day 28, hour 16, value -5.8352447 
 ** WARNING ** EPW N17_direct_normal_illuminance < 0 lux [corrected]: month 1, day 28, hour 17, value -1.2492229 
 ** WARNING ** EPW N17_direct_normal_illuminance < 0 lux [corrected]: month 1, day 29, hour 9, value -7.126707 
 ** WARNING ** EPW N17_direct_normal_illuminance < 0 lux [corrected]: month 1, day 29, hour 16, value -4.8139195 
 ** WARNING ** EPW N17_direct_normal_illuminance < 0 lux [corrected]: month 1, day 29, hour 17, value -1.2093078 
 ** WARNING ** EPW N17_direct_normal_illuminance < 0 lux [corrected]: month 1, day 30, hour 9, value -7.271739 
 ** WARNING ** EPW N17_direct_normal_illuminance < 0 lux [corrected]: month 1, day 30, hour 16, value -3.799655 
 ** WARNING ** EPW N17_direct_normal_illuminance < 0 lux [corrected]: month 1, day 30, hour 17, value -1.4156686 
 ** WARNING ** EPW N17_direct_normal_illuminance < 0 lux [corrected]: month 1, day 31, hour 9, value -6.36963 
 ** WARNING ** EPW N17_direct_normal_illuminance < 0 lux [corrected]: month 1, day 31, hour 17, value -26.566725 
 ** WARNING ** EPW N17_direct_normal_illuminance < 0 lux [corrected]: month 2, day 1, hour 9, value -9.642475 
 ** WARNING ** EPW N17_direct_normal_illuminance < 0 lux [corrected]: month 2, day 1, hour 16, value -1.1204137 
 ** WARNING ** EPW N17_direct_normal_illuminance < 0 lux [corrected]: month 2, day 1, hour 17, value -18.733738 
 ** WARNING ** EPW N17_direct_normal_illuminance < 0 lux [corrected]: month 2, day 2, hour 8, value -0.006219512 
 ** WARNING ** EPW N17_direct_normal_illuminance < 0 lux [corrected]: month 2, day 2, hour 9, value -58.38156 
 ** WARNING ** EPW N17_direct_normal_illuminance < 0 lux [corrected]: month 2, day 2, hour 17, value -154.15884 
 ** WARNING ** EPW N17_direct_normal_illuminance < 0 lux [corrected]: month 2, day 3, hour 8, value -0.0010046576 
 ** WARNING ** EPW N17_direct_normal_illuminance < 0 lux [corrected]: month 2, day 3, hour 9, value -8.593692 
 ** WARNING ** EPW N17_direct_normal_illuminance < 0 lux [corrected]: month 2, day 3, hour 17, value -30.291521 
 ** WARNING ** EPW N17_direct_normal_illuminance < 0 lux [corrected]: month 2, day 4, hour 8, value -0.025980609 
 ** WARNING ** EPW N17_direct_normal_illuminance < 0 lux [corrected]: month 2, day 4, hour 9, value -52.247086 
 ** WARNING ** EPW N17_direct_normal_illuminance < 0 lux [corrected]: month 2, day 4, hour 17, value -26.02097 
 ** WARNING ** EPW N17_direct_normal_illuminance < 0 lux [corrected]: month 2, day 5, hour 8, value -0.86016506 
 ** WARNING ** EPW N17_direct_normal_illuminance < 0 lux [corrected]: month 2, day 5, hour 17, value -147.24515 
 ** WARNING ** EPW N17_direct_normal_illuminance < 0 lux [corrected]: month 2, day 6, hour 8, value -0.7601299 
 ** WARNING ** EPW N17_direct_normal_illuminance < 0 lux [corrected]: month 2, day 6, hour 17, value -37.4746 
 ** WARNING ** EPW N17_direct_normal_illuminance < 0 lux [corrected]: month 2, day 7, hour 8, value -2.7310853 
 ** WARNING ** EPW N17_direct_normal_illuminance < 0 lux [corrected]: month 2, day 8, hour 8, value -7.029425 
 ** WARNING ** EPW N17_direct_normal_illuminance < 0 lux [corrected]: month 2, day 8, hour 17, value -48.793594 
 ** WARNING ** EPW N17_direct_normal_illuminance < 0 lux [corrected]: month 2, day 9, hour 8, value -11.238624 
 ** WARNING ** EPW N17_direct_normal_illuminance < 0 lux [corrected]: month 2, day 9, hour 17, value -44.399696 
 ** WARNING ** EPW N17_direct_normal_illuminance < 0 lux [corrected]: month 2, day 10, hour 8, value -20.783451 
 ** WARNING ** EPW N17_direct_normal_illuminance < 0 lux [corrected]: month 2, day 10, hour 17, value -171.23453 
 ** WARNING ** EPW N17_direct_normal_illuminance < 0 lux [corrected]: month 2, day 11, hour 8, value -0.41146588 
 ** WARNING ** EPW N17_direct_normal_illuminance < 0 lux [corrected]: month 2, day 11, hour 9, value -4.3410554 
 ** WARNING ** EPW N17_direct_normal_illuminance < 0 lux [corrected]: month 2, day 11, hour 17, value -18.788599 
 ** WARNING ** EPW N17_direct_normal_illuminance < 0 lux [corrected]: month 2, day 12, hour 8, value -49.471428 
 ** WARNING ** EPW N17_direct_normal_illuminance < 0 lux [corrected]: month 2, day 13, hour 8, value -0.6459854 
 ** WARNING ** EPW N17_direct_normal_illuminance < 0 lux [corrected]: month 2, day 13, hour 17, value -137.95131 
 ** WARNING ** EPW N17_direct_normal_illuminance < 0 lux [corrected]: month 2, day 14, hour 8, value -0.76714045 
 ** WARNING ** EPW N17_direct_normal_illuminance < 0 lux [corrected]: month 2, day 14, hour 17, value -67.555595 
 ** WARNING ** EPW N17_direct_normal_illuminance < 0 lux [corrected]: month 2, day 15, hour 8, value -10.11 
 ** WARNING ** EPW N17_direct_normal_illuminance < 0 lux [corrected]: month 2, day 15, hour 17, value -5.8854365 
 ** WARNING ** EPW N17_direct_normal_illuminance < 0 lux [corrected]: month 2, day 16, hour 8, value -15.143819 
 ** WARNING ** EPW N17_direct_normal_illuminance < 0 lux [corrected]: month 2, day 16, hour 17, value -5.2678833 
 ** WARNING ** EPW N17_direct_normal_illuminance < 0 lux [corrected]: month 2, day 17, hour 8, value -1.9511746 
 ** WARNING ** EPW N17_direct_normal_illuminance < 0 lux [corrected]: month 2, day 17, hour 17, value -26.835337 
 ** WARNING ** EPW N17_direct_normal_illuminance < 0 lux [corrected]: month 2, day 17, hour 18, value -9.3604974E-4 
 ** WARNING ** EPW N17_direct_normal_illuminance < 0 lux [corrected]: month 2, day 18, hour 8, value -3.4259143 
 ** WARNING ** EPW N17_direct_normal_illuminance < 0 lux [corrected]: month 2, day 18, hour 17, value -22.347197 
 ** WARNING ** EPW N17_direct_normal_illuminance < 0 lux [corrected]: month 2, day 18, hour 18, value -0.002908198 
 ** WARNING ** EPW N17_direct_normal_illuminance < 0 lux [corrected]: month 2, day 19, hour 8, value -134.90869 
 ** WARNING ** EPW N17_direct_normal_illuminance < 0 lux [corrected]: month 2, day 19, hour 18, value -0.040970113 
 ** WARNING ** EPW N17_direct_normal_illuminance < 0 lux [corrected]: month 2, day 20, hour 8, value -3.6991086 
 ** WARNING ** EPW N17_direct_normal_illuminance < 0 lux [corrected]: month 2, day 20, hour 18, value -0.2355257 
 ** WARNING ** EPW N17_direct_normal_illuminance < 0 lux [corrected]: month 2, day 21, hour 8, value -36.165203 
 ** WARNING ** EPW N17_direct_normal_illuminance < 0 lux [corrected]: month 2, day 21, hour 18, value -0.88912237 
 ** WARNING ** EPW N17_direct_normal_illuminance < 0 lux [corrected]: month 2, day 22, hour 8, value -5.695064 
 ** WARNING ** EPW N17_direct_normal_illuminance < 0 lux [corrected]: month 2, day 22, hour 17, value -3.197608 
 ** WARNING ** EPW N17_direct_normal_illuminance < 0 lux [corrected]: month 2, day 22, hour 18, value -0.053454883 
 ** WARNING ** EPW N17_direct_normal_illuminance < 0 lux [corrected]: month 2, day 23, hour 8, value -5.860988 
 ** WARNING ** EPW N17_direct_normal_illuminance < 0 lux [corrected]: month 2, day 23, hour 17, value -2.8173828 
 ** WARNING ** EPW N17_direct_normal_illuminance < 0 lux [corrected]: month 2, day 23, hour 18, value -0.06309875 
 ** WARNING ** EPW N17_direct_normal_illuminance < 0 lux [corrected]: month 2, day 24, hour 8, value -8.060189 
 ** WARNING ** EPW N17_direct_normal_illuminance < 0 lux [corrected]: month 2, day 24, hour 17, value -2.2865443 
 ** WARNING ** EPW N17_direct_normal_illuminance < 0 lux [corrected]: month 2, day 24, hour 18, value -0.09220154 
 ** WARNING ** EPW N17_direct_normal_illuminance < 0 lux [corrected]: month 2, day 25, hour 8, value -7.828333 
 ** WARNING ** EPW N17_direct_normal_illuminance < 0 lux [corrected]: month 2, day 25, hour 17, value -2.0735917 
 ** WARNING ** EPW N17_direct_normal_illuminance < 0 lux [corrected]: month 2, day 25, hour 18, value -0.13046992 
 ** WARNING ** EPW N17_direct_normal_illuminance < 0 lux [corrected]: month 2, day 26, hour 8, value -54.847115 
 ** WARNING ** EPW N17_direct_normal_illuminance < 0 lux [corrected]: month 2, day 26, hour 17, value -1.963477 
 ** WARNING ** EPW N17_direct_normal_illuminance < 0 lux [corrected]: month 2, day 26, hour 18, value -1.8681966 
 ** WARNING ** EPW N17_direct_normal_illuminance < 0 lux [corrected]: month 2, day 27, hour 8, value -51.075905 
 ** WARNING ** EPW N17_direct_normal_illuminance < 0 lux [corrected]: month 2, day 27, hour 18, value -2.067491 
 ** WARNING ** EPW N17_direct_normal_illuminance < 0 lux [corrected]: month 2, day 28, hour 8, value -7.396443 
 ** WARNING ** EPW N17_direct_normal_illuminance < 0 lux [corrected]: month 2, day 28, hour 18, value -3.0206451 
 ** WARNING ** EPW N17_direct_normal_illuminance < 0 lux [corrected]: month 3, day 1, hour 18, value -18.034855 
 ** WARNING ** EPW N17_direct_normal_illuminance < 0 lux [corrected]: month 3, day 2, hour 18, value -7.3552547 
 ** WARNING ** EPW N17_direct_normal_illuminance < 0 lux [corrected]: month 3, day 3, hour 8, value -5.8560557 
 ** WARNING ** EPW N17_direct_normal_illuminance < 0 lux [corrected]: month 3, day 3, hour 18, value -67.65107 
 ** WARNING ** EPW N17_direct_normal_illuminance < 0 lux [corrected]: month 3, day 4, hour 7, value -0.002805405 
 ** WARNING ** EPW N17_direct_normal_illuminance < 0 lux [corrected]: month 3, day 4, hour 8, value -16.424152 
 ** WARNING ** EPW N17_direct_normal_illuminance < 0 lux [corrected]: month 3, day 4, hour 18, value -115.48519 
 ** WARNING ** EPW N17_direct_normal_illuminance < 0 lux [corrected]: month 3, day 5, hour 7, value -0.034381863 
 ** WARNING ** EPW N17_direct_normal_illuminance < 0 lux [corrected]: month 3, day 5, hour 18, value -2.0904965 
 ** WARNING ** EPW N17_direct_normal_illuminance < 0 lux [corrected]: month 3, day 6, hour 7, value -0.063538104 
 ** WARNING ** EPW N17_direct_normal_illuminance < 0 lux [corrected]: month 3, day 6, hour 18, value -2.44139 
 ** WARNING ** EPW N17_direct_normal_illuminance < 0 lux [corrected]: month 3, day 7, hour 7, value -0.8852699 
 ** WARNING ** EPW N17_direct_normal_illuminance < 0 lux [corrected]: month 3, day 7, hour 18, value -19.409124 
 ** WARNING ** EPW N17_direct_normal_illuminance < 0 lux [corrected]: month 3, day 8, hour 7, value -0.06337783 
 ** WARNING ** EPW N17_direct_normal_illuminance < 0 lux [corrected]: month 3, day 8, hour 18, value -2.565877 
 ** WARNING ** EPW N17_direct_normal_illuminance < 0 lux [corrected]: month 3, day 9, hour 7, value -0.6202748 
 ** WARNING ** EPW N17_direct_normal_illuminance < 0 lux [corrected]: month 3, day 9, hour 18, value -81.34913 
 ** WARNING ** EPW N17_direct_normal_illuminance < 0 lux [corrected]: month 3, day 10, hour 7, value -0.3514431 
 ** WARNING ** EPW N17_direct_normal_illuminance < 0 lux [corrected]: month 3, day 10, hour 18, value -90.37394 
 ** WARNING ** EPW N17_direct_normal_illuminance < 0 lux [corrected]: month 3, day 11, hour 7, value -1.9010103 
 ** WARNING ** EPW N17_direct_normal_illuminance < 0 lux [corrected]: month 3, day 11, hour 18, value -33.25521 
 ** WARNING ** EPW N17_direct_normal_illuminance < 0 lux [corrected]: month 3, day 12, hour 7, value -3.408417 
 ** WARNING ** EPW N17_direct_normal_illuminance < 0 lux [corrected]: month 3, day 12, hour 18, value -4.3865056 
 ** WARNING ** EPW N17_direct_normal_illuminance < 0 lux [corrected]: month 3, day 13, hour 7, value -5.394165 
 ** WARNING ** EPW N17_direct_normal_illuminance < 0 lux [corrected]: month 3, day 13, hour 18, value -6.0999875 
 ** WARNING ** EPW N17_direct_normal_illuminance < 0 lux [corrected]: month 3, day 14, hour 7, value -1.4950106 
 ** WARNING ** EPW N17_direct_normal_illuminance < 0 lux [corrected]: month 3, day 14, hour 18, value -6.475461 
 ** WARNING ** EPW N17_direct_normal_illuminance < 0 lux [corrected]: month 3, day 15, hour 7, value -1.6252488 
 ** WARNING ** EPW N17_direct_normal_illuminance < 0 lux [corrected]: month 3, day 16, hour 7, value -11.614286 
 ** WARNING ** EPW N17_direct_normal_illuminance < 0 lux [corrected]: month 3, day 16, hour 18, value -45.995945 
 ** WARNING ** EPW N17_direct_normal_illuminance < 0 lux [corrected]: month 3, day 17, hour 7, value -1.9724593 
 ** WARNING ** EPW N17_direct_normal_illuminance < 0 lux [corrected]: month 3, day 17, hour 18, value -7.6455398 
 ** WARNING ** EPW N17_direct_normal_illuminance < 0 lux [corrected]: month 3, day 18, hour 7, value -16.97697 
 ** WARNING ** EPW N17_direct_normal_illuminance < 0 lux [corrected]: month 3, day 18, hour 18, value -8.436269 
 ** WARNING ** EPW N17_direct_normal_illuminance < 0 lux [corrected]: month 3, day 19, hour 7, value -3.7249475 
 ** WARNING ** EPW N17_direct_normal_illuminance < 0 lux [corrected]: month 3, day 19, hour 18, value -7.6279745 
 ** WARNING ** EPW N17_direct_normal_illuminance < 0 lux [corrected]: month 3, day 20, hour 7, value -26.320107 
 ** WARNING ** EPW N17_direct_normal_illuminance < 0 lux [corrected]: month 3, day 20, hour 18, value -8.053989 
 ** WARNING ** EPW N17_direct_normal_illuminance < 0 lux [corrected]: month 3, day 21, hour 7, value -64.40687 
 ** WARNING ** EPW N17_direct_normal_illuminance < 0 lux [corrected]: month 3, day 21, hour 18, value -114.648224 
 ** WARNING ** EPW N17_direct_normal_illuminance < 0 lux [corrected]: month 3, day 22, hour 7, value -31.01452 
 ** WARNING ** EPW N17_direct_normal_illuminance < 0 lux [corrected]: month 3, day 22, hour 18, value -45.344162 
 ** WARNING ** EPW N17_direct_normal_illuminance < 0 lux [corrected]: month 3, day 23, hour 7, value -148.96107 
 ** WARNING ** EPW N17_direct_normal_illuminance < 0 lux [corrected]: month 3, day 23, hour 18, value -39.84214 
 ** WARNING ** EPW N17_direct_normal_illuminance < 0 lux [corrected]: month 3, day 24, hour 7, value -5.486471 
 ** WARNING ** EPW N17_direct_normal_illuminance < 0 lux [corrected]: month 3, day 24, hour 18, value -33.43039 
 ** WARNING ** EPW N17_direct_normal_illuminance < 0 lux [corrected]: month 3, day 25, hour 7, value -58.656116 
 ** WARNING ** EPW N17_direct_normal_illuminance < 0 lux [corrected]: month 3, day 25, hour 19, value -0.0010502328 
 ** WARNING ** EPW N17_direct_normal_illuminance < 0 lux [corrected]: month 3, day 26, hour 7, value -83.78515 
 ** WARNING ** EPW N17_direct_normal_illuminance < 0 lux [corrected]: month 3, day 26, hour 19, value -0.026036585 
 ** WARNING ** EPW N17_direct_normal_illuminance < 0 lux [corrected]: month 3, day 27, hour 7, value -39.029114 
 ** WARNING ** EPW N17_direct_normal_illuminance < 0 lux [corrected]: month 3, day 27, hour 19, value -0.028508043 
 ** WARNING ** EPW N17_direct_normal_illuminance < 0 lux [corrected]: month 3, day 28, hour 7, value -4.465723 
 ** WARNING ** EPW N17_direct_normal_illuminance < 0 lux [corrected]: month 3, day 28, hour 18, value -4.7580414 
 ** WARNING ** EPW N17_direct_normal_illuminance < 0 lux [corrected]: month 3, day 28, hour 19, value -0.014228442 
 ** WARNING ** EPW N17_direct_normal_illuminance < 0 lux [corrected]: month 3, day 29, hour 7, value -4.2896094 
 ** WARNING ** EPW N17_direct_normal_illuminance < 0 lux [corrected]: month 3, day 29, hour 18, value -4.395054 
 ** WARNING ** EPW N17_direct_normal_illuminance < 0 lux [corrected]: month 3, day 29, hour 19, value -0.003856535 
 ** WARNING ** EPW N17_direct_normal_illuminance < 0 lux [corrected]: month 3, day 30, hour 7, value -4.069492 
 ** WARNING ** EPW N17_direct_normal_illuminance < 0 lux [corrected]: month 3, day 30, hour 19, value -1.0907278 
 ** WARNING ** EPW N17_direct_normal_illuminance < 0 lux [corrected]: month 3, day 31, hour 7, value -3.711212 
 ** WARNING ** EPW N17_direct_normal_illuminance < 0 lux [corrected]: month 3, day 31, hour 19, value -0.60783607 
 ** WARNING ** EPW N17_direct_normal_illuminance < 0 lux [corrected]: month 4, day 1, hour 6, value -0.1753342 
 ** WARNING ** EPW N17_direct_normal_illuminance < 0 lux [corrected]: month 4, day 1, hour 18, value -2.9972444 
 ** WARNING ** EPW N17_direct_normal_illuminance < 0 lux [corrected]: month 4, day 1, hour 19, value -0.026125895 
 ** WARNING ** EPW N17_direct_normal_illuminance < 0 lux [corrected]: month 4, day 2, hour 6, value -0.022350796 
 ** WARNING ** EPW N17_direct_normal_illuminance < 0 lux [corrected]: month 4, day 2, hour 7, value -5.340299 
 ** WARNING ** EPW N17_direct_normal_illuminance < 0 lux [corrected]: month 4, day 2, hour 19, value -0.90991294 
 ** WARNING ** EPW N17_direct_normal_illuminance < 0 lux [corrected]: month 4, day 3, hour 6, value -1.1494892 
 ** WARNING ** EPW N17_direct_normal_illuminance < 0 lux [corrected]: month 4, day 3, hour 19, value -16.159536 
 ** WARNING ** EPW N17_direct_normal_illuminance < 0 lux [corrected]: month 4, day 4, hour 6, value -0.08017907 
 ** WARNING ** EPW N17_direct_normal_illuminance < 0 lux [corrected]: month 4, day 4, hour 19, value -1.1890953 
 ** WARNING ** EPW N17_direct_normal_illuminance < 0 lux [corrected]: month 4, day 5, hour 6, value -0.111003235 
 ** WARNING ** EPW N17_direct_normal_illuminance < 0 lux [corrected]: month 4, day 5, hour 7, value -1.1593063 
 ** WARNING ** EPW N17_direct_normal_illuminance < 0 lux [corrected]: month 4, day 5, hour 19, value -2.704266 
 ** WARNING ** EPW N17_direct_normal_illuminance < 0 lux [corrected]: month 4, day 6, hour 6, value -0.14651026 
 ** WARNING ** EPW N17_direct_normal_illuminance < 0 lux [corrected]: month 4, day 6, hour 7, value -0.537702 
 ** WARNING ** EPW N17_direct_normal_illuminance < 0 lux [corrected]: month 4, day 6, hour 19, value -28.023268 
 ** WARNING ** EPW N17_direct_normal_illuminance < 0 lux [corrected]: month 4, day 7, hour 6, value -0.5103446 
 ** WARNING ** EPW N17_direct_normal_illuminance < 0 lux [corrected]: month 4, day 7, hour 7, value -0.036355186 
 ** WARNING ** EPW N17_direct_normal_illuminance < 0 lux [corrected]: month 4, day 7, hour 19, value -4.9277124 
 ** WARNING ** EPW N17_direct_normal_illuminance < 0 lux [corrected]: month 4, day 8, hour 6, value -4.0484133 
 ** WARNING ** EPW N17_direct_normal_illuminance < 0 lux [corrected]: month 4, day 8, hour 19, value -5.5928917 
 ** WARNING ** EPW N17_direct_normal_illuminance < 0 lux [corrected]: month 4, day 9, hour 6, value -0.8210624 
 ** WARNING ** EPW N17_direct_normal_illuminance < 0 lux [corrected]: month 4, day 9, hour 19, value -7.458487 
 ** WARNING ** EPW N17_direct_normal_illuminance < 0 lux [corrected]: month 4, day 10, hour 6, value -32.266304 
 ** WARNING ** EPW N17_direct_normal_illuminance < 0 lux [corrected]: month 4, day 10, hour 19, value -82.915115 
 ** WARNING ** EPW N17_direct_normal_illuminance < 0 lux [corrected]: month 4, day 11, hour 6, value -38.63307 
 ** WARNING ** EPW N17_direct_normal_illuminance < 0 lux [corrected]: month 4, day 11, hour 19, value -103.16394 
 ** WARNING ** EPW N17_direct_normal_illuminance < 0 lux [corrected]: month 4, day 12, hour 6, value -58.91493 
 ** WARNING ** EPW N17_direct_normal_illuminance < 0 lux [corrected]: month 4, day 12, hour 19, value -83.97594 
 ** WARNING ** EPW N17_direct_normal_illuminance < 0 lux [corrected]: month 4, day 13, hour 6, value -72.41781 
 ** WARNING ** EPW N17_direct_normal_illuminance < 0 lux [corrected]: month 4, day 13, hour 19, value -122.41875 
 ** WARNING ** EPW N17_direct_normal_illuminance < 0 lux [corrected]: month 4, day 14, hour 6, value -34.30322 
 ** WARNING ** EPW N17_direct_normal_illuminance < 0 lux [corrected]: month 4, day 14, hour 19, value -2.7167919 
 ** WARNING ** EPW N17_direct_normal_illuminance < 0 lux [corrected]: month 4, day 15, hour 6, value -17.095964 
 ** WARNING ** EPW N17_direct_normal_illuminance < 0 lux [corrected]: month 4, day 15, hour 19, value -3.2313128 
 ** WARNING ** EPW N17_direct_normal_illuminance < 0 lux [corrected]: month 4, day 16, hour 6, value -4.25871 
 ** WARNING ** EPW N17_direct_normal_illuminance < 0 lux [corrected]: month 4, day 16, hour 19, value -3.527755 
 ** WARNING ** EPW N17_direct_normal_illuminance < 0 lux [corrected]: month 4, day 17, hour 6, value -4.29752 
 ** WARNING ** EPW N17_direct_normal_illuminance < 0 lux [corrected]: month 4, day 17, hour 19, value -58.589344 
 ** WARNING ** EPW N17_direct_normal_illuminance < 0 lux [corrected]: month 4, day 18, hour 6, value -24.539886 
 ** WARNING ** EPW N17_direct_normal_illuminance < 0 lux [corrected]: month 4, day 18, hour 19, value -3.8374932 
 ** WARNING ** EPW N17_direct_normal_illuminance < 0 lux [corrected]: month 4, day 19, hour 6, value -29.257484 
 ** WARNING ** EPW N17_direct_normal_illuminance < 0 lux [corrected]: month 4, day 19, hour 19, value -5.1119537 
 ** WARNING ** EPW N17_direct_normal_illuminance < 0 lux [corrected]: month 4, day 20, hour 6, value -27.025173 
 ** WARNING ** EPW N17_direct_normal_illuminance < 0 lux [corrected]: month 4, day 20, hour 19, value -214.39653 
 ** WARNING ** EPW N17_direct_normal_illuminance < 0 lux [corrected]: month 4, day 21, hour 6, value -25.486605 
 ** WARNING ** EPW N17_direct_normal_illuminance < 0 lux [corrected]: month 4, day 21, hour 19, value -35.01131 
 ** WARNING ** EPW N17_direct_normal_illuminance < 0 lux [corrected]: month 4, day 22, hour 6, value -4.899217 
 ** WARNING ** EPW N17_direct_normal_illuminance < 0 lux [corrected]: month 4, day 23, hour 6, value -76.47295 
 ** WARNING ** EPW N17_direct_normal_illuminance < 0 lux [corrected]: month 4, day 24, hour 6, value -74.174095 
 ** WARNING ** EPW N17_direct_normal_illuminance < 0 lux [corrected]: month 4, day 25, hour 6, value -64.33869 
 ** WARNING ** EPW N17_direct_normal_illuminance < 0 lux [corrected]: month 4, day 25, hour 19, value -81.527016 
 ** WARNING ** EPW N17_direct_normal_illuminance < 0 lux [corrected]: month 4, day 26, hour 6, value -45.544434 
 ** WARNING ** EPW N17_direct_normal_illuminance < 0 lux [corrected]: month 4, day 26, hour 19, value -38.157925 
 ** WARNING ** EPW N17_direct_normal_illuminance < 0 lux [corrected]: month 4, day 27, hour 6, value -18.265625 
 ** WARNING ** EPW N17_direct_normal_illuminance < 0 lux [corrected]: month 4, day 27, hour 19, value -82.44188 
 ** WARNING ** EPW N17_direct_normal_illuminance < 0 lux [corrected]: month 4, day 28, hour 5, value -0.0028068852 
 ** WARNING ** EPW N17_direct_normal_illuminance < 0 lux [corrected]: month 4, day 28, hour 6, value -4.2864623 
 ** WARNING ** EPW N17_direct_normal_illuminance < 0 lux [corrected]: month 4, day 29, hour 6, value -3.4593992 
 ** WARNING ** EPW N17_direct_normal_illuminance < 0 lux [corrected]: month 4, day 29, hour 19, value -5.3654056 
 ** WARNING ** EPW N17_direct_normal_illuminance < 0 lux [corrected]: month 4, day 30, hour 6, value -3.2131813 
 ** WARNING ** EPW N17_direct_normal_illuminance < 0 lux [corrected]: month 4, day 30, hour 19, value -32.83241 
 ** WARNING ** EPW N17_direct_normal_illuminance < 0 lux [corrected]: month 5, day 1, hour 5, value -0.15484473 
 ** WARNING ** EPW N17_direct_normal_illuminance < 0 lux [corrected]: month 5, day 2, hour 5, value -0.62204 
 ** WARNING ** EPW N17_direct_normal_illuminance < 0 lux [corrected]: month 5, day 2, hour 20, value -0.0011141038 
 ** WARNING ** EPW N17_direct_normal_illuminance < 0 lux [corrected]: month 5, day 3, hour 5, value -0.6255659 
 ** WARNING ** EPW N17_direct_normal_illuminance < 0 lux [corrected]: month 5, day 3, hour 19, value -97.19103 
 ** WARNING ** EPW N17_direct_normal_illuminance < 0 lux [corrected]: month 5, day 3, hour 20, value -0.0043335995 
 ** WARNING ** EPW N17_direct_normal_illuminance < 0 lux [corrected]: month 5, day 4, hour 5, value -0.11570717 
 ** WARNING ** EPW N17_direct_normal_illuminance < 0 lux [corrected]: month 5, day 4, hour 6, value -2.3191068 
 ** WARNING ** EPW N17_direct_normal_illuminance < 0 lux [corrected]: month 5, day 4, hour 19, value -65.46498 
 ** WARNING ** EPW N17_direct_normal_illuminance < 0 lux [corrected]: month 5, day 4, hour 20, value -5.138417E-4 
 ** WARNING ** EPW N17_direct_normal_illuminance < 0 lux [corrected]: month 5, day 5, hour 5, value -0.4787249 
 ** WARNING ** EPW N17_direct_normal_illuminance < 0 lux [corrected]: month 5, day 5, hour 6, value -1.9283454 
 ** WARNING ** EPW N17_direct_normal_illuminance < 0 lux [corrected]: month 5, day 5, hour 19, value -24.399496 
 ** WARNING ** EPW N17_direct_normal_illuminance < 0 lux [corrected]: month 5, day 5, hour 20, value -0.0024093995 
 ** WARNING ** EPW N17_direct_normal_illuminance < 0 lux [corrected]: month 5, day 6, hour 5, value -0.20391741 
 ** WARNING ** EPW N17_direct_normal_illuminance < 0 lux [corrected]: month 5, day 6, hour 6, value -1.0203952 
 ** WARNING ** EPW N17_direct_normal_illuminance < 0 lux [corrected]: month 5, day 6, hour 20, value -0.10072629 
 ** WARNING ** EPW N17_direct_normal_illuminance < 0 lux [corrected]: month 5, day 7, hour 5, value -3.9061167 
 ** WARNING ** EPW N17_direct_normal_illuminance < 0 lux [corrected]: month 5, day 7, hour 20, value -0.186964 
 ** WARNING ** EPW N17_direct_normal_illuminance < 0 lux [corrected]: month 5, day 8, hour 5, value -1.5204742 
 ** WARNING ** EPW N17_direct_normal_illuminance < 0 lux [corrected]: month 5, day 8, hour 19, value -9.360096 
 ** WARNING ** EPW N17_direct_normal_illuminance < 0 lux [corrected]: month 5, day 8, hour 20, value -0.090765916 
 ** WARNING ** EPW N17_direct_normal_illuminance < 0 lux [corrected]: month 5, day 9, hour 5, value -1.8064787 
 ** WARNING ** EPW N17_direct_normal_illuminance < 0 lux [corrected]: month 5, day 9, hour 20, value -0.9275427 
 ** WARNING ** EPW N17_direct_normal_illuminance < 0 lux [corrected]: month 5, day 10, hour 5, value -5.026059 
 ** WARNING ** EPW N17_direct_normal_illuminance < 0 lux [corrected]: month 5, day 10, hour 19, value -8.607696 
 ** WARNING ** EPW N17_direct_normal_illuminance < 0 lux [corrected]: month 5, day 10, hour 20, value -1.2733256 
 ** WARNING ** EPW N17_direct_normal_illuminance < 0 lux [corrected]: month 5, day 11, hour 5, value -18.061638 
 ** WARNING ** EPW N17_direct_normal_illuminance < 0 lux [corrected]: month 5, day 11, hour 19, value -6.03576 
 ** WARNING ** EPW N17_direct_normal_illuminance < 0 lux [corrected]: month 5, day 11, hour 20, value -1.2535707 
 ** WARNING ** EPW N17_direct_normal_illuminance < 0 lux [corrected]: month 5, day 12, hour 5, value -16.576391 
 ** WARNING ** EPW N17_direct_normal_illuminance < 0 lux [corrected]: month 5, day 12, hour 20, value -6.8772817 
 ** WARNING ** EPW N17_direct_normal_illuminance < 0 lux [corrected]: month 5, day 13, hour 5, value -23.557295 
 ** WARNING ** EPW N17_direct_normal_illuminance < 0 lux [corrected]: month 5, day 13, hour 20, value -6.201303 
 ** WARNING ** EPW N17_direct_normal_illuminance < 0 lux [corrected]: month 5, day 14, hour 5, value -29.846075 
 ** WARNING ** EPW N17_direct_normal_illuminance < 0 lux [corrected]: month 5, day 14, hour 20, value -12.763945 
 ** WARNING ** EPW N17_direct_normal_illuminance < 0 lux [corrected]: month 5, day 15, hour 5, value -30.93549 
 ** WARNING ** EPW N17_direct_normal_illuminance < 0 lux [corrected]: month 5, day 15, hour 20, value -2.0785208 
 ** WARNING ** EPW N17_direct_normal_illuminance < 0 lux [corrected]: month 5, day 16, hour 5, value -1.5850728 
 ** WARNING ** EPW N17_direct_normal_illuminance < 0 lux [corrected]: month 5, day 16, hour 19, value -3.5405462 
 ** WARNING ** EPW N17_direct_normal_illuminance < 0 lux [corrected]: month 5, day 16, hour 20, value -2.2407856 
 ** WARNING ** EPW N17_direct_normal_illuminance < 0 lux [corrected]: month 5, day 17, hour 5, value -1.8352364 
 ** WARNING ** EPW N17_direct_normal_illuminance < 0 lux [corrected]: month 5, day 17, hour 20, value -2.680828 
 ** WARNING ** EPW N17_direct_normal_illuminance < 0 lux [corrected]: month 5, day 18, hour 5, value -1.8760805 
 ** WARNING ** EPW N17_direct_normal_illuminance < 0 lux [corrected]: month 5, day 18, hour 20, value -26.89969 
 ** WARNING ** EPW N17_direct_normal_illuminance < 0 lux [corrected]: month 5, day 19, hour 5, value -3.1857495 
 ** WARNING ** EPW N17_direct_normal_illuminance < 0 lux [corrected]: month 5, day 19, hour 20, value -41.76568 
 ** WARNING ** EPW N17_direct_normal_illuminance < 0 lux [corrected]: month 5, day 20, hour 5, value -57.2796 
 ** WARNING ** EPW N17_direct_normal_illuminance < 0 lux [corrected]: month 5, day 20, hour 20, value -4.9869766 
 ** WARNING ** EPW N17_direct_normal_illuminance < 0 lux [corrected]: month 5, day 21, hour 5, value -3.5718305 
 ** WARNING ** EPW N17_direct_normal_illuminance < 0 lux [corrected]: month 5, day 21, hour 19, value -0.38619307 
 ** WARNING ** EPW N17_direct_normal_illuminance < 0 lux [corrected]: month 5, day 21, hour 20, value -0.9068978 
 ** WARNING ** EPW N17_direct_normal_illuminance < 0 lux [corrected]: month 5, day 22, hour 5, value -17.143682 
 ** WARNING ** EPW N17_direct_normal_illuminance < 0 lux [corrected]: month 5, day 22, hour 19, value -0.0778362 
 ** WARNING ** EPW N17_direct_normal_illuminance < 0 lux [corrected]: month 5, day 22, hour 20, value -8.285091 
 ** WARNING ** EPW N17_direct_normal_illuminance < 0 lux [corrected]: month 5, day 23, hour 5, value -3.5032363 
 ** WARNING ** EPW N17_direct_normal_illuminance < 0 lux [corrected]: month 5, day 23, hour 20, value -58.014385 
 ** WARNING ** EPW N17_direct_normal_illuminance < 0 lux [corrected]: month 5, day 24, hour 5, value -79.54581 
 ** WARNING ** EPW N17_direct_normal_illuminance < 0 lux [corrected]: month 5, day 24, hour 20, value -69.88163 
 ** WARNING ** EPW N17_direct_normal_illuminance < 0 lux [corrected]: month 5, day 25, hour 5, value -91.37826 
 ** WARNING ** EPW N17_direct_normal_illuminance < 0 lux [corrected]: month 5, day 25, hour 20, value -96.73581 
 ** WARNING ** EPW N17_direct_normal_illuminance < 0 lux [corrected]: month 5, day 26, hour 5, value -68.653046 
 ** WARNING ** EPW N17_direct_normal_illuminance < 0 lux [corrected]: month 5, day 26, hour 20, value -94.66425 
 ** WARNING ** EPW N17_direct_normal_illuminance < 0 lux [corrected]: month 5, day 27, hour 5, value -77.44261 
 ** WARNING ** EPW N17_direct_normal_illuminance < 0 lux [corrected]: month 5, day 27, hour 20, value -104.59893 
 ** WARNING ** EPW N17_direct_normal_illuminance < 0 lux [corrected]: month 5, day 28, hour 5, value -76.72567 
 ** WARNING ** EPW N17_direct_normal_illuminance < 0 lux [corrected]: month 5, day 28, hour 20, value -118.44555 
 ** WARNING ** EPW N17_direct_normal_illuminance < 0 lux [corrected]: month 5, day 29, hour 5, value -82.3294 
 ** WARNING ** EPW N17_direct_normal_illuminance < 0 lux [corrected]: month 5, day 29, hour 20, value -109.39342 
 ** WARNING ** EPW N17_direct_normal_illuminance < 0 lux [corrected]: month 5, day 30, hour 5, value -74.54918 
 ** WARNING ** EPW N17_direct_normal_illuminance < 0 lux [corrected]: month 5, day 30, hour 20, value -148.41766 
 ** WARNING ** EPW N17_direct_normal_illuminance < 0 lux [corrected]: month 5, day 31, hour 5, value -83.992424 
 ** WARNING ** EPW N17_direct_normal_illuminance < 0 lux [corrected]: month 5, day 31, hour 20, value -140.05962 
 ** WARNING ** EPW N17_direct_normal_illuminance < 0 lux [corrected]: month 6, day 1, hour 5, value -71.53995 
 ** WARNING ** EPW N17_direct_normal_illuminance < 0 lux [corrected]: month 6, day 1, hour 20, value -24.40151 
 ** WARNING ** EPW N17_direct_normal_illuminance < 0 lux [corrected]: month 6, day 2, hour 5, value -14.656417 
 ** WARNING ** EPW N17_direct_normal_illuminance < 0 lux [corrected]: month 6, day 2, hour 20, value -121.15996 
 ** WARNING ** EPW N17_direct_normal_illuminance < 0 lux [corrected]: month 6, day 3, hour 5, value -17.1051 
 ** WARNING ** EPW N17_direct_normal_illuminance < 0 lux [corrected]: month 6, day 3, hour 20, value -33.0038 
 ** WARNING ** EPW N17_direct_normal_illuminance < 0 lux [corrected]: month 6, day 4, hour 5, value -17.198559 
 ** WARNING ** EPW N17_direct_normal_illuminance < 0 lux [corrected]: month 6, day 4, hour 20, value -31.385883 
 ** WARNING ** EPW N17_direct_normal_illuminance < 0 lux [corrected]: month 6, day 5, hour 5, value -3.1455443 
 ** WARNING ** EPW N17_direct_normal_illuminance < 0 lux [corrected]: month 6, day 5, hour 20, value -194.74507 
 ** WARNING ** EPW N17_direct_normal_illuminance < 0 lux [corrected]: month 6, day 6, hour 5, value -14.961867 
 ** WARNING ** EPW N17_direct_normal_illuminance < 0 lux [corrected]: month 6, day 6, hour 20, value -32.687115 
 ** WARNING ** EPW N17_direct_normal_illuminance < 0 lux [corrected]: month 6, day 7, hour 5, value -15.549217 
 ** WARNING ** EPW N17_direct_normal_illuminance < 0 lux [corrected]: month 6, day 7, hour 20, value -78.71468 
 ** WARNING ** EPW N17_direct_normal_illuminance < 0 lux [corrected]: month 6, day 8, hour 5, value -61.220604 
 ** WARNING ** EPW N17_direct_normal_illuminance < 0 lux [corrected]: month 6, day 8, hour 20, value -130.09854 
 ** WARNING ** EPW N17_direct_normal_illuminance < 0 lux [corrected]: month 6, day 9, hour 5, value -27.860777 
 ** WARNING ** EPW N17_direct_normal_illuminance < 0 lux [corrected]: month 6, day 9, hour 20, value -32.360146 
 ** WARNING ** EPW N17_direct_normal_illuminance < 0 lux [corrected]: month 6, day 10, hour 5, value -17.676918 
 ** WARNING ** EPW N17_direct_normal_illuminance < 0 lux [corrected]: month 6, day 10, hour 20, value -30.34826 
 ** WARNING ** EPW N17_direct_normal_illuminance < 0 lux [corrected]: month 6, day 11, hour 5, value -3.8053844 
 ** WARNING ** EPW N17_direct_normal_illuminance < 0 lux [corrected]: month 6, day 11, hour 20, value -35.992046 
 ** WARNING ** EPW N17_direct_normal_illuminance < 0 lux [corrected]: month 6, day 12, hour 5, value -15.023608 
 ** WARNING ** EPW N17_direct_normal_illuminance < 0 lux [corrected]: month 6, day 12, hour 20, value -32.0746 
 ** WARNING ** EPW N17_direct_normal_illuminance < 0 lux [corrected]: month 6, day 13, hour 5, value -3.4720209 
 ** WARNING ** EPW N17_direct_normal_illuminance < 0 lux [corrected]: month 6, day 13, hour 20, value -30.680578 
 ** WARNING ** EPW N17_direct_normal_illuminance < 0 lux [corrected]: month 6, day 14, hour 5, value -3.5586076 
 ** WARNING ** EPW N17_direct_normal_illuminance < 0 lux [corrected]: month 6, day 14, hour 20, value -29.548092 
 ** WARNING ** EPW N17_direct_normal_illuminance < 0 lux [corrected]: month 6, day 15, hour 5, value -52.608246 
 ** WARNING ** EPW N17_direct_normal_illuminance < 0 lux [corrected]: month 6, day 15, hour 20, value -34.74849 
 ** WARNING ** EPW N17_direct_normal_illuminance < 0 lux [corrected]: month 6, day 16, hour 5, value -14.650532 
 ** WARNING ** EPW N17_direct_normal_illuminance < 0 lux [corrected]: month 6, day 16, hour 20, value -34.57986 
 ** WARNING ** EPW N17_direct_normal_illuminance < 0 lux [corrected]: month 6, day 17, hour 5, value -3.6675622 
 ** WARNING ** EPW N17_direct_normal_illuminance < 0 lux [corrected]: month 6, day 17, hour 20, value -5.6311274 
 ** WARNING ** EPW N17_direct_normal_illuminance < 0 lux [corrected]: month 6, day 18, hour 5, value -6.125164 
 ** WARNING ** EPW N17_direct_normal_illuminance < 0 lux [corrected]: month 6, day 18, hour 20, value -198.56357 
 ** WARNING ** EPW N17_direct_normal_illuminance < 0 lux [corrected]: month 6, day 19, hour 5, value -61.802906 
 ** WARNING ** EPW N17_direct_normal_illuminance < 0 lux [corrected]: month 6, day 19, hour 20, value -35.92753 
 ** WARNING ** EPW N17_direct_normal_illuminance < 0 lux [corrected]: month 6, day 20, hour 5, value -15.766876 
 ** WARNING ** EPW N17_direct_normal_illuminance < 0 lux [corrected]: month 6, day 20, hour 20, value -37.301556 
 ** WARNING ** EPW N17_direct_normal_illuminance < 0 lux [corrected]: month 6, day 21, hour 5, value -56.224625 
 ** WARNING ** EPW N17_direct_normal_illuminance < 0 lux [corrected]: month 6, day 21, hour 20, value -185.16507 
 ** WARNING ** EPW N17_direct_normal_illuminance < 0 lux [corrected]: month 6, day 22, hour 5, value -27.595652 
 ** WARNING ** EPW N17_direct_normal_illuminance < 0 lux [corrected]: month 6, day 22, hour 20, value -77.16584 
 ** WARNING ** EPW N17_direct_normal_illuminance < 0 lux [corrected]: month 6, day 23, hour 5, value -42.185505 
 ** WARNING ** EPW N17_direct_normal_illuminance < 0 lux [corrected]: month 6, day 24, hour 5, value -2.8425326 
 ** WARNING ** EPW N17_direct_normal_illuminance < 0 lux [corrected]: month 6, day 24, hour 20, value -31.744581 
 ** WARNING ** EPW N17_direct_normal_illuminance < 0 lux [corrected]: month 6, day 25, hour 5, value -14.481417 
 ** WARNING ** EPW N17_direct_normal_illuminance < 0 lux [corrected]: month 6, day 25, hour 20, value -145.15506 
 ** WARNING ** EPW N17_direct_normal_illuminance < 0 lux [corrected]: month 6, day 26, hour 5, value -3.0340133 
 ** WARNING ** EPW N17_direct_normal_illuminance < 0 lux [corrected]: month 6, day 27, hour 5, value -15.56504 
 ** WARNING ** EPW N17_direct_normal_illuminance < 0 lux [corrected]: month 6, day 28, hour 5, value -72.219795 
 ** WARNING ** EPW N17_direct_normal_illuminance < 0 lux [corrected]: month 6, day 29, hour 5, value -77.14442 
 ** WARNING ** EPW N17_direct_normal_illuminance < 0 lux [corrected]: month 6, day 30, hour 5, value -80.04994 
 ** WARNING ** EPW N17_direct_normal_illuminance < 0 lux [corrected]: month 7, day 1, hour 5, value -23.474173 
 ** WARNING ** EPW N17_direct_normal_illuminance < 0 lux [corrected]: month 7, day 1, hour 20, value -165.23012 
 ** WARNING ** EPW N17_direct_normal_illuminance < 0 lux [corrected]: month 7, day 2, hour 5, value -106.84478 
 ** WARNING ** EPW N17_direct_normal_illuminance < 0 lux [corrected]: month 7, day 2, hour 20, value -30.295708 
 ** WARNING ** EPW N17_direct_normal_illuminance < 0 lux [corrected]: month 7, day 3, hour 5, value -21.774345 
 ** WARNING ** EPW N17_direct_normal_illuminance < 0 lux [corrected]: month 7, day 3, hour 20, value -100.92912 
 ** WARNING ** EPW N17_direct_normal_illuminance < 0 lux [corrected]: month 7, day 4, hour 5, value -23.528645 
 ** WARNING ** EPW N17_direct_normal_illuminance < 0 lux [corrected]: month 7, day 4, hour 20, value -33.64448 
 ** WARNING ** EPW N17_direct_normal_illuminance < 0 lux [corrected]: month 7, day 5, hour 5, value -124.19837 
 ** WARNING ** EPW N17_direct_normal_illuminance < 0 lux [corrected]: month 7, day 5, hour 20, value -34.91413 
 ** WARNING ** EPW N17_direct_normal_illuminance < 0 lux [corrected]: month 7, day 6, hour 5, value -137.61737 
 ** WARNING ** EPW N17_direct_normal_illuminance < 0 lux [corrected]: month 7, day 6, hour 20, value -224.97577 
 ** WARNING ** EPW N17_direct_normal_illuminance < 0 lux [corrected]: month 7, day 7, hour 5, value -24.42472 
 ** WARNING ** EPW N17_direct_normal_illuminance < 0 lux [corrected]: month 7, day 7, hour 20, value -177.87486 
 ** WARNING ** EPW N17_direct_normal_illuminance < 0 lux [corrected]: month 7, day 8, hour 5, value -127.90058 
 ** WARNING ** EPW N17_direct_normal_illuminance < 0 lux [corrected]: month 7, day 8, hour 20, value -37.929768 
 ** WARNING ** EPW N17_direct_normal_illuminance < 0 lux [corrected]: month 7, day 9, hour 5, value -143.43985 
 ** WARNING ** EPW N17_direct_normal_illuminance < 0 lux [corrected]: month 7, day 9, hour 20, value -221.41168 
 ** WARNING ** EPW N17_direct_normal_illuminance < 0 lux [corrected]: month 7, day 10, hour 5, value -4.65527 
 ** WARNING ** EPW N17_direct_normal_illuminance < 0 lux [corrected]: month 7, day 10, hour 20, value -214.50165 
 ** WARNING ** EPW N17_direct_normal_illuminance < 0 lux [corrected]: month 7, day 11, hour 5, value -4.539751 
 ** WARNING ** EPW N17_direct_normal_illuminance < 0 lux [corrected]: month 7, day 11, hour 20, value -221.41785 
 ** WARNING ** EPW N17_direct_normal_illuminance < 0 lux [corrected]: month 7, day 12, hour 5, value -4.516111 
 ** WARNING ** EPW N17_direct_normal_illuminance < 0 lux [corrected]: month 7, day 12, hour 20, value -37.183662 
 ** WARNING ** EPW N17_direct_normal_illuminance < 0 lux [corrected]: month 7, day 13, hour 5, value -24.803352 
 ** WARNING ** EPW N17_direct_normal_illuminance < 0 lux [corrected]: month 7, day 13, hour 20, value -220.00949 
 ** WARNING ** EPW N17_direct_normal_illuminance < 0 lux [corrected]: month 7, day 14, hour 5, value -108.09018 
 ** WARNING ** EPW N17_direct_normal_illuminance < 0 lux [corrected]: month 7, day 14, hour 20, value -49.960613 
 ** WARNING ** EPW N17_direct_normal_illuminance < 0 lux [corrected]: month 7, day 15, hour 5, value -17.121996 
 ** WARNING ** EPW N17_direct_normal_illuminance < 0 lux [corrected]: month 7, day 15, hour 20, value -39.59204 
 ** WARNING ** EPW N17_direct_normal_illuminance < 0 lux [corrected]: month 7, day 16, hour 5, value -17.333055 
 ** WARNING ** EPW N17_direct_normal_illuminance < 0 lux [corrected]: month 7, day 16, hour 20, value -38.571674 
 ** WARNING ** EPW N17_direct_normal_illuminance < 0 lux [corrected]: month 7, day 17, hour 5, value -12.905279 
 ** WARNING ** EPW N17_direct_normal_illuminance < 0 lux [corrected]: month 7, day 17, hour 20, value -37.06763 
 ** WARNING ** EPW N17_direct_normal_illuminance < 0 lux [corrected]: month 7, day 18, hour 5, value -73.65319 
 ** WARNING ** EPW N17_direct_normal_illuminance < 0 lux [corrected]: month 7, day 18, hour 20, value -237.39766 
 ** WARNING ** EPW N17_direct_normal_illuminance < 0 lux [corrected]: month 7, day 19, hour 5, value -13.1051445 
 ** WARNING ** EPW N17_direct_normal_illuminance < 0 lux [corrected]: month 7, day 19, hour 20, value -209.52403 
 ** WARNING ** EPW N17_direct_normal_illuminance < 0 lux [corrected]: month 7, day 20, hour 5, value -56.078518 
 ** WARNING ** EPW N17_direct_normal_illuminance < 0 lux [corrected]: month 7, day 20, hour 20, value -230.83171 
 ** WARNING ** EPW N17_direct_normal_illuminance < 0 lux [corrected]: month 7, day 21, hour 5, value -32.858547 
 ** WARNING ** EPW N17_direct_normal_illuminance < 0 lux [corrected]: month 7, day 21, hour 20, value -198.68738 
 ** WARNING ** EPW N17_direct_normal_illuminance < 0 lux [corrected]: month 7, day 22, hour 5, value -47.472515 
 ** WARNING ** EPW N17_direct_normal_illuminance < 0 lux [corrected]: month 7, day 22, hour 20, value -219.7684 
 ** WARNING ** EPW N17_direct_normal_illuminance < 0 lux [corrected]: month 7, day 23, hour 5, value -18.338343 
 ** WARNING ** EPW N17_direct_normal_illuminance < 0 lux [corrected]: month 7, day 23, hour 20, value -58.68683 
 ** WARNING ** EPW N17_direct_normal_illuminance < 0 lux [corrected]: month 7, day 24, hour 5, value -1.4145565 
 ** WARNING ** EPW N17_direct_normal_illuminance < 0 lux [corrected]: month 7, day 24, hour 6, value -0.96120805 
 ** WARNING ** EPW N17_direct_normal_illuminance < 0 lux [corrected]: month 7, day 24, hour 20, value -3.0567987 
 ** WARNING ** EPW N17_direct_normal_illuminance < 0 lux [corrected]: month 7, day 25, hour 5, value -17.875425 
 ** WARNING ** EPW N17_direct_normal_illuminance < 0 lux [corrected]: month 7, day 25, hour 20, value -20.35614 
 ** WARNING ** EPW N17_direct_normal_illuminance < 0 lux [corrected]: month 7, day 26, hour 5, value -27.758585 
 ** WARNING ** EPW N17_direct_normal_illuminance < 0 lux [corrected]: month 7, day 26, hour 19, value -0.43539047 
 ** WARNING ** EPW N17_direct_normal_illuminance < 0 lux [corrected]: month 7, day 26, hour 20, value -22.100395 
 ** WARNING ** EPW N17_direct_normal_illuminance < 0 lux [corrected]: month 7, day 27, hour 5, value -6.8474617 
 ** WARNING ** EPW N17_direct_normal_illuminance < 0 lux [corrected]: month 7, day 27, hour 20, value -13.891875 
 ** WARNING ** EPW N17_direct_normal_illuminance < 0 lux [corrected]: month 7, day 28, hour 5, value -17.909288 
 ** WARNING ** EPW N17_direct_normal_illuminance < 0 lux [corrected]: month 7, day 28, hour 20, value -105.35353 
 ** WARNING ** EPW N17_direct_normal_illuminance < 0 lux [corrected]: month 7, day 29, hour 5, value -9.89993 
 ** WARNING ** EPW N17_direct_normal_illuminance < 0 lux [corrected]: month 7, day 29, hour 20, value -83.17567 
 ** WARNING ** EPW N17_direct_normal_illuminance < 0 lux [corrected]: month 7, day 30, hour 5, value -1.7163149 
 ** WARNING ** EPW N17_direct_normal_illuminance < 0 lux [corrected]: month 7, day 30, hour 6, value -2.43893 
 ** WARNING ** EPW N17_direct_normal_illuminance < 0 lux [corrected]: month 7, day 30, hour 20, value -8.963207 
 ** WARNING ** EPW N17_direct_normal_illuminance < 0 lux [corrected]: month 7, day 31, hour 5, value -1.6317831 
 ** WARNING ** EPW N17_direct_normal_illuminance < 0 lux [corrected]: month 7, day 31, hour 6, value -2.3028305 
 ** WARNING ** EPW N17_direct_normal_illuminance < 0 lux [corrected]: month 7, day 31, hour 19, value -1.1496965 
 ** WARNING ** EPW N17_direct_normal_illuminance < 0 lux [corrected]: month 7, day 31, hour 20, value -1.0872871 
 ** WARNING ** EPW N17_direct_normal_illuminance < 0 lux [corrected]: month 8, day 1, hour 5, value -0.47967687 
 ** WARNING ** EPW N17_direct_normal_illuminance < 0 lux [corrected]: month 8, day 1, hour 6, value -3.6895738 
 ** WARNING ** EPW N17_direct_normal_illuminance < 0 lux [corrected]: month 8, day 1, hour 20, value -46.84037 
 ** WARNING ** EPW N17_direct_normal_illuminance < 0 lux [corrected]: month 8, day 2, hour 5, value -2.5007508 
 ** WARNING ** EPW N17_direct_normal_illuminance < 0 lux [corrected]: month 8, day 2, hour 20, value -4.9822435 
 ** WARNING ** EPW N17_direct_normal_illuminance < 0 lux [corrected]: month 8, day 3, hour 5, value -0.8099467 
 ** WARNING ** EPW N17_direct_normal_illuminance < 0 lux [corrected]: month 8, day 3, hour 20, value -34.14553 
 ** WARNING ** EPW N17_direct_normal_illuminance < 0 lux [corrected]: month 8, day 4, hour 5, value -0.7644186 
 ** WARNING ** EPW N17_direct_normal_illuminance < 0 lux [corrected]: month 8, day 4, hour 20, value -21.330053 
 ** WARNING ** EPW N17_direct_normal_illuminance < 0 lux [corrected]: month 8, day 5, hour 5, value -0.5384103 
 ** WARNING ** EPW N17_direct_normal_illuminance < 0 lux [corrected]: month 8, day 5, hour 20, value -2.6354496 
 ** WARNING ** EPW N17_direct_normal_illuminance < 0 lux [corrected]: month 8, day 6, hour 6, value -14.816104 
 ** WARNING ** EPW N17_direct_normal_illuminance < 0 lux [corrected]: month 8, day 6, hour 20, value -14.436099 
 ** WARNING ** EPW N17_direct_normal_illuminance < 0 lux [corrected]: month 8, day 7, hour 6, value -14.259524 
 ** WARNING ** EPW N17_direct_normal_illuminance < 0 lux [corrected]: month 8, day 7, hour 20, value -3.8623202 
 ** WARNING ** EPW N17_direct_normal_illuminance < 0 lux [corrected]: month 8, day 8, hour 5, value -0.011832002 
 ** WARNING ** EPW N17_direct_normal_illuminance < 0 lux [corrected]: month 8, day 8, hour 6, value -15.64061 
 ** WARNING ** EPW N17_direct_normal_illuminance < 0 lux [corrected]: month 8, day 8, hour 19, value -4.362695 
 ** WARNING ** EPW N17_direct_normal_illuminance < 0 lux [corrected]: month 8, day 8, hour 20, value -0.656196 
 ** WARNING ** EPW N17_direct_normal_illuminance < 0 lux [corrected]: month 8, day 9, hour 5, value -0.0047654137 
 ** WARNING ** EPW N17_direct_normal_illuminance < 0 lux [corrected]: month 8, day 9, hour 6, value -17.915556 
 ** WARNING ** EPW N17_direct_normal_illuminance < 0 lux [corrected]: month 8, day 9, hour 19, value -4.193667 
 ** WARNING ** EPW N17_direct_normal_illuminance < 0 lux [corrected]: month 8, day 9, hour 20, value -0.06429998 
 ** WARNING ** EPW N17_direct_normal_illuminance < 0 lux [corrected]: month 8, day 10, hour 6, value -4.4186716 
 ** WARNING ** EPW N17_direct_normal_illuminance < 0 lux [corrected]: month 8, day 10, hour 20, value -1.3785492 
 ** WARNING ** EPW N17_direct_normal_illuminance < 0 lux [corrected]: month 8, day 11, hour 5, value -0.00105312 
 ** WARNING ** EPW N17_direct_normal_illuminance < 0 lux [corrected]: month 8, day 11, hour 6, value -63.391796 
 ** WARNING ** EPW N17_direct_normal_illuminance < 0 lux [corrected]: month 8, day 11, hour 19, value -19.450686 
 ** WARNING ** EPW N17_direct_normal_illuminance < 0 lux [corrected]: month 8, day 11, hour 20, value -1.1071537 
 ** WARNING ** EPW N17_direct_normal_illuminance < 0 lux [corrected]: month 8, day 12, hour 6, value -4.1709266 
 ** WARNING ** EPW N17_direct_normal_illuminance < 0 lux [corrected]: month 8, day 12, hour 19, value -26.001818 
 ** WARNING ** EPW N17_direct_normal_illuminance < 0 lux [corrected]: month 8, day 12, hour 20, value -0.05792694 
 ** WARNING ** EPW N17_direct_normal_illuminance < 0 lux [corrected]: month 8, day 13, hour 6, value -4.601803 
 ** WARNING ** EPW N17_direct_normal_illuminance < 0 lux [corrected]: month 8, day 13, hour 19, value -25.94481 
 ** WARNING ** EPW N17_direct_normal_illuminance < 0 lux [corrected]: month 8, day 13, hour 20, value -0.0043890807 
 ** WARNING ** EPW N17_direct_normal_illuminance < 0 lux [corrected]: month 8, day 14, hour 6, value -4.16545 
 ** WARNING ** EPW N17_direct_normal_illuminance < 0 lux [corrected]: month 8, day 14, hour 19, value -28.022438 
 ** WARNING ** EPW N17_direct_normal_illuminance < 0 lux [corrected]: month 8, day 15, hour 6, value -4.6269274 
 ** WARNING ** EPW N17_direct_normal_illuminance < 0 lux [corrected]: month 8, day 15, hour 20, value -0.0048848954 
 ** WARNING ** EPW N17_direct_normal_illuminance < 0 lux [corrected]: month 8, day 16, hour 6, value -101.649055 
 ** WARNING ** EPW N17_direct_normal_illuminance < 0 lux [corrected]: month 8, day 17, hour 6, value -32.397278 
 ** WARNING ** EPW N17_direct_normal_illuminance < 0 lux [corrected]: month 8, day 18, hour 6, value -110.94094 
 ** WARNING ** EPW N17_direct_normal_illuminance < 0 lux [corrected]: month 8, day 19, hour 6, value -123.95935 
 ** WARNING ** EPW N17_direct_normal_illuminance < 0 lux [corrected]: month 8, day 20, hour 6, value -23.912308 
 ** WARNING ** EPW N17_direct_normal_illuminance < 0 lux [corrected]: month 8, day 20, hour 19, value -36.933125 
 ** WARNING ** EPW N17_direct_normal_illuminance < 0 lux [corrected]: month 8, day 21, hour 6, value -121.12804 
 ** WARNING ** EPW N17_direct_normal_illuminance < 0 lux [corrected]: month 8, day 22, hour 6, value -129.57695 
 ** WARNING ** EPW N17_direct_normal_illuminance < 0 lux [corrected]: month 8, day 22, hour 19, value -30.591074 
 ** WARNING ** EPW N17_direct_normal_illuminance < 0 lux [corrected]: month 8, day 23, hour 6, value -5.089789 
 ** WARNING ** EPW N17_direct_normal_illuminance < 0 lux [corrected]: month 8, day 23, hour 19, value -206.77257 
 ** WARNING ** EPW N17_direct_normal_illuminance < 0 lux [corrected]: month 8, day 24, hour 6, value -19.703371 
 ** WARNING ** EPW N17_direct_normal_illuminance < 0 lux [corrected]: month 8, day 24, hour 19, value -32.53543 
 ** WARNING ** EPW N17_direct_normal_illuminance < 0 lux [corrected]: month 8, day 25, hour 6, value -20.742102 
 ** WARNING ** EPW N17_direct_normal_illuminance < 0 lux [corrected]: month 8, day 25, hour 19, value -27.697155 
 ** WARNING ** EPW N17_direct_normal_illuminance < 0 lux [corrected]: month 8, day 26, hour 6, value -87.78998 
 ** WARNING ** EPW N17_direct_normal_illuminance < 0 lux [corrected]: month 8, day 26, hour 19, value -22.439463 
 ** WARNING ** EPW N17_direct_normal_illuminance < 0 lux [corrected]: month 8, day 27, hour 6, value -66.35042 
 ** WARNING ** EPW N17_direct_normal_illuminance < 0 lux [corrected]: month 8, day 27, hour 19, value -24.542564 
 ** WARNING ** EPW N17_direct_normal_illuminance < 0 lux [corrected]: month 8, day 28, hour 6, value -66.18068 
 ** WARNING ** EPW N17_direct_normal_illuminance < 0 lux [corrected]: month 8, day 28, hour 19, value -129.6647 
 ** WARNING ** EPW N17_direct_normal_illuminance < 0 lux [corrected]: month 8, day 29, hour 6, value -2.7567174 
 ** WARNING ** EPW N17_direct_normal_illuminance < 0 lux [corrected]: month 8, day 29, hour 19, value -14.730579 
 ** WARNING ** EPW N17_direct_normal_illuminance < 0 lux [corrected]: month 8, day 30, hour 6, value -59.3722 
 ** WARNING ** EPW N17_direct_normal_illuminance < 0 lux [corrected]: month 8, day 30, hour 19, value -9.905323 
 ** WARNING ** EPW N17_direct_normal_illuminance < 0 lux [corrected]: month 8, day 31, hour 6, value -8.510402 
 ** WARNING ** EPW N17_direct_normal_illuminance < 0 lux [corrected]: month 8, day 31, hour 19, value -10.028983 
 ** WARNING ** EPW N17_direct_normal_illuminance < 0 lux [corrected]: month 9, day 1, hour 6, value -30.65436 
 ** WARNING ** EPW N17_direct_normal_illuminance < 0 lux [corrected]: month 9, day 1, hour 19, value -7.2638354 
 ** WARNING ** EPW N17_direct_normal_illuminance < 0 lux [corrected]: month 9, day 2, hour 6, value -6.2355223 
 ** WARNING ** EPW N17_direct_normal_illuminance < 0 lux [corrected]: month 9, day 2, hour 18, value -0.87924874 
 ** WARNING ** EPW N17_direct_normal_illuminance < 0 lux [corrected]: month 9, day 2, hour 19, value -0.7465112 
 ** WARNING ** EPW N17_direct_normal_illuminance < 0 lux [corrected]: month 9, day 3, hour 6, value -1.1711379 
 ** WARNING ** EPW N17_direct_normal_illuminance < 0 lux [corrected]: month 9, day 3, hour 19, value -46.877594 
 ** WARNING ** EPW N17_direct_normal_illuminance < 0 lux [corrected]: month 9, day 4, hour 6, value -5.2219954 
 ** WARNING ** EPW N17_direct_normal_illuminance < 0 lux [corrected]: month 9, day 4, hour 19, value -28.471172 
 ** WARNING ** EPW N17_direct_normal_illuminance < 0 lux [corrected]: month 9, day 5, hour 6, value -3.225062 
 ** WARNING ** EPW N17_direct_normal_illuminance < 0 lux [corrected]: month 9, day 5, hour 19, value -20.07098 
 ** WARNING ** EPW N17_direct_normal_illuminance < 0 lux [corrected]: month 9, day 6, hour 6, value -11.404777 
 ** WARNING ** EPW N17_direct_normal_illuminance < 0 lux [corrected]: month 9, day 6, hour 19, value -12.926374 
 ** WARNING ** EPW N17_direct_normal_illuminance < 0 lux [corrected]: month 9, day 7, hour 6, value -2.8093796 
 ** WARNING ** EPW N17_direct_normal_illuminance < 0 lux [corrected]: month 9, day 7, hour 19, value -1.3914146 
 ** WARNING ** EPW N17_direct_normal_illuminance < 0 lux [corrected]: month 9, day 8, hour 6, value -1.2787632 
 ** WARNING ** EPW N17_direct_normal_illuminance < 0 lux [corrected]: month 9, day 8, hour 18, value -1.6437852 
 ** WARNING ** EPW N17_direct_normal_illuminance < 0 lux [corrected]: month 9, day 8, hour 19, value -0.30028838 
 ** WARNING ** EPW N17_direct_normal_illuminance < 0 lux [corrected]: month 9, day 9, hour 6, value -1.2630813 
 ** WARNING ** EPW N17_direct_normal_illuminance < 0 lux [corrected]: month 9, day 9, hour 19, value -0.730281 
 ** WARNING ** EPW N17_direct_normal_illuminance < 0 lux [corrected]: month 9, day 10, hour 6, value -0.988127 
 ** WARNING ** EPW N17_direct_normal_illuminance < 0 lux [corrected]: month 9, day 10, hour 18, value -19.325588 
 ** WARNING ** EPW N17_direct_normal_illuminance < 0 lux [corrected]: month 9, day 10, hour 19, value -0.032111753 
 ** WARNING ** EPW N17_direct_normal_illuminance < 0 lux [corrected]: month 9, day 11, hour 6, value -0.40149787 
 ** WARNING ** EPW N17_direct_normal_illuminance < 0 lux [corrected]: month 9, day 11, hour 7, value -1.875368 
 ** WARNING ** EPW N17_direct_normal_illuminance < 0 lux [corrected]: month 9, day 11, hour 18, value -30.16705 
 ** WARNING ** EPW N17_direct_normal_illuminance < 0 lux [corrected]: month 9, day 11, hour 19, value -0.001424067 
 ** WARNING ** EPW N17_direct_normal_illuminance < 0 lux [corrected]: month 9, day 12, hour 6, value -0.29216972 
 ** WARNING ** EPW N17_direct_normal_illuminance < 0 lux [corrected]: month 9, day 12, hour 7, value -2.6693716 
 ** WARNING ** EPW N17_direct_normal_illuminance < 0 lux [corrected]: month 9, day 12, hour 19, value -0.0026730034 
 ** WARNING ** EPW N17_direct_normal_illuminance < 0 lux [corrected]: month 9, day 13, hour 6, value -1.621956 
 ** WARNING ** EPW N17_direct_normal_illuminance < 0 lux [corrected]: month 9, day 13, hour 19, value -0.0010479463 
 ** WARNING ** EPW N17_direct_normal_illuminance < 0 lux [corrected]: month 9, day 14, hour 6, value -0.482404 
 ** WARNING ** EPW N17_direct_normal_illuminance < 0 lux [corrected]: month 9, day 15, hour 6, value -0.46479425 
 ** WARNING ** EPW N17_direct_normal_illuminance < 0 lux [corrected]: month 9, day 16, hour 6, value -0.087186284 
 ** WARNING ** EPW N17_direct_normal_illuminance < 0 lux [corrected]: month 9, day 17, hour 6, value -0.0449402 
 ** WARNING ** EPW N17_direct_normal_illuminance < 0 lux [corrected]: month 9, day 18, hour 6, value -0.036278863 
 ** WARNING ** EPW N17_direct_normal_illuminance < 0 lux [corrected]: month 9, day 18, hour 18, value -52.20999 
 ** WARNING ** EPW N17_direct_normal_illuminance < 0 lux [corrected]: month 9, day 19, hour 6, value -0.0016799591 
 ** WARNING ** EPW N17_direct_normal_illuminance < 0 lux [corrected]: month 9, day 19, hour 7, value -20.320995 
 ** WARNING ** EPW N17_direct_normal_illuminance < 0 lux [corrected]: month 9, day 19, hour 18, value -7.9069324 
 ** WARNING ** EPW N17_direct_normal_illuminance < 0 lux [corrected]: month 9, day 20, hour 6, value -9.860009E-4 
 ** WARNING ** EPW N17_direct_normal_illuminance < 0 lux [corrected]: month 9, day 20, hour 7, value -47.34984 
 ** WARNING ** EPW N17_direct_normal_illuminance < 0 lux [corrected]: month 9, day 20, hour 18, value -48.42731 
 ** WARNING ** EPW N17_direct_normal_illuminance < 0 lux [corrected]: month 9, day 21, hour 7, value -25.204462 
 ** WARNING ** EPW N17_direct_normal_illuminance < 0 lux [corrected]: month 9, day 22, hour 7, value -27.007484 
 ** WARNING ** EPW N17_direct_normal_illuminance < 0 lux [corrected]: month 9, day 22, hour 18, value -34.488716 
 ** WARNING ** EPW N17_direct_normal_illuminance < 0 lux [corrected]: month 9, day 23, hour 7, value -25.786072 
 ** WARNING ** EPW N17_direct_normal_illuminance < 0 lux [corrected]: month 9, day 23, hour 18, value -31.812273 
 ** WARNING ** EPW N17_direct_normal_illuminance < 0 lux [corrected]: month 9, day 24, hour 7, value -4.96467 
 ** WARNING ** EPW N17_direct_normal_illuminance < 0 lux [corrected]: month 9, day 24, hour 18, value -26.925163 
 ** WARNING ** EPW N17_direct_normal_illuminance < 0 lux [corrected]: month 9, day 25, hour 7, value -31.06004 
 ** WARNING ** EPW N17_direct_normal_illuminance < 0 lux [corrected]: month 9, day 26, hour 7, value -26.84676 
 ** WARNING ** EPW N17_direct_normal_illuminance < 0 lux [corrected]: month 9, day 26, hour 18, value -1.9726408 
 ** WARNING ** EPW N17_direct_normal_illuminance < 0 lux [corrected]: month 9, day 27, hour 7, value -191.0671 
 ** WARNING ** EPW N17_direct_normal_illuminance < 0 lux [corrected]: month 9, day 27, hour 18, value -116.85209 
 ** WARNING ** EPW N17_direct_normal_illuminance < 0 lux [corrected]: month 9, day 28, hour 7, value -33.602856 
 ** WARNING ** EPW N17_direct_normal_illuminance < 0 lux [corrected]: month 9, day 28, hour 18, value -1.6535743 
 ** WARNING ** EPW N17_direct_normal_illuminance < 0 lux [corrected]: month 9, day 29, hour 7, value -6.447834 
 ** WARNING ** EPW N17_direct_normal_illuminance < 0 lux [corrected]: month 9, day 29, hour 17, value -2.3730237 
 ** WARNING ** EPW N17_direct_normal_illuminance < 0 lux [corrected]: month 9, day 29, hour 18, value -0.6314895 
 ** WARNING ** EPW N17_direct_normal_illuminance < 0 lux [corrected]: month 9, day 30, hour 7, value -40.13827 
 ** WARNING ** EPW N17_direct_normal_illuminance < 0 lux [corrected]: month 9, day 30, hour 17, value -1.5732913 
 ** WARNING ** EPW N17_direct_normal_illuminance < 0 lux [corrected]: month 9, day 30, hour 18, value -0.49599636 
 ** WARNING ** EPW N17_direct_normal_illuminance < 0 lux [corrected]: month 10, day 1, hour 18, value -73.32612 
 ** WARNING ** EPW N17_direct_normal_illuminance < 0 lux [corrected]: month 10, day 2, hour 7, value -219.93968 
 ** WARNING ** EPW N17_direct_normal_illuminance < 0 lux [corrected]: month 10, day 2, hour 18, value -3.6859152 
 ** WARNING ** EPW N17_direct_normal_illuminance < 0 lux [corrected]: month 10, day 3, hour 7, value -29.179611 
 ** WARNING ** EPW N17_direct_normal_illuminance < 0 lux [corrected]: month 10, day 3, hour 18, value -1.2699016 
 ** WARNING ** EPW N17_direct_normal_illuminance < 0 lux [corrected]: month 10, day 4, hour 7, value -4.537685 
 ** WARNING ** EPW N17_direct_normal_illuminance < 0 lux [corrected]: month 10, day 4, hour 17, value -1.5517882 
 ** WARNING ** EPW N17_direct_normal_illuminance < 0 lux [corrected]: month 10, day 4, hour 18, value -2.5061195 
 ** WARNING ** EPW N17_direct_normal_illuminance < 0 lux [corrected]: month 10, day 5, hour 7, value -26.157036 
 ** WARNING ** EPW N17_direct_normal_illuminance < 0 lux [corrected]: month 10, day 5, hour 17, value -6.1024637 
 ** WARNING ** EPW N17_direct_normal_illuminance < 0 lux [corrected]: month 10, day 5, hour 18, value -0.03162861 
 ** WARNING ** EPW N17_direct_normal_illuminance < 0 lux [corrected]: month 10, day 6, hour 7, value -19.270618 
 ** WARNING ** EPW N17_direct_normal_illuminance < 0 lux [corrected]: month 10, day 6, hour 18, value -2.347965 
 ** WARNING ** EPW N17_direct_normal_illuminance < 0 lux [corrected]: month 10, day 7, hour 7, value -2.5413117 
 ** WARNING ** EPW N17_direct_normal_illuminance < 0 lux [corrected]: month 10, day 7, hour 17, value -7.18469 
 ** WARNING ** EPW N17_direct_normal_illuminance < 0 lux [corrected]: month 10, day 7, hour 18, value -0.0052509094 
 ** WARNING ** EPW N17_direct_normal_illuminance < 0 lux [corrected]: month 10, day 8, hour 7, value -120.61452 
 ** WARNING ** EPW N17_direct_normal_illuminance < 0 lux [corrected]: month 10, day 8, hour 18, value -0.07020933 
 ** WARNING ** EPW N17_direct_normal_illuminance < 0 lux [corrected]: month 10, day 9, hour 7, value -15.166718 
 ** WARNING ** EPW N17_direct_normal_illuminance < 0 lux [corrected]: month 10, day 9, hour 17, value -7.4148355 
 ** WARNING ** EPW N17_direct_normal_illuminance < 0 lux [corrected]: month 10, day 9, hour 18, value -5.410956E-4 
 ** WARNING ** EPW N17_direct_normal_illuminance < 0 lux [corrected]: month 10, day 10, hour 7, value -2.1879075 
 ** WARNING ** EPW N17_direct_normal_illuminance < 0 lux [corrected]: month 10, day 10, hour 8, value -0.0010799519 
 ** WARNING ** EPW N17_direct_normal_illuminance < 0 lux [corrected]: month 10, day 10, hour 17, value -7.141189 
 ** WARNING ** EPW N17_direct_normal_illuminance < 0 lux [corrected]: month 10, day 11, hour 7, value -57.710728 
 ** WARNING ** EPW N17_direct_normal_illuminance < 0 lux [corrected]: month 10, day 12, hour 7, value -61.788788 
 ** WARNING ** EPW N17_direct_normal_illuminance < 0 lux [corrected]: month 10, day 13, hour 7, value -18.0504 
 ** WARNING ** EPW N17_direct_normal_illuminance < 0 lux [corrected]: month 10, day 13, hour 17, value -162.10344 
 ** WARNING ** EPW N17_direct_normal_illuminance < 0 lux [corrected]: month 10, day 14, hour 7, value -40.096653 
 ** WARNING ** EPW N17_direct_normal_illuminance < 0 lux [corrected]: month 10, day 14, hour 17, value -9.242415 
 ** WARNING ** EPW N17_direct_normal_illuminance < 0 lux [corrected]: month 10, day 15, hour 7, value -10.880487 
 ** WARNING ** EPW N17_direct_normal_illuminance < 0 lux [corrected]: month 10, day 15, hour 17, value -9.215859 
 ** WARNING ** EPW N17_direct_normal_illuminance < 0 lux [corrected]: month 10, day 16, hour 7, value -10.358737 
 ** WARNING ** EPW N17_direct_normal_illuminance < 0 lux [corrected]: month 10, day 16, hour 17, value -11.078497 
 ** WARNING ** EPW N17_direct_normal_illuminance < 0 lux [corrected]: month 10, day 17, hour 7, value -13.157699 
 ** WARNING ** EPW N17_direct_normal_illuminance < 0 lux [corrected]: month 10, day 18, hour 7, value -6.820406 
 ** WARNING ** EPW N17_direct_normal_illuminance < 0 lux [corrected]: month 10, day 18, hour 17, value -63.0029 
 ** WARNING ** EPW N17_direct_normal_illuminance < 0 lux [corrected]: month 10, day 19, hour 7, value -6.381492 
 ** WARNING ** EPW N17_direct_normal_illuminance < 0 lux [corrected]: month 10, day 19, hour 17, value -58.386593 
 ** WARNING ** EPW N17_direct_normal_illuminance < 0 lux [corrected]: month 10, day 20, hour 7, value -0.57620335 
 ** WARNING ** EPW N17_direct_normal_illuminance < 0 lux [corrected]: month 10, day 20, hour 8, value -20.143936 
 ** WARNING ** EPW N17_direct_normal_illuminance < 0 lux [corrected]: month 10, day 20, hour 17, value -6.8239627 
 ** WARNING ** EPW N17_direct_normal_illuminance < 0 lux [corrected]: month 10, day 21, hour 7, value -0.404924 
 ** WARNING ** EPW N17_direct_normal_illuminance < 0 lux [corrected]: month 10, day 21, hour 8, value -25.15116 
 ** WARNING ** EPW N17_direct_normal_illuminance < 0 lux [corrected]: month 10, day 21, hour 17, value -116.764404 
 ** WARNING ** EPW N17_direct_normal_illuminance < 0 lux [corrected]: month 10, day 22, hour 7, value -0.26160324 
 ** WARNING ** EPW N17_direct_normal_illuminance < 0 lux [corrected]: month 10, day 23, hour 7, value -0.03423297 
 ** WARNING ** EPW N17_direct_normal_illuminance < 0 lux [corrected]: month 10, day 23, hour 8, value -28.630444 
 ** WARNING ** EPW N17_direct_normal_illuminance < 0 lux [corrected]: month 10, day 23, hour 17, value -3.548222 
 ** WARNING ** EPW N17_direct_normal_illuminance < 0 lux [corrected]: month 10, day 24, hour 7, value -0.08622031 
 ** WARNING ** EPW N17_direct_normal_illuminance < 0 lux [corrected]: month 10, day 25, hour 7, value -0.012038205 
 ** WARNING ** EPW N17_direct_normal_illuminance < 0 lux [corrected]: month 10, day 26, hour 8, value -7.770017 
 ** WARNING ** EPW N17_direct_normal_illuminance < 0 lux [corrected]: month 10, day 26, hour 16, value -1.2410587 
 ** WARNING ** EPW N17_direct_normal_illuminance < 0 lux [corrected]: month 10, day 26, hour 17, value -2.0204978 
 ** WARNING ** EPW N17_direct_normal_illuminance < 0 lux [corrected]: month 10, day 27, hour 8, value -9.776776 
 ** WARNING ** EPW N17_direct_normal_illuminance < 0 lux [corrected]: month 10, day 27, hour 16, value -3.360808 
 ** WARNING ** EPW N17_direct_normal_illuminance < 0 lux [corrected]: month 10, day 27, hour 17, value -13.527477 
 ** WARNING ** EPW N17_direct_normal_illuminance < 0 lux [corrected]: month 10, day 28, hour 17, value -142.95035 
 ** WARNING ** EPW N17_direct_normal_illuminance < 0 lux [corrected]: month 10, day 29, hour 8, value -143.11479 
 ** WARNING ** EPW N17_direct_normal_illuminance < 0 lux [corrected]: month 10, day 29, hour 17, value -7.752379 
 ** WARNING ** EPW N17_direct_normal_illuminance < 0 lux [corrected]: month 10, day 30, hour 8, value -10.151792 
 ** WARNING ** EPW N17_direct_normal_illuminance < 0 lux [corrected]: month 10, day 30, hour 16, value -4.9575825 
 ** WARNING ** EPW N17_direct_normal_illuminance < 0 lux [corrected]: month 10, day 30, hour 17, value -0.5256082 
 ** WARNING ** EPW N17_direct_normal_illuminance < 0 lux [corrected]: month 10, day 31, hour 8, value -9.909684 
 ** WARNING ** EPW N17_direct_normal_illuminance < 0 lux [corrected]: month 10, day 31, hour 16, value -6.248182 
 ** WARNING ** EPW N17_direct_normal_illuminance < 0 lux [corrected]: month 10, day 31, hour 17, value -0.41107208 
 ** WARNING ** EPW N17_direct_normal_illuminance < 0 lux [corrected]: month 11, day 1, hour 8, value -61.32699 
 ** WARNING ** EPW N17_direct_normal_illuminance < 0 lux [corrected]: month 11, day 1, hour 16, value -6.4692626 
 ** WARNING ** EPW N17_direct_normal_illuminance < 0 lux [corrected]: month 11, day 1, hour 17, value -1.5404737 
 ** WARNING ** EPW N17_direct_normal_illuminance < 0 lux [corrected]: month 11, day 2, hour 16, value -4.6917977 
 ** WARNING ** EPW N17_direct_normal_illuminance < 0 lux [corrected]: month 11, day 2, hour 17, value -18.686525 
 ** WARNING ** EPW N17_direct_normal_illuminance < 0 lux [corrected]: month 11, day 3, hour 17, value -8.350777 
 ** WARNING ** EPW N17_direct_normal_illuminance < 0 lux [corrected]: month 11, day 4, hour 17, value -8.111309 
 ** WARNING ** EPW N17_direct_normal_illuminance < 0 lux [corrected]: month 11, day 5, hour 17, value -4.008064 
 ** WARNING ** EPW N17_direct_normal_illuminance < 0 lux [corrected]: month 11, day 6, hour 17, value -0.040441476 
 ** WARNING ** EPW N17_direct_normal_illuminance < 0 lux [corrected]: month 11, day 7, hour 8, value -48.77103 
 ** WARNING ** EPW N17_direct_normal_illuminance < 0 lux [corrected]: month 11, day 7, hour 16, value -70.451904 
 ** WARNING ** EPW N17_direct_normal_illuminance < 0 lux [corrected]: month 11, day 7, hour 17, value -0.017930094 
 ** WARNING ** EPW N17_direct_normal_illuminance < 0 lux [corrected]: month 11, day 8, hour 8, value -49.063847 
 ** WARNING ** EPW N17_direct_normal_illuminance < 0 lux [corrected]: month 11, day 8, hour 16, value -90.313805 
 ** WARNING ** EPW N17_direct_normal_illuminance < 0 lux [corrected]: month 11, day 8, hour 17, value -0.0149131045 
 ** WARNING ** EPW N17_direct_normal_illuminance < 0 lux [corrected]: month 11, day 9, hour 8, value -51.57242 
 ** WARNING ** EPW N17_direct_normal_illuminance < 0 lux [corrected]: month 11, day 9, hour 16, value -94.33004 
 ** WARNING ** EPW N17_direct_normal_illuminance < 0 lux [corrected]: month 11, day 10, hour 8, value -16.667978 
 ** WARNING ** EPW N17_direct_normal_illuminance < 0 lux [corrected]: month 11, day 10, hour 16, value -12.624384 
 ** WARNING ** EPW N17_direct_normal_illuminance < 0 lux [corrected]: month 11, day 11, hour 8, value -31.7595 
 ** WARNING ** EPW N17_direct_normal_illuminance < 0 lux [corrected]: month 11, day 11, hour 9, value -2.0807695 
 ** WARNING ** EPW N17_direct_normal_illuminance < 0 lux [corrected]: month 11, day 11, hour 16, value -111.54643 
 ** WARNING ** EPW N17_direct_normal_illuminance < 0 lux [corrected]: month 11, day 12, hour 8, value -23.3634 
 ** WARNING ** EPW N17_direct_normal_illuminance < 0 lux [corrected]: month 11, day 12, hour 16, value -116.802315 
 ** WARNING ** EPW N17_direct_normal_illuminance < 0 lux [corrected]: month 11, day 13, hour 8, value -27.324865 
 ** WARNING ** EPW N17_direct_normal_illuminance < 0 lux [corrected]: month 11, day 13, hour 16, value -123.60041 
 ** WARNING ** EPW N17_direct_normal_illuminance < 0 lux [corrected]: month 11, day 14, hour 8, value -2.786486 
 ** WARNING ** EPW N17_direct_normal_illuminance < 0 lux [corrected]: month 11, day 14, hour 9, value -3.9888246 
 ** WARNING ** EPW N17_direct_normal_illuminance < 0 lux [corrected]: month 11, day 14, hour 16, value -131.10239 
 ** WARNING ** EPW N17_direct_normal_illuminance < 0 lux [corrected]: month 11, day 15, hour 8, value -18.135977 
 ** WARNING ** EPW N17_direct_normal_illuminance < 0 lux [corrected]: month 11, day 15, hour 16, value -122.9302 
 ** WARNING ** EPW N17_direct_normal_illuminance < 0 lux [corrected]: month 11, day 16, hour 8, value -27.773985 
 ** WARNING ** EPW N17_direct_normal_illuminance < 0 lux [corrected]: month 11, day 16, hour 16, value -14.811013 
 ** WARNING ** EPW N17_direct_normal_illuminance < 0 lux [corrected]: month 11, day 17, hour 8, value -7.101718 
 ** WARNING ** EPW N17_direct_normal_illuminance < 0 lux [corrected]: month 11, day 18, hour 8, value -86.17841 
 ** WARNING ** EPW N17_direct_normal_illuminance < 0 lux [corrected]: month 11, day 19, hour 8, value -34.195114 
 ** WARNING ** EPW N17_direct_normal_illuminance < 0 lux [corrected]: month 11, day 20, hour 8, value -35.143974 
 ** WARNING ** EPW N17_direct_normal_illuminance < 0 lux [corrected]: month 11, day 20, hour 16, value -168.20866 
 ** WARNING ** EPW N17_direct_normal_illuminance < 0 lux [corrected]: month 11, day 21, hour 8, value -2.8983195 
 ** WARNING ** EPW N17_direct_normal_illuminance < 0 lux [corrected]: month 11, day 21, hour 9, value -30.023617 
 ** WARNING ** EPW N17_direct_normal_illuminance < 0 lux [corrected]: month 11, day 21, hour 16, value -155.46642 
 ** WARNING ** EPW N17_direct_normal_illuminance < 0 lux [corrected]: month 11, day 22, hour 8, value -1.0144775 
 ** WARNING ** EPW N17_direct_normal_illuminance < 0 lux [corrected]: month 11, day 22, hour 9, value -53.513096 
 ** WARNING ** EPW N17_direct_normal_illuminance < 0 lux [corrected]: month 11, day 22, hour 16, value -142.4962 
 ** WARNING ** EPW N17_direct_normal_illuminance < 0 lux [corrected]: month 11, day 23, hour 8, value -0.9817658 
 ** WARNING ** EPW N17_direct_normal_illuminance < 0 lux [corrected]: month 11, day 23, hour 9, value -50.070637 
 ** WARNING ** EPW N17_direct_normal_illuminance < 0 lux [corrected]: month 11, day 23, hour 15, value -0.23500502 
 ** WARNING ** EPW N17_direct_normal_illuminance < 0 lux [corrected]: month 11, day 23, hour 16, value -152.7341 
 ** WARNING ** EPW N17_direct_normal_illuminance < 0 lux [corrected]: month 11, day 24, hour 8, value -0.2147172 
 ** WARNING ** EPW N17_direct_normal_illuminance < 0 lux [corrected]: month 11, day 24, hour 9, value -66.862274 
 ** WARNING ** EPW N17_direct_normal_illuminance < 0 lux [corrected]: month 11, day 24, hour 16, value -14.206558 
 ** WARNING ** EPW N17_direct_normal_illuminance < 0 lux [corrected]: month 11, day 25, hour 8, value -0.12991756 
 ** WARNING ** EPW N17_direct_normal_illuminance < 0 lux [corrected]: month 11, day 25, hour 9, value -74.63523 
 ** WARNING ** EPW N17_direct_normal_illuminance < 0 lux [corrected]: month 11, day 25, hour 16, value -145.44087 
 ** WARNING ** EPW N17_direct_normal_illuminance < 0 lux [corrected]: month 11, day 26, hour 8, value -0.018511321 
 ** WARNING ** EPW N17_direct_normal_illuminance < 0 lux [corrected]: month 11, day 26, hour 9, value -10.490803 
 ** WARNING ** EPW N17_direct_normal_illuminance < 0 lux [corrected]: month 11, day 27, hour 8, value -0.0078446595 
 ** WARNING ** EPW N17_direct_normal_illuminance < 0 lux [corrected]: month 11, day 27, hour 9, value -83.51027 
 ** WARNING ** EPW N17_direct_normal_illuminance < 0 lux [corrected]: month 11, day 28, hour 8, value -0.0050233267 
 ** WARNING ** EPW N17_direct_normal_illuminance < 0 lux [corrected]: month 11, day 28, hour 9, value -85.64468 
 ** WARNING ** EPW N17_direct_normal_illuminance < 0 lux [corrected]: month 11, day 28, hour 16, value -102.765434 
 ** WARNING ** EPW N17_direct_normal_illuminance < 0 lux [corrected]: month 11, day 29, hour 9, value -89.56166 
 ** WARNING ** EPW N17_direct_normal_illuminance < 0 lux [corrected]: month 11, day 29, hour 16, value -102.544075 
 ** WARNING ** EPW N17_direct_normal_illuminance < 0 lux [corrected]: month 11, day 30, hour 9, value -11.016883 
 ** WARNING ** EPW N17_direct_normal_illuminance < 0 lux [corrected]: month 11, day 30, hour 16, value -103.49041 
 ** WARNING ** EPW N17_direct_normal_illuminance < 0 lux [corrected]: month 12, day 1, hour 8, value -0.002674087 
 ** WARNING ** EPW N17_direct_normal_illuminance < 0 lux [corrected]: month 12, day 2, hour 8, value -0.0011965869 
 ** WARNING ** EPW N17_direct_normal_illuminance < 0 lux [corrected]: month 12, day 2, hour 9, value -120.5053 
 ** WARNING ** EPW N8_relative_humidity > 110 % [corrected]: month 12, day 3, hour 6, value 110.008766 
 ** WARNING ** EPW N17_direct_normal_illuminance < 0 lux [corrected]: month 12, day 3, hour 8, value -6.765355E-4 
 ** WARNING ** EPW N17_direct_normal_illuminance < 0 lux [corrected]: month 12, day 3, hour 9, value -124.30704 
 ** WARNING ** EPW N8_relative_humidity > 110 % [corrected]: month 12, day 4, hour 1, value 110.05946 
 ** WARNING ** EPW N8_relative_humidity > 110 % [corrected]: month 12, day 4, hour 3, value 110.42302 
 ** WARNING ** EPW N8_relative_humidity > 110 % [corrected]: month 12, day 4, hour 4, value 110.42302 
 ** WARNING ** EPW N8_relative_humidity > 110 % [corrected]: month 12, day 4, hour 6, value 110.68411 
 ** WARNING ** EPW N8_relative_humidity > 110 % [corrected]: month 12, day 4, hour 7, value 110.56247 
 ** WARNING ** EPW N8_relative_humidity > 110 % [corrected]: month 12, day 4, hour 8, value 110.68411 
 ** WARNING ** EPW N17_direct_normal_illuminance < 0 lux [corrected]: month 12, day 5, hour 16, value -40.67596 
 ** WARNING ** EPW N17_direct_normal_illuminance < 0 lux [corrected]: month 12, day 6, hour 9, value -41.330647 
 ** WARNING ** EPW N8_relative_humidity > 110 % [corrected]: month 12, day 7, hour 5, value 110.656044 
 ** WARNING ** EPW N8_relative_humidity > 110 % [corrected]: month 12, day 7, hour 6, value 110.80542 
 ** WARNING ** EPW N8_relative_humidity > 110 % [corrected]: month 12, day 7, hour 7, value 111.06994 
 ** WARNING ** EPW N8_relative_humidity > 110 % [corrected]: month 12, day 7, hour 8, value 111.87768 
 ** WARNING ** EPW N8_relative_humidity > 110 % [corrected]: month 12, day 7, hour 9, value 110.42584 
 ** WARNING ** EPW N17_direct_normal_illuminance < 0 lux [corrected]: month 12, day 7, hour 16, value -134.154 
 ** WARNING ** EPW N17_direct_normal_illuminance < 0 lux [corrected]: month 12, day 8, hour 9, value -9.331569 
 ** WARNING ** EPW N17_direct_normal_illuminance < 0 lux [corrected]: month 12, day 8, hour 10, value -0.02505616 
 ** WARNING ** EPW N17_direct_normal_illuminance < 0 lux [corrected]: month 12, day 8, hour 15, value -6.85152 
 ** WARNING ** EPW N17_direct_normal_illuminance < 0 lux [corrected]: month 12, day 8, hour 16, value -2.9567053 
 ** WARNING ** EPW N17_direct_normal_illuminance < 0 lux [corrected]: month 12, day 9, hour 9, value -198.54073 
 ** WARNING ** EPW N17_direct_normal_illuminance < 0 lux [corrected]: month 12, day 9, hour 15, value -6.640825 
 ** WARNING ** EPW N17_direct_normal_illuminance < 0 lux [corrected]: month 12, day 9, hour 16, value -3.0027196 
 ** WARNING ** EPW N17_direct_normal_illuminance < 0 lux [corrected]: month 12, day 10, hour 9, value -45.450245 
 ** WARNING ** EPW N17_direct_normal_illuminance < 0 lux [corrected]: month 12, day 10, hour 16, value -31.71221 
 ** WARNING ** EPW N8_relative_humidity > 110 % [corrected]: month 12, day 11, hour 2, value 110.03166 
 ** WARNING ** EPW N8_relative_humidity > 110 % [corrected]: month 12, day 11, hour 6, value 110.65371 
 ** WARNING ** EPW N8_relative_humidity > 110 % [corrected]: month 12, day 11, hour 7, value 110.281685 
 ** WARNING ** EPW N8_relative_humidity > 110 % [corrected]: month 12, day 11, hour 8, value 110.281685 
 ** WARNING ** EPW N8_relative_humidity > 110 % [corrected]: month 12, day 11, hour 9, value 111.11001 
 ** WARNING ** EPW N17_direct_normal_illuminance < 0 lux [corrected]: month 12, day 11, hour 9, value -48.714306 
 ** WARNING ** EPW N17_direct_normal_illuminance < 0 lux [corrected]: month 12, day 11, hour 16, value -32.89041 
 ** WARNING ** EPW N17_direct_normal_illuminance < 0 lux [corrected]: month 12, day 12, hour 9, value -8.953352 
 ** WARNING ** EPW N17_direct_normal_illuminance < 0 lux [corrected]: month 12, day 12, hour 10, value -0.08167649 
 ** WARNING ** EPW N17_direct_normal_illuminance < 0 lux [corrected]: month 12, day 12, hour 15, value -6.234341 
 ** WARNING ** EPW N17_direct_normal_illuminance < 0 lux [corrected]: month 12, day 12, hour 16, value -34.480453 
 ** WARNING ** EPW N8_relative_humidity > 110 % [corrected]: month 12, day 13, hour 7, value 110.72716 
 ** WARNING ** EPW N17_direct_normal_illuminance < 0 lux [corrected]: month 12, day 13, hour 9, value -198.28555 
 ** WARNING ** EPW N17_direct_normal_illuminance < 0 lux [corrected]: month 12, day 13, hour 15, value -6.028467 
 ** WARNING ** EPW N17_direct_normal_illuminance < 0 lux [corrected]: month 12, day 13, hour 16, value -35.626774 
 ** WARNING ** EPW N17_direct_normal_illuminance < 0 lux [corrected]: month 12, day 14, hour 9, value -56.2505 
 ** WARNING ** EPW N17_direct_normal_illuminance < 0 lux [corrected]: month 12, day 14, hour 15, value -6.224956 
 ** WARNING ** EPW N17_direct_normal_illuminance < 0 lux [corrected]: month 12, day 14, hour 16, value -3.1136298 
 ** WARNING ** EPW N17_direct_normal_illuminance < 0 lux [corrected]: month 12, day 15, hour 9, value -7.942607 
 ** WARNING ** EPW N17_direct_normal_illuminance < 0 lux [corrected]: month 12, day 15, hour 10, value -1.519743 
 ** WARNING ** EPW N17_direct_normal_illuminance < 0 lux [corrected]: month 12, day 16, hour 9, value -123.3884 
 ** WARNING ** EPW N17_direct_normal_illuminance < 0 lux [corrected]: month 12, day 16, hour 15, value -8.478375 
 ** WARNING ** EPW N17_direct_normal_illuminance < 0 lux [corrected]: month 12, day 16, hour 16, value -35.318142 
 ** WARNING ** EPW N17_direct_normal_illuminance < 0 lux [corrected]: month 12, day 17, hour 9, value -8.769141 
 ** WARNING ** EPW N17_direct_normal_illuminance < 0 lux [corrected]: month 12, day 17, hour 10, value -1.7770532 
 ** WARNING ** EPW N17_direct_normal_illuminance < 0 lux [corrected]: month 12, day 18, hour 9, value -8.466961 
 ** WARNING ** EPW N17_direct_normal_illuminance < 0 lux [corrected]: month 12, day 18, hour 15, value -2.7211106 
 ** WARNING ** EPW N17_direct_normal_illuminance < 0 lux [corrected]: month 12, day 18, hour 16, value -3.038606 
 ** WARNING ** EPW N17_direct_normal_illuminance < 0 lux [corrected]: month 12, day 19, hour 9, value -47.556175 
 ** WARNING ** EPW N17_direct_normal_illuminance < 0 lux [corrected]: month 12, day 19, hour 15, value -6.8141365 
 ** WARNING ** EPW N17_direct_normal_illuminance < 0 lux [corrected]: month 12, day 19, hour 16, value -32.4094 
 ** WARNING ** EPW N17_direct_normal_illuminance < 0 lux [corrected]: month 12, day 20, hour 9, value -8.736986 
 ** WARNING ** EPW N17_direct_normal_illuminance < 0 lux [corrected]: month 12, day 20, hour 10, value -2.4761229 
 ** WARNING ** EPW N17_direct_normal_illuminance < 0 lux [corrected]: month 12, day 20, hour 15, value -8.851829 
 ** WARNING ** EPW N17_direct_normal_illuminance < 0 lux [corrected]: month 12, day 20, hour 16, value -34.828575 
 ** WARNING ** EPW N17_direct_normal_illuminance < 0 lux [corrected]: month 12, day 21, hour 9, value -48.22422 
 ** WARNING ** EPW N17_direct_normal_illuminance < 0 lux [corrected]: month 12, day 21, hour 15, value -5.243092 
 ** WARNING ** EPW N17_direct_normal_illuminance < 0 lux [corrected]: month 12, day 21, hour 16, value -47.91569 
 ** WARNING ** EPW N17_direct_normal_illuminance < 0 lux [corrected]: month 12, day 22, hour 9, value -8.7051735 
 ** WARNING ** EPW N17_direct_normal_illuminance < 0 lux [corrected]: month 12, day 22, hour 10, value -2.8348734 
 ** WARNING ** EPW N17_direct_normal_illuminance < 0 lux [corrected]: month 12, day 22, hour 15, value -7.464795 
 ** WARNING ** EPW N17_direct_normal_illuminance < 0 lux [corrected]: month 12, day 23, hour 9, value -39.234074 
 ** WARNING ** EPW N17_direct_normal_illuminance < 0 lux [corrected]: month 12, day 23, hour 15, value -12.569598 
 ** WARNING ** EPW N17_direct_normal_illuminance < 0 lux [corrected]: month 12, day 23, hour 16, value -3.4705055 
 ** WARNING ** EPW N17_direct_normal_illuminance < 0 lux [corrected]: month 12, day 24, hour 9, value -8.553688 
 ** WARNING ** EPW N17_direct_normal_illuminance < 0 lux [corrected]: month 12, day 24, hour 10, value -3.127327 
 ** WARNING ** EPW N17_direct_normal_illuminance < 0 lux [corrected]: month 12, day 24, hour 15, value -6.900348 
 ** WARNING ** EPW N17_direct_normal_illuminance < 0 lux [corrected]: month 12, day 24, hour 16, value -6.486249 
 ** WARNING ** EPW N17_direct_normal_illuminance < 0 lux [corrected]: month 12, day 25, hour 9, value -8.739319 
 ** WARNING ** EPW N17_direct_normal_illuminance < 0 lux [corrected]: month 12, day 25, hour 15, value -6.1519585 
 ** WARNING ** EPW N17_direct_normal_illuminance < 0 lux [corrected]: month 12, day 25, hour 16, value -45.597805 
 ** WARNING ** EPW N17_direct_normal_illuminance < 0 lux [corrected]: month 12, day 27, hour 9, value -5.328243 
 ** WARNING ** EPW N17_direct_normal_illuminance < 0 lux [corrected]: month 12, day 27, hour 10, value -3.4344697 
 ** WARNING ** EPW N17_direct_normal_illuminance < 0 lux [corrected]: month 12, day 27, hour 15, value -0.49245235 
 ** WARNING ** EPW N17_direct_normal_illuminance < 0 lux [corrected]: month 12, day 27, hour 16, value -65.258224 
 ** WARNING ** EPW N17_direct_normal_illuminance < 0 lux [corrected]: month 12, day 28, hour 9, value -5.385836 
 ** WARNING ** EPW N17_direct_normal_illuminance < 0 lux [corrected]: month 12, day 28, hour 10, value -3.3824673 
 ** WARNING ** EPW N17_direct_normal_illuminance < 0 lux [corrected]: month 12, day 28, hour 16, value -185.8747 
 ** WARNING ** EPW N17_direct_normal_illuminance < 0 lux [corrected]: month 12, day 29, hour 9, value -5.254457 
 ** WARNING ** EPW N17_direct_normal_illuminance < 0 lux [corrected]: month 12, day 29, hour 10, value -2.7891955 
 ** WARNING ** EPW N17_direct_normal_illuminance < 0 lux [corrected]: month 12, day 29, hour 15, value -5.108445 
 ** WARNING ** EPW N17_direct_normal_illuminance < 0 lux [corrected]: month 12, day 29, hour 16, value -56.151505 
 ** WARNING ** EPW N17_direct_normal_illuminance < 0 lux [corrected]: month 12, day 30, hour 9, value -161.81662 
 ** WARNING ** EPW N17_direct_normal_illuminance < 0 lux [corrected]: month 12, day 31, hour 9, value -38.43309 
 ** WARNING ** EPW N17_direct_normal_illuminance < 0 lux [corrected]: month 12, day 31, hour 10, value -2.1972516 
 ** WARNING ** EPW N17_direct_normal_illuminance < 0 lux [corrected]: month 12, day 31, hour 16, value -70.0362 
